Initialized native services in: C:\Users\omen\.gradle\native
Initialized jansi services in: C:\Users\omen\.gradle\native
Found daemon DaemonInfo{pid=18924, address=[e461ba2c-05b0-4180-ba8c-316ca8bc14f2 port:63541, addresses:[/127.0.0.1]], state=Idle, lastBusy=1757312042275, context=DefaultDaemonContext[uid=fc3f2a31-2e67-48a5-9d73-fa1f87163042,javaHome=D:\android studio\jbr,javaVersion=21,javaVendor=JetBrains s.r.o.,daemonRegistryDir=C:\Users\omen\.gradle\daemon,pid=18924,idleTimeout=10800000,priority=NORMAL,applyInstrumentationAgent=true,nativeServicesMode=ENABLED,daemonOpts=-Xmx2048m,-Dfile.encoding=UTF-8,-Duser.country=IN,-Duser.language=en,-Duser.variant]} however its context does not match the desired criteria.
JVM is incompatible.
Wanted: DaemonRequestContext{jvmCriteria=D:\JDK (no JDK specified, using current Java home), daemonOpts=[-Xmx2048m, -Dfile.encoding=UTF-8, -Duser.country=IN, -Duser.language=en, -Duser.variant], applyInstrumentationAgent=true, nativeServicesMode=ENABLED, priority=NORMAL}
Actual: DefaultDaemonContext[uid=fc3f2a31-2e67-48a5-9d73-fa1f87163042,javaHome=D:\android studio\jbr,javaVersion=21,javaVendor=JetBrains s.r.o.,daemonRegistryDir=C:\Users\omen\.gradle\daemon,pid=18924,idleTimeout=10800000,priority=NORMAL,applyInstrumentationAgent=true,nativeServicesMode=ENABLED,daemonOpts=-Xmx2048m,-Dfile.encoding=UTF-8,-Duser.country=IN,-Duser.language=en,-Duser.variant]

  Looking for a different daemon...
The client will now receive all logging from the daemon (pid: 10332). The daemon log file: C:\Users\omen\.gradle\daemon\8.13\daemon-10332.out.log
Starting 2nd build in daemon [uptime: 2 mins 47.646 secs, performance: 98%, GC rate: 0.00/s, heap usage: 0% of 2 GiB]
Using 12 worker leases.
Now considering [D:\Projects\mp7] as hierarchies to watch
Watching the file system is configured to be enabled if available
File system watching is active
Starting Build
Settings evaluated using settings file 'D:\Projects\mp7\settings.gradle.kts'.
Projects loaded. Root project using build file 'D:\Projects\mp7\build.gradle.kts'.
Included projects: [root project 'MP7', project ':app']

> Configure project :
Evaluating root project 'MP7' using build file 'D:\Projects\mp7\build.gradle.kts'.
Resolved plugin [id: 'com.android.application', version: '8.11.1', apply: false]
Resolved plugin [id: 'org.jetbrains.kotlin.android', version: '1.9.22', apply: false]
Resolved plugin [id: 'org.jetbrains.kotlin.plugin.serialization', version: '1.9.10', apply: false]

> Configure project :app
Evaluating project ':app' using build file 'D:\Projects\mp7\app\build.gradle.kts'.
Resolved plugin [id: 'com.android.application']
Resolved plugin [id: 'org.jetbrains.kotlin.android']
Resolved plugin [id: 'org.jetbrains.kotlin.plugin.serialization']
Resolved plugin [id: 'kotlin-kapt']
Using default execution profile
Using Kotlin Gradle Plugin gradle82 variant
All projects evaluated.
Task name matched 'clean'
Task name matched 'build'
Selected primary task 'clean' from project :
Selected primary task 'build' from project :
Tasks to be executed: [task ':app:clean', task ':app:preBuild', task ':app:preDebugBuild', task ':app:mergeDebugNativeDebugMetadata', task ':app:checkKotlinGradlePluginConfigurationErrors', task ':app:generateDebugBuildConfig', task ':app:checkDebugAarMetadata', task ':app:generateDebugResValues', task ':app:mapDebugSourceSetPaths', task ':app:generateDebugResources', task ':app:mergeDebugResources', task ':app:packageDebugResources', task ':app:parseDebugLocalResources', task ':app:createDebugCompatibleScreenManifests', task ':app:extractDeepLinksDebug', task ':app:processDebugMainManifest', task ':app:processDebugManifest', task ':app:processDebugManifestForPackage', task ':app:processDebugResources', task ':app:kaptGenerateStubsDebugKotlin', task ':app:kaptDebugKotlin', task ':app:compileDebugKotlin', task ':app:javaPreCompileDebug', task ':app:compileDebugJavaWithJavac', task ':app:mergeDebugShaders', task ':app:compileDebugShaders', task ':app:generateDebugAssets', task ':app:mergeDebugAssets', task ':app:compressDebugAssets', task ':app:l8DexDesugarLibDebug', task ':app:desugarDebugFileDependencies', task ':app:dexBuilderDebug', task ':app:mergeDebugGlobalSynthetics', task ':app:processDebugJavaRes', task ':app:mergeDebugJavaResource', task ':app:checkDebugDuplicateClasses', task ':app:mergeExtDexDebug', task ':app:mergeLibDexDebug', task ':app:mergeProjectDexDebug', task ':app:mergeDebugJniLibFolders', task ':app:mergeDebugNativeLibs', task ':app:stripDebugDebugSymbols', task ':app:validateSigningDebug', task ':app:writeDebugAppMetadata', task ':app:writeDebugSigningConfigVersions', task ':app:packageDebug', task ':app:createDebugApkListingFileRedirect', task ':app:assembleDebug', task ':app:preReleaseBuild', task ':app:mergeReleaseJniLibFolders', task ':app:mergeReleaseNativeLibs', task ':app:stripReleaseDebugSymbols', task ':app:extractReleaseNativeSymbolTables', task ':app:mergeReleaseNativeDebugMetadata', task ':app:mergeReleaseArtProfile', task ':app:expandReleaseL8ArtProfileWildcards', task ':app:buildKotlinToolingMetadata', task ':app:checkReleaseDuplicateClasses', task ':app:generateReleaseBuildConfig', task ':app:checkReleaseAarMetadata', task ':app:generateReleaseResValues', task ':app:mapReleaseSourceSetPaths', task ':app:generateReleaseResources', task ':app:mergeReleaseResources', task ':app:packageReleaseResources', task ':app:parseReleaseLocalResources', task ':app:createReleaseCompatibleScreenManifests', task ':app:extractDeepLinksRelease', task ':app:processReleaseMainManifest', task ':app:processReleaseManifest', task ':app:processReleaseManifestForPackage', task ':app:processReleaseResources', task ':app:kaptGenerateStubsReleaseKotlin', task ':app:kaptReleaseKotlin', task ':app:compileReleaseKotlin', task ':app:javaPreCompileRelease', task ':app:compileReleaseJavaWithJavac', task ':app:expandReleaseArtProfileWildcards', task ':app:extractProguardFiles', task ':app:mergeReleaseGeneratedProguardFiles', task ':app:processReleaseJavaRes', task ':app:mergeReleaseJavaResource', task ':app:mergeReleaseStartupProfile', task ':app:minifyReleaseWithR8', task ':app:l8DexDesugarLibRelease', task ':app:compileReleaseArtProfile', task ':app:mergeReleaseShaders', task ':app:compileReleaseShaders', task ':app:generateReleaseAssets', task ':app:mergeReleaseAssets', task ':app:compressReleaseAssets', task ':app:extractReleaseVersionControlInfo', task ':app:generateReleaseLintVitalReportModel', task ':app:lintVitalAnalyzeRelease', task ':app:lintVitalReportRelease', task ':app:lintVitalRelease', task ':app:convertShrunkResourcesToBinaryRelease', task ':app:optimizeReleaseResources', task ':app:collectReleaseDependencies', task ':app:sdkReleaseDependencyData', task ':app:writeReleaseAppMetadata', task ':app:writeReleaseSigningConfigVersions', task ':app:packageRelease', task ':app:createReleaseApkListingFileRedirect', task ':app:assembleRelease', task ':app:assemble', task ':app:bundleDebugClassesToCompileJar', task ':app:preDebugAndroidTestBuild', task ':app:generateDebugAndroidTestResValues', task ':app:generateDebugAndroidTestLintModel', task ':app:generateDebugLintReportModel', task ':app:preDebugUnitTestBuild', task ':app:generateDebugUnitTestLintModel', task ':app:lintAnalyzeDebug', task ':app:lintAnalyzeDebugAndroidTest', task ':app:lintAnalyzeDebugUnitTest', task ':app:lintReportDebug', task ':app:lintDebug', task ':app:lint', task ':app:bundleDebugClassesToRuntimeJar', task ':app:kaptGenerateStubsDebugUnitTestKotlin', task ':app:kaptDebugUnitTestKotlin', task ':app:compileDebugUnitTestKotlin', task ':app:javaPreCompileDebugUnitTest', task ':app:compileDebugUnitTestJavaWithJavac', task ':app:processDebugUnitTestJavaRes', task ':app:testDebugUnitTest', task ':app:bundleReleaseClassesToRuntimeJar', task ':app:bundleReleaseClassesToCompileJar', task ':app:kaptGenerateStubsReleaseUnitTestKotlin', task ':app:kaptReleaseUnitTestKotlin', task ':app:compileReleaseUnitTestKotlin', task ':app:preReleaseUnitTestBuild', task ':app:javaPreCompileReleaseUnitTest', task ':app:compileReleaseUnitTestJavaWithJavac', task ':app:processReleaseUnitTestJavaRes', task ':app:testReleaseUnitTest', task ':app:test', task ':app:check', task ':app:build']
Tasks that were excluded: []
Resolve mutations for :app:clean (Thread[Execution worker,5,main]) started.
:app:clean (Thread[included builds,5,main]) started.
destroyer locations for task group 0 (Thread[Execution worker,5,main]) started.

> Task :app:clean
Caching disabled for task ':app:clean' because:
  Build cache is disabled
Task ':app:clean' is not up-to-date because:
  Task has not declared any outputs despite executing actions.
Resolve mutations for :app:preBuild (Thread[included builds,5,main]) started.
:app:preBuild (Thread[included builds,5,main]) started.

> Task :app:preBuild UP-TO-DATE
Skipping task ':app:preBuild' as it has no actions.
Resolve mutations for :app:preDebugBuild (Thread[included builds,5,main]) started.
:app:preDebugBuild (Thread[included builds,5,main]) started.

> Task :app:preDebugBuild UP-TO-DATE
Skipping task ':app:preDebugBuild' as it has no actions.
Resolve mutations for :app:mergeDebugNativeDebugMetadata (Thread[included builds,5,main]) started.
:app:mergeDebugNativeDebugMetadata (Thread[included builds,5,main]) started.

> Task :app:mergeDebugNativeDebugMetadata NO-SOURCE
Skipping task ':app:mergeDebugNativeDebugMetadata' as it has no source files and no previous output files.
Resolve mutations for :app:checkKotlinGradlePluginConfigurationErrors (Thread[included builds,5,main]) started.
:app:checkKotlinGradlePluginConfigurationErrors (Thread[included builds,5,main]) started.

> Task :app:checkKotlinGradlePluginConfigurationErrors
Caching disabled for task ':app:checkKotlinGradlePluginConfigurationErrors' because:
  Build cache is disabled
Task ':app:checkKotlinGradlePluginConfigurationErrors' is not up-to-date because:
  Task has not declared any outputs despite executing actions.
Resolve mutations for :app:generateDebugBuildConfig (Thread[Execution worker Thread 7,5,main]) started.
:app:generateDebugBuildConfig (Thread[Execution worker Thread 7,5,main]) started.

> Task :app:generateDebugBuildConfig
Caching disabled for task ':app:generateDebugBuildConfig' because:
  Build cache is disabled
Task ':app:generateDebugBuildConfig' is not up-to-date because:
  Output property 'sourceOutputDir' file D:\Projects\mp7\app\build\generated\source\buildConfig\debug has been removed.
  Output property 'sourceOutputDir' file D:\Projects\mp7\app\build\generated\source\buildConfig\debug\com has been removed.
  Output property 'sourceOutputDir' file D:\Projects\mp7\app\build\generated\source\buildConfig\debug\com\lsj has been removed.
  and more...
Resolve mutations for :app:checkDebugAarMetadata (Thread[Execution worker Thread 7,5,main]) started.
:app:checkDebugAarMetadata (Thread[Execution worker Thread 7,5,main]) started.
Resolve mutations for :app:generateDebugResValues (Thread[included builds,5,main]) started.
:app:generateDebugResValues (Thread[included builds,5,main]) started.

> Task :app:generateDebugResValues
Caching disabled for task ':app:generateDebugResValues' because:
  Build cache is disabled
Task ':app:generateDebugResValues' is not up-to-date because:
  Output property 'outputDirectory' file D:\Projects\mp7\app\build\generated\res\resValues\debug has been removed.
Resolve mutations for :app:mapDebugSourceSetPaths (Thread[included builds,5,main]) started.
:app:mapDebugSourceSetPaths (Thread[included builds,5,main]) started.

> Task :app:mapDebugSourceSetPaths
Caching disabled for task ':app:mapDebugSourceSetPaths' because:
  Build cache is disabled
  Caching has been disabled for the task
Task ':app:mapDebugSourceSetPaths' is not up-to-date because:
  Output property 'filepathMappingFile' file D:\Projects\mp7\app\build\intermediates\source_set_path_map\debug\mapDebugSourceSetPaths\file-map.txt has been removed.
Resolve mutations for :app:generateDebugResources (Thread[included builds,5,main]) started.
:app:generateDebugResources (Thread[included builds,5,main]) started.

> Task :app:generateDebugResources
Caching disabled for task ':app:generateDebugResources' because:
  Build cache is disabled
Task ':app:generateDebugResources' is not up-to-date because:
  Output property 'validationReportFile' file D:\Projects\mp7\app\build\intermediates\nested_resources_validation_report\debug\generateDebugResources\nestedResourcesValidationReport.txt has been removed.
Resolve mutations for :app:mergeDebugResources (Thread[included builds,5,main]) started.
:app:mergeDebugResources (Thread[included builds,5,main]) started.

> Task :app:checkDebugAarMetadata
Caching disabled for task ':app:checkDebugAarMetadata' because:
  Build cache is disabled
  Caching has been disabled for the task
Task ':app:checkDebugAarMetadata' is not up-to-date because:
  Output property 'dummyOutputDirectory' file D:\Projects\mp7\app\build\intermediates\aar_metadata_check\debug\checkDebugAarMetadata has been removed.

> Task :app:mergeDebugResources
Caching disabled for task ':app:mergeDebugResources' because:
  Build cache is disabled
Task ':app:mergeDebugResources' is not up-to-date because:
  Output property 'blameLogOutputFolder' file D:\Projects\mp7\app\build\intermediates\merged_res_blame_folder\debug\mergeDebugResources\out has been removed.
  Output property 'blameLogOutputFolder' file D:\Projects\mp7\app\build\intermediates\merged_res_blame_folder\debug\mergeDebugResources\out\multi-v2 has been removed.
  Output property 'blameLogOutputFolder' file D:\Projects\mp7\app\build\intermediates\merged_res_blame_folder\debug\mergeDebugResources\out\multi-v2\mergeDebugResources.json has been removed.
  and more...
The input changes require a full rebuild for incremental task ':app:mergeDebugResources'.
[MergeResources] Inputs are non-incremental full task action.
Compiling XML table D:\Projects\mp7\app\build\intermediates\incremental\debug\mergeDebugResources\merged.dir\values\values.xml to D:\Projects\mp7\app\build\intermediates\merged_res\debug\mergeDebugResources\values_values.arsc.flat
Compiling XML table D:\Projects\mp7\app\build\intermediates\incremental\debug\mergeDebugResources\merged.dir\values-hi\values-hi.xml to D:\Projects\mp7\app\build\intermediates\merged_res\debug\mergeDebugResources\values-hi_values-hi.arsc.flat
Compiling XML table D:\Projects\mp7\app\build\intermediates\incremental\debug\mergeDebugResources\merged.dir\values-de\values-de.xml to D:\Projects\mp7\app\build\intermediates\merged_res\debug\mergeDebugResources\values-de_values-de.arsc.flat
Compiling XML table D:\Projects\mp7\app\build\intermediates\incremental\debug\mergeDebugResources\merged.dir\values-lo\values-lo.xml to D:\Projects\mp7\app\build\intermediates\merged_res\debug\mergeDebugResources\values-lo_values-lo.arsc.flat
Compiling XML table D:\Projects\mp7\app\build\intermediates\incremental\debug\mergeDebugResources\merged.dir\values-pt\values-pt.xml to D:\Projects\mp7\app\build\intermediates\merged_res\debug\mergeDebugResources\values-pt_values-pt.arsc.flat

Resolve mutations for :app:packageDebugResources (Thread[Execution worker Thread 7,5,main]) started.
:app:packageDebugResources (Thread[Execution worker Thread 7,5,main]) started.

> Task :app:packageDebugResources
Caching disabled for task ':app:packageDebugResources' because:
  Build cache is disabled
Task ':app:packageDebugResources' is not up-to-date because:
  Output property 'dataBindingLayoutInfoOutFolder' file D:\Projects\mp7\app\build\intermediates\data_binding_layout_info_type_package\debug\packageDebugResources\out has been removed.
  Output property 'incrementalFolder' file D:\Projects\mp7\app\build\intermediates\incremental\debug\packageDebugResources has been removed.
  Output property 'incrementalFolder' file D:\Projects\mp7\app\build\intermediates\incremental\debug\packageDebugResources\compile-file-map.properties has been removed.
  and more...
The input changes require a full rebuild for incremental task ':app:packageDebugResources'.
[MergeResources] Inputs are non-incremental full task action.
Resolve mutations for :app:parseDebugLocalResources (Thread[Execution worker Thread 7,5,main]) started.
:app:parseDebugLocalResources (Thread[Execution worker Thread 6,5,main]) started.
Resolve mutations for :app:createDebugCompatibleScreenManifests (Thread[Execution worker Thread 7,5,main]) started.
:app:createDebugCompatibleScreenManifests (Thread[Execution worker Thread 7,5,main]) started.

> Task :app:createDebugCompatibleScreenManifests
Caching disabled for task ':app:createDebugCompatibleScreenManifests' because:
  Build cache is disabled
  Caching has been disabled for the task
Task ':app:createDebugCompatibleScreenManifests' is not up-to-date because:
  Output property 'outputFolder' file D:\Projects\mp7\app\build\intermediates\compatible_screen_manifest\debug\createDebugCompatibleScreenManifests has been removed.
  Output property 'outputFolder' file D:\Projects\mp7\app\build\intermediates\compatible_screen_manifest\debug\createDebugCompatibleScreenManifests\output-metadata.json has been removed.
Resolve mutations for :app:extractDeepLinksDebug (Thread[Execution worker Thread 7,5,main]) started.
:app:extractDeepLinksDebug (Thread[Execution worker Thread 7,5,main]) started.

> Task :app:extractDeepLinksDebug
Caching disabled for task ':app:extractDeepLinksDebug' because:
  Build cache is disabled
Task ':app:extractDeepLinksDebug' is not up-to-date because:
  Output property 'navigationJson' file D:\Projects\mp7\app\build\intermediates\navigation_json\debug\extractDeepLinksDebug\navigation.json has been removed.
Resolve mutations for :app:processDebugMainManifest (Thread[Execution worker Thread 7,5,main]) started.
:app:processDebugMainManifest (Thread[Execution worker Thread 7,5,main]) started.

> Task :app:parseDebugLocalResources
Caching disabled for task ':app:parseDebugLocalResources' because:
  Build cache is disabled
Task ':app:parseDebugLocalResources' is not up-to-date because:
  Output property 'librarySymbolsFile' file D:\Projects\mp7\app\build\intermediates\local_only_symbol_list\debug\parseDebugLocalResources\R-def.txt has been removed.
The input changes require a full rebuild for incremental task ':app:parseDebugLocalResources'.

> Task :app:mergeDebugResources
Compiling XML table D:\Projects\mp7\app\build\intermediates\incremental\debug\mergeDebugResources\merged.dir\values-lt\values-lt.xml to D:\Projects\mp7\app\build\intermediates\merged_res\debug\mergeDebugResources\values-lt_values-lt.arsc.flat
Compiling XML table D:\Projects\mp7\app\build\intermediates\incremental\debug\mergeDebugResources\merged.dir\values-hu\values-hu.xml to D:\Projects\mp7\app\build\intermediates\merged_res\debug\mergeDebugResources\values-hu_values-hu.arsc.flat
Compiling XML table D:\Projects\mp7\app\build\intermediates\incremental\debug\mergeDebugResources\merged.dir\values-hr\values-hr.xml to D:\Projects\mp7\app\build\intermediates\merged_res\debug\mergeDebugResources\values-hr_values-hr.arsc.flat
Compiling XML table D:\Projects\mp7\app\build\intermediates\incremental\debug\mergeDebugResources\merged.dir\values-hy\values-hy.xml to D:\Projects\mp7\app\build\intermediates\merged_res\debug\mergeDebugResources\values-hy_values-hy.arsc.flat
Compiling XML table D:\Projects\mp7\app\build\intermediates\incremental\debug\mergeDebugResources\merged.dir\values-en-rIN\values-en-rIN.xml to D:\Projects\mp7\app\build\intermediates\merged_res\debug\mergeDebugResources\values-en-rIN_values-en-rIN.arsc.flat
Compiling XML table D:\Projects\mp7\app\build\intermediates\incremental\debug\mergeDebugResources\merged.dir\values-lv\values-lv.xml to D:\Projects\mp7\app\build\intermediates\merged_res\debug\mergeDebugResources\values-lv_values-lv.arsc.flat
Compiling XML table D:\Projects\mp7\app\build\intermediates\incremental\debug\mergeDebugResources\merged.dir\values-mr\values-mr.xml to D:\Projects\mp7\app\build\intermediates\merged_res\debug\mergeDebugResources\values-mr_values-mr.arsc.flat
Compiling XML table D:\Projects\mp7\app\build\intermediates\incremental\debug\mergeDebugResources\merged.dir\values-ml\values-ml.xml to D:\Projects\mp7\app\build\intermediates\merged_res\debug\mergeDebugResources\values-ml_values-ml.arsc.flat
Compiling XML table D:\Projects\mp7\app\build\intermediates\incremental\debug\mergeDebugResources\merged.dir\values-mn\values-mn.xml to D:\Projects\mp7\app\build\intermediates\merged_res\debug\mergeDebugResources\values-mn_values-mn.arsc.flat
Compiling XML table D:\Projects\mp7\app\build\intermediates\incremental\debug\mergeDebugResources\merged.dir\values-mk\values-mk.xml to D:\Projects\mp7\app\build\intermediates\merged_res\debug\mergeDebugResources\values-mk_values-mk.arsc.flat
Compiling XML table D:\Projects\mp7\app\build\intermediates\incremental\debug\mergeDebugResources\merged.dir\values-ms\values-ms.xml to D:\Projects\mp7\app\build\intermediates\merged_res\debug\mergeDebugResources\values-ms_values-ms.arsc.flat
Compiling XML table D:\Projects\mp7\app\build\intermediates\incremental\debug\mergeDebugResources\merged.dir\values-fr-rCA\values-fr-rCA.xml to D:\Projects\mp7\app\build\intermediates\merged_res\debug\mergeDebugResources\values-fr-rCA_values-fr-rCA.arsc.flat
Compiling XML table D:\Projects\mp7\app\build\intermediates\incremental\debug\mergeDebugResources\merged.dir\values-uz\values-uz.xml to D:\Projects\mp7\app\build\intermediates\merged_res\debug\mergeDebugResources\values-uz_values-uz.arsc.flat
Compiling XML table D:\Projects\mp7\app\build\intermediates\incremental\debug\mergeDebugResources\merged.dir\values-ur\values-ur.xml to D:\Projects\mp7\app\build\intermediates\merged_res\debug\mergeDebugResources\values-ur_values-ur.arsc.flat
Compiling XML table D:\Projects\mp7\app\build\intermediates\incremental\debug\mergeDebugResources\merged.dir\values-af\values-af.xml to D:\Projects\mp7\app\build\intermediates\merged_res\debug\mergeDebugResources\values-af_values-af.arsc.flat
Compiling XML table D:\Projects\mp7\app\build\intermediates\incremental\debug\mergeDebugResources\merged.dir\values-it\values-it.xml to D:\Projects\mp7\app\build\intermediates\merged_res\debug\mergeDebugResources\values-it_values-it.arsc.flat
Compiling XML table D:\Projects\mp7\app\build\intermediates\incremental\debug\mergeDebugResources\merged.dir\values-my\values-my.xml to D:\Projects\mp7\app\build\intermediates\merged_res\debug\mergeDebugResources\values-my_values-my.arsc.flat
Compiling XML table D:\Projects\mp7\app\build\intermediates\incremental\debug\mergeDebugResources\merged.dir\values-eu\values-eu.xml to D:\Projects\mp7\app\build\intermediates\merged_res\debug\mergeDebugResources\values-eu_values-eu.arsc.flat
Compiling XML table D:\Projects\mp7\app\build\intermediates\incremental\debug\mergeDebugResources\merged.dir\values-es\values-es.xml to D:\Projects\mp7\app\build\intermediates\merged_res\debug\mergeDebugResources\values-es_values-es.arsc.flat
Compiling XML table D:\Projects\mp7\app\build\intermediates\incremental\debug\mergeDebugResources\merged.dir\values-is\values-is.xml to D:\Projects\mp7\app\build\intermediates\merged_res\debug\mergeDebugResources\values-is_values-is.arsc.flat
Compiling XML table D:\Projects\mp7\app\build\intermediates\incremental\debug\mergeDebugResources\merged.dir\values-iw\values-iw.xml to D:\Projects\mp7\app\build\intermediates\merged_res\debug\mergeDebugResources\values-iw_values-iw.arsc.flat
Compiling XML table D:\Projects\mp7\app\build\intermediates\incremental\debug\mergeDebugResources\merged.dir\values-zu\values-zu.xml to D:\Projects\mp7\app\build\intermediates\merged_res\debug\mergeDebugResources\values-zu_values-zu.arsc.flat
Compiling XML table D:\Projects\mp7\app\build\intermediates\incremental\debug\mergeDebugResources\merged.dir\values-v24\values-v24.xml to D:\Projects\mp7\app\build\intermediates\merged_res\debug\mergeDebugResources\values-v24_values-v24.arsc.flat
Compiling XML table D:\Projects\mp7\app\build\intermediates\incremental\debug\mergeDebugResources\merged.dir\values-am\values-am.xml to D:\Projects\mp7\app\build\intermediates\merged_res\debug\mergeDebugResources\values-am_values-am.arsc.flat
Compiling XML table D:\Projects\mp7\app\build\intermediates\incremental\debug\mergeDebugResources\merged.dir\values-v21\values-v21.xml to D:\Projects\mp7\app\build\intermediates\merged_res\debug\mergeDebugResources\values-v21_values-v21.arsc.flat
Compiling XML table D:\Projects\mp7\app\build\intermediates\incremental\debug\mergeDebugResources\merged.dir\values-bn\values-bn.xml to D:\Projects\mp7\app\build\intermediates\merged_res\debug\mergeDebugResources\values-bn_values-bn.arsc.flat
Compiling XML table D:\Projects\mp7\app\build\intermediates\incremental\debug\mergeDebugResources\merged.dir\values-in\values-in.xml to D:\Projects\mp7\app\build\intermediates\merged_res\debug\mergeDebugResources\values-in_values-in.arsc.flat
Compiling XML table D:\Projects\mp7\app\build\intermediates\incremental\debug\mergeDebugResources\merged.dir\values-v16\values-v16.xml to D:\Projects\mp7\app\build\intermediates\merged_res\debug\mergeDebugResources\values-v16_values-v16.arsc.flat
Compiling XML table D:\Projects\mp7\app\build\intermediates\incremental\debug\mergeDebugResources\merged.dir\values-es-rUS\values-es-rUS.xml to D:\Projects\mp7\app\build\intermediates\merged_res\debug\mergeDebugResources\values-es-rUS_values-es-rUS.arsc.flat
Compiling XML table D:\Projects\mp7\app\build\intermediates\incremental\debug\mergeDebugResources\merged.dir\values-nb\values-nb.xml to D:\Projects\mp7\app\build\intermediates\merged_res\debug\mergeDebugResources\values-nb_values-nb.arsc.flat
Compiling XML table D:\Projects\mp7\app\build\intermediates\incremental\debug\mergeDebugResources\merged.dir\values-zh-rHK\values-zh-rHK.xml to D:\Projects\mp7\app\build\intermediates\merged_res\debug\mergeDebugResources\values-zh-rHK_values-zh-rHK.arsc.flat
Compiling XML table D:\Projects\mp7\app\build\intermediates\incremental\debug\mergeDebugResources\merged.dir\values-ja\values-ja.xml to D:\Projects\mp7\app\build\intermediates\merged_res\debug\mergeDebugResources\values-ja_values-ja.arsc.flat
Compiling XML table D:\Projects\mp7\app\build\intermediates\incremental\debug\mergeDebugResources\merged.dir\values-ne\values-ne.xml to D:\Projects\mp7\app\build\intermediates\merged_res\debug\mergeDebugResources\values-ne_values-ne.arsc.flat
Compiling XML table D:\Projects\mp7\app\build\intermediates\incremental\debug\mergeDebugResources\merged.dir\values-be\values-be.xml to D:\Projects\mp7\app\build\intermediates\merged_res\debug\mergeDebugResources\values-be_values-be.arsc.flat
Compiling XML table D:\Projects\mp7\app\build\intermediates\incremental\debug\mergeDebugResources\merged.dir\values-zh-rTW\values-zh-rTW.xml to D:\Projects\mp7\app\build\intermediates\merged_res\debug\mergeDebugResources\values-zh-rTW_values-zh-rTW.arsc.flat
Compiling XML table D:\Projects\mp7\app\build\intermediates\incremental\debug\mergeDebugResources\merged.dir\values-en-rCA\values-en-rCA.xml to D:\Projects\mp7\app\build\intermediates\merged_res\debug\mergeDebugResources\values-en-rCA_values-en-rCA.arsc.flat
Compiling XML table D:\Projects\mp7\app\build\intermediates\incremental\debug\mergeDebugResources\merged.dir\values-kk\values-kk.xml to D:\Projects\mp7\app\build\intermediates\merged_res\debug\mergeDebugResources\values-kk_values-kk.arsc.flat
Compiling XML table D:\Projects\mp7\app\build\intermediates\incremental\debug\mergeDebugResources\merged.dir\values-fi\values-fi.xml to D:\Projects\mp7\app\build\intermediates\merged_res\debug\mergeDebugResources\values-fi_values-fi.arsc.flat
Compiling XML table D:\Projects\mp7\app\build\intermediates\incremental\debug\mergeDebugResources\merged.dir\values-sk\values-sk.xml to D:\Projects\mp7\app\build\intermediates\merged_res\debug\mergeDebugResources\values-sk_values-sk.arsc.flat
Compiling XML table D:\Projects\mp7\app\build\intermediates\incremental\debug\mergeDebugResources\merged.dir\values-en-rXC\values-en-rXC.xml to D:\Projects\mp7\app\build\intermediates\merged_res\debug\mergeDebugResources\values-en-rXC_values-en-rXC.arsc.flat
Compiling XML table D:\Projects\mp7\app\build\intermediates\incremental\debug\mergeDebugResources\merged.dir\values-as\values-as.xml to D:\Projects\mp7\app\build\intermediates\merged_res\debug\mergeDebugResources\values-as_values-as.arsc.flat
Compiling XML table D:\Projects\mp7\app\build\intermediates\incremental\debug\mergeDebugResources\merged.dir\values-sl\values-sl.xml to D:\Projects\mp7\app\build\intermediates\merged_res\debug\mergeDebugResources\values-sl_values-sl.arsc.flat
Compiling XML table D:\Projects\mp7\app\build\intermediates\incremental\debug\mergeDebugResources\merged.dir\values-et\values-et.xml to D:\Projects\mp7\app\build\intermediates\merged_res\debug\mergeDebugResources\values-et_values-et.arsc.flat
Compiling XML table D:\Projects\mp7\app\build\intermediates\incremental\debug\mergeDebugResources\merged.dir\values-kn\values-kn.xml to D:\Projects\mp7\app\build\intermediates\merged_res\debug\mergeDebugResources\values-kn_values-kn.arsc.flat
Compiling XML table D:\Projects\mp7\app\build\intermediates\incremental\debug\mergeDebugResources\merged.dir\values-cs\values-cs.xml to D:\Projects\mp7\app\build\intermediates\merged_res\debug\mergeDebugResources\values-cs_values-cs.arsc.flat
Compiling XML table D:\Projects\mp7\app\build\intermediates\incremental\debug\mergeDebugResources\merged.dir\values-gl\values-gl.xml to D:\Projects\mp7\app\build\intermediates\merged_res\debug\mergeDebugResources\values-gl_values-gl.arsc.flat
Compiling XML table D:\Projects\mp7\app\build\intermediates\incremental\debug\mergeDebugResources\merged.dir\values-ta\values-ta.xml to D:\Projects\mp7\app\build\intermediates\merged_res\debug\mergeDebugResources\values-ta_values-ta.arsc.flat
Compiling XML table D:\Projects\mp7\app\build\intermediates\incremental\debug\mergeDebugResources\merged.dir\values-ca\values-ca.xml to D:\Projects\mp7\app\build\intermediates\merged_res\debug\mergeDebugResources\values-ca_values-ca.arsc.flat
Compiling XML table D:\Projects\mp7\app\build\intermediates\incremental\debug\mergeDebugResources\merged.dir\values-ru\values-ru.xml to D:\Projects\mp7\app\build\intermediates\merged_res\debug\mergeDebugResources\values-ru_values-ru.arsc.flat
Compiling XML table D:\Projects\mp7\app\build\intermediates\incremental\debug\mergeDebugResources\merged.dir\values-ro\values-ro.xml to D:\Projects\mp7\app\build\intermediates\merged_res\debug\mergeDebugResources\values-ro_values-ro.arsc.flat
Compiling XML table D:\Projects\mp7\app\build\intermediates\incremental\debug\mergeDebugResources\merged.dir\values-pa\values-pa.xml to D:\Projects\mp7\app\build\intermediates\merged_res\debug\mergeDebugResources\values-pa_values-pa.arsc.flat
Compiling file D:\Projects\mp7\app\src\main\res\drawable\shubh.jpg to D:\Projects\mp7\app\build\intermediates\merged_res\debug\mergeDebugResources\drawable_shubh.jpg.flat
Compiling XML table D:\Projects\mp7\app\build\intermediates\incremental\debug\mergeDebugResources\merged.dir\values-pt-rPT\values-pt-rPT.xml to D:\Projects\mp7\app\build\intermediates\merged_res\debug\mergeDebugResources\values-pt-rPT_values-pt-rPT.arsc.flat
Compiling XML table D:\Projects\mp7\app\build\intermediates\incremental\debug\mergeDebugResources\merged.dir\values-tr\values-tr.xml to D:\Projects\mp7\app\build\intermediates\merged_res\debug\mergeDebugResources\values-tr_values-tr.arsc.flat
Compiling file D:\Projects\mp7\app\src\main\res\mipmap-hdpi\ic_launcher_round.webp to D:\Projects\mp7\app\build\intermediates\merged_res\debug\mergeDebugResources\mipmap-hdpi_ic_launcher_round.webp.flat
Compiling XML table D:\Projects\mp7\app\build\intermediates\incremental\debug\mergeDebugResources\merged.dir\values-en-rAU\values-en-rAU.xml to D:\Projects\mp7\app\build\intermediates\merged_res\debug\mergeDebugResources\values-en-rAU_values-en-rAU.arsc.flat
Compiling XML table D:\Projects\mp7\app\build\intermediates\incremental\debug\mergeDebugResources\merged.dir\values-pt-rBR\values-pt-rBR.xml to D:\Projects\mp7\app\build\intermediates\merged_res\debug\mergeDebugResources\values-pt-rBR_values-pt-rBR.arsc.flat
Compiling XML table D:\Projects\mp7\app\build\intermediates\incremental\debug\mergeDebugResources\merged.dir\values-vi\values-vi.xml to D:\Projects\mp7\app\build\intermediates\merged_res\debug\mergeDebugResources\values-vi_values-vi.arsc.flat
Compiling XML table D:\Projects\mp7\app\build\intermediates\incremental\debug\mergeDebugResources\merged.dir\values-en-rGB\values-en-rGB.xml to D:\Projects\mp7\app\build\intermediates\merged_res\debug\mergeDebugResources\values-en-rGB_values-en-rGB.arsc.flat
Compiling xml file D:\Projects\mp7\app\src\main\res\drawable\ic_launcher_background.xml to D:\Projects\mp7\app\build\intermediates\merged_res\debug\mergeDebugResources\drawable_ic_launcher_background.xml.flat
Compiling XML table D:\Projects\mp7\app\build\intermediates\incremental\debug\mergeDebugResources\merged.dir\values-zh-rCN\values-zh-rCN.xml to D:\Projects\mp7\app\build\intermediates\merged_res\debug\mergeDebugResources\values-zh-rCN_values-zh-rCN.arsc.flat
Compiling file D:\Projects\mp7\app\src\main\res\drawable\starlord.jpg to D:\Projects\mp7\app\build\intermediates\merged_res\debug\mergeDebugResources\drawable_starlord.jpg.flat
Compiling xml file D:\Projects\mp7\app\src\main\res\mipmap-anydpi-v26\ic_launcher_round.xml to D:\Projects\mp7\app\build\intermediates\merged_res\debug\mergeDebugResources\mipmap-anydpi-v26_ic_launcher_round.xml.flat
Compiling xml file D:\Projects\mp7\app\src\main\res\xml\file_paths.xml to D:\Projects\mp7\app\build\intermediates\merged_res\debug\mergeDebugResources\xml_file_paths.xml.flat
Compiling XML table D:\Projects\mp7\app\build\intermediates\incremental\debug\mergeDebugResources\merged.dir\values-uk\values-uk.xml to D:\Projects\mp7\app\build\intermediates\merged_res\debug\mergeDebugResources\values-uk_values-uk.arsc.flat
Compiling file D:\Projects\mp7\app\src\main\res\mipmap-hdpi\ic_launcher.webp to D:\Projects\mp7\app\build\intermediates\merged_res\debug\mergeDebugResources\mipmap-hdpi_ic_launcher.webp.flat
Compiling file D:\Projects\mp7\app\src\main\res\mipmap-xhdpi\ic_launcher_round.webp to D:\Projects\mp7\app\build\intermediates\merged_res\debug\mergeDebugResources\mipmap-xhdpi_ic_launcher_round.webp.flat
Compiling XML table D:\Projects\mp7\app\build\intermediates\incremental\debug\mergeDebugResources\merged.dir\values-or\values-or.xml to D:\Projects\mp7\app\build\intermediates\merged_res\debug\mergeDebugResources\values-or_values-or.arsc.flat
Compiling XML table D:\Projects\mp7\app\build\intermediates\incremental\debug\mergeDebugResources\merged.dir\values-tl\values-tl.xml to D:\Projects\mp7\app\build\intermediates\merged_res\debug\mergeDebugResources\values-tl_values-tl.arsc.flat
Compiling XML table D:\Projects\mp7\app\build\intermediates\incremental\debug\mergeDebugResources\merged.dir\values-si\values-si.xml to D:\Projects\mp7\app\build\intermediates\merged_res\debug\mergeDebugResources\values-si_values-si.arsc.flat
Compiling XML table D:\Projects\mp7\app\build\intermediates\incremental\debug\mergeDebugResources\merged.dir\values-el\values-el.xml to D:\Projects\mp7\app\build\intermediates\merged_res\debug\mergeDebugResources\values-el_values-el.arsc.flat
Compiling XML table D:\Projects\mp7\app\build\intermediates\incremental\debug\mergeDebugResources\merged.dir\values-b+sr+Latn\values-b+sr+Latn.xml to D:\Projects\mp7\app\build\intermediates\merged_res\debug\mergeDebugResources\values-b+sr+Latn_values-b+sr+Latn.arsc.flat
Compiling XML table D:\Projects\mp7\app\build\intermediates\incremental\debug\mergeDebugResources\merged.dir\values-fr\values-fr.xml to D:\Projects\mp7\app\build\intermediates\merged_res\debug\mergeDebugResources\values-fr_values-fr.arsc.flat
Compiling XML table D:\Projects\mp7\app\build\intermediates\incremental\debug\mergeDebugResources\merged.dir\values-ar\values-ar.xml to D:\Projects\mp7\app\build\intermediates\merged_res\debug\mergeDebugResources\values-ar_values-ar.arsc.flat
Compiling XML table D:\Projects\mp7\app\build\intermediates\incremental\debug\mergeDebugResources\merged.dir\values-km\values-km.xml to D:\Projects\mp7\app\build\intermediates\merged_res\debug\mergeDebugResources\values-km_values-km.arsc.flat
Compiling XML table D:\Projects\mp7\app\build\intermediates\incremental\debug\mergeDebugResources\merged.dir\values-az\values-az.xml to D:\Projects\mp7\app\build\intermediates\merged_res\debug\mergeDebugResources\values-az_values-az.arsc.flat
Compiling XML table D:\Projects\mp7\app\build\intermediates\incremental\debug\mergeDebugResources\merged.dir\values-sq\values-sq.xml to D:\Projects\mp7\app\build\intermediates\merged_res\debug\mergeDebugResources\values-sq_values-sq.arsc.flat
Compiling file D:\Projects\mp7\app\src\main\res\mipmap-mdpi\ic_launcher_round.webp to D:\Projects\mp7\app\build\intermediates\merged_res\debug\mergeDebugResources\mipmap-mdpi_ic_launcher_round.webp.flat
Compiling XML table D:\Projects\mp7\app\build\intermediates\incremental\debug\mergeDebugResources\merged.dir\values-sw\values-sw.xml to D:\Projects\mp7\app\build\intermediates\merged_res\debug\mergeDebugResources\values-sw_values-sw.arsc.flat
Compiling file D:\Projects\mp7\app\src\main\res\drawable\aujla.jpg to D:\Projects\mp7\app\build\intermediates\merged_res\debug\mergeDebugResources\drawable_aujla.jpg.flat
Compiling XML table D:\Projects\mp7\app\build\intermediates\incremental\debug\mergeDebugResources\merged.dir\values-nl\values-nl.xml to D:\Projects\mp7\app\build\intermediates\merged_res\debug\mergeDebugResources\values-nl_values-nl.arsc.flat
Compiling XML table D:\Projects\mp7\app\build\intermediates\incremental\debug\mergeDebugResources\merged.dir\values-ky\values-ky.xml to D:\Projects\mp7\app\build\intermediates\merged_res\debug\mergeDebugResources\values-ky_values-ky.arsc.flat
Compiling XML table D:\Projects\mp7\app\build\intermediates\incremental\debug\mergeDebugResources\merged.dir\values-bg\values-bg.xml to D:\Projects\mp7\app\build\intermediates\merged_res\debug\mergeDebugResources\values-bg_values-bg.arsc.flat
Compiling XML table D:\Projects\mp7\app\build\intermediates\incremental\debug\mergeDebugResources\merged.dir\values-te\values-te.xml to D:\Projects\mp7\app\build\intermediates\merged_res\debug\mergeDebugResources\values-te_values-te.arsc.flat
Compiling XML table D:\Projects\mp7\app\build\intermediates\incremental\debug\mergeDebugResources\merged.dir\values-ka\values-ka.xml to D:\Projects\mp7\app\build\intermediates\merged_res\debug\mergeDebugResources\values-ka_values-ka.arsc.flat
Compiling XML table D:\Projects\mp7\app\build\intermediates\incremental\debug\mergeDebugResources\merged.dir\values-fa\values-fa.xml to D:\Projects\mp7\app\build\intermediates\merged_res\debug\mergeDebugResources\values-fa_values-fa.arsc.flat
Compiling XML table D:\Projects\mp7\app\build\intermediates\incremental\debug\mergeDebugResources\merged.dir\values-da\values-da.xml to D:\Projects\mp7\app\build\intermediates\merged_res\debug\mergeDebugResources\values-da_values-da.arsc.flat
Compiling file D:\Projects\mp7\app\src\main\res\mipmap-mdpi\ic_launcher.webp to D:\Projects\mp7\app\build\intermediates\merged_res\debug\mergeDebugResources\mipmap-mdpi_ic_launcher.webp.flat
Compiling xml file D:\Projects\mp7\app\src\main\res\mipmap-anydpi-v26\ic_launcher.xml to D:\Projects\mp7\app\build\intermediates\merged_res\debug\mergeDebugResources\mipmap-anydpi-v26_ic_launcher.xml.flat
Compiling XML table D:\Projects\mp7\app\build\intermediates\incremental\debug\mergeDebugResources\merged.dir\values-sr\values-sr.xml to D:\Projects\mp7\app\build\intermediates\merged_res\debug\mergeDebugResources\values-sr_values-sr.arsc.flat
Compiling file D:\Projects\mp7\app\src\main\res\drawable\amrinder_gill.jpg to D:\Projects\mp7\app\build\intermediates\merged_res\debug\mergeDebugResources\drawable_amrinder_gill.jpg.flat
Compiling XML table D:\Projects\mp7\app\build\intermediates\incremental\debug\mergeDebugResources\merged.dir\values-bs\values-bs.xml to D:\Projects\mp7\app\build\intermediates\merged_res\debug\mergeDebugResources\values-bs_values-bs.arsc.flat
Compiling file D:\Projects\mp7\app\src\main\res\drawable\jam.jpg to D:\Projects\mp7\app\build\intermediates\merged_res\debug\mergeDebugResources\drawable_jam.jpg.flat
Compiling XML table D:\Projects\mp7\app\build\intermediates\incremental\debug\mergeDebugResources\merged.dir\values-ko\values-ko.xml to D:\Projects\mp7\app\build\intermediates\merged_res\debug\mergeDebugResources\values-ko_values-ko.arsc.flat
Compiling xml file D:\Projects\mp7\app\src\main\res\xml\data_extraction_rules.xml to D:\Projects\mp7\app\build\intermediates\merged_res\debug\mergeDebugResources\xml_data_extraction_rules.xml.flat
Compiling XML table D:\Projects\mp7\app\build\intermediates\incremental\debug\mergeDebugResources\merged.dir\values-sv\values-sv.xml to D:\Projects\mp7\app\build\intermediates\merged_res\debug\mergeDebugResources\values-sv_values-sv.arsc.flat
Compiling file D:\Projects\mp7\app\src\main\res\mipmap-xxxhdpi\ic_launcher_round.webp to D:\Projects\mp7\app\build\intermediates\merged_res\debug\mergeDebugResources\mipmap-xxxhdpi_ic_launcher_round.webp.flat
Compiling XML table D:\Projects\mp7\app\build\intermediates\incremental\debug\mergeDebugResources\merged.dir\values-gu\values-gu.xml to D:\Projects\mp7\app\build\intermediates\merged_res\debug\mergeDebugResources\values-gu_values-gu.arsc.flat
Compiling XML table D:\Projects\mp7\app\build\intermediates\incremental\debug\mergeDebugResources\merged.dir\values-th\values-th.xml to D:\Projects\mp7\app\build\intermediates\merged_res\debug\mergeDebugResources\values-th_values-th.arsc.flat
Compiling XML table D:\Projects\mp7\app\build\intermediates\incremental\debug\mergeDebugResources\merged.dir\values-pl\values-pl.xml to D:\Projects\mp7\app\build\intermediates\merged_res\debug\mergeDebugResources\values-pl_values-pl.arsc.flat
Compiling xml file D:\Projects\mp7\app\src\main\res\drawable\ic_launcher_foreground.xml to D:\Projects\mp7\app\build\intermediates\merged_res\debug\mergeDebugResources\drawable_ic_launcher_foreground.xml.flat
Compiling file D:\Projects\mp7\app\src\main\res\mipmap-xhdpi\ic_launcher.webp to D:\Projects\mp7\app\build\intermediates\merged_res\debug\mergeDebugResources\mipmap-xhdpi_ic_launcher.webp.flat
Compiling file D:\Projects\mp7\app\src\main\res\mipmap-xxhdpi\ic_launcher.webp to D:\Projects\mp7\app\build\intermediates\merged_res\debug\mergeDebugResources\mipmap-xxhdpi_ic_launcher.webp.flat
Compiling file D:\Projects\mp7\app\src\main\res\mipmap-xxxhdpi\ic_launcher.webp to D:\Projects\mp7\app\build\intermediates\merged_res\debug\mergeDebugResources\mipmap-xxxhdpi_ic_launcher.webp.flat
Compiling file D:\Projects\mp7\app\src\main\res\mipmap-xxhdpi\ic_launcher_round.webp to D:\Projects\mp7\app\build\intermediates\merged_res\debug\mergeDebugResources\mipmap-xxhdpi_ic_launcher_round.webp.flat
Compiling xml file D:\Projects\mp7\app\src\main\res\xml\backup_rules.xml to D:\Projects\mp7\app\build\intermediates\merged_res\debug\mergeDebugResources\xml_backup_rules.xml.flat

> Task :app:processDebugMainManifest
Caching disabled for task ':app:processDebugMainManifest' because:
  Build cache is disabled
Task ':app:processDebugMainManifest' is not up-to-date because:
  Output property 'mergeBlameFile' file D:\Projects\mp7\app\build\intermediates\manifest_merge_blame_file\debug\processDebugMainManifest\manifest-merger-blame-debug-report.txt has been removed.
  Output property 'mergedManifest' file D:\Projects\mp7\app\build\intermediates\merged_manifest\debug\processDebugMainManifest\AndroidManifest.xml has been removed.
  Output property 'reportFile' file D:\Projects\mp7\app\build\outputs\logs\manifest-merger-debug-report.txt has been removed.
Loading library manifest C:\Users\omen\.gradle\caches\8.13\transforms\03b94bf8978d9d56a4259b1489eccd1e\transformed\coil-video-2.5.0\AndroidManifest.xml
Loading library manifest C:\Users\omen\.gradle\caches\8.13\transforms\a8861f765d7eda3e56c5758752ca20cf\transformed\media3-ui-1.2.1\AndroidManifest.xml
Loading library manifest C:\Users\omen\.gradle\caches\8.13\transforms\edff57631b7880ee207381b66033b9c7\transformed\media3-session-1.2.1\AndroidManifest.xml
Loading library manifest C:\Users\omen\.gradle\caches\8.13\transforms\800b067ac4300b2f937c22ae911df4fa\transformed\media3-extractor-1.2.1\AndroidManifest.xml
Loading library manifest C:\Users\omen\.gradle\caches\8.13\transforms\84917d1dc5673c5239a038bdd3509e4a\transformed\media3-container-1.2.1\AndroidManifest.xml
Loading library manifest C:\Users\omen\.gradle\caches\8.13\transforms\1bea708d528084fdb4e1101cee84e3bb\transformed\media3-datasource-1.2.1\AndroidManifest.xml
Loading library manifest C:\Users\omen\.gradle\caches\8.13\transforms\a505f7a5812ddedac405ab1ccef13f49\transformed\media3-decoder-1.2.1\AndroidManifest.xml
Loading library manifest C:\Users\omen\.gradle\caches\8.13\transforms\46a5fc31f608306eb51505b0700013ca\transformed\media3-database-1.2.1\AndroidManifest.xml
Loading library manifest C:\Users\omen\.gradle\caches\8.13\transforms\c81a28e349ad71c41e04e43fe24d0a80\transformed\media3-common-1.2.1\AndroidManifest.xml
Loading library manifest C:\Users\omen\.gradle\caches\8.13\transforms\82c9c3fcb9b0b02cf59f430d765a3651\transformed\media3-exoplayer-dash-1.2.1\AndroidManifest.xml
Loading library manifest C:\Users\omen\.gradle\caches\8.13\transforms\c5e4c944fc14b2c72eeef32aaf12fdad\transformed\media3-exoplayer-1.2.1\AndroidManifest.xml
Loading library manifest C:\Users\omen\.gradle\caches\8.13\transforms\8d020bdbdcbba806d7ae42d1944de2c9\transformed\media-1.6.0\AndroidManifest.xml
Loading library manifest C:\Users\omen\.gradle\caches\8.13\transforms\fc680cfcfd279a3359a6cf1237b1eb61\transformed\recyclerview-1.3.0\AndroidManifest.xml
Loading library manifest C:\Users\omen\.gradle\caches\8.13\transforms\ec090fabd9b7f7d512d3e5e8adf52099\transformed\navigation-common-2.7.6\AndroidManifest.xml
Loading library manifest C:\Users\omen\.gradle\caches\8.13\transforms\a1f64888656f5152657c8f4bad999340\transformed\navigation-runtime-2.7.6\AndroidManifest.xml
Loading library manifest C:\Users\omen\.gradle\caches\8.13\transforms\3586ae9c3f4d201623f47d9af35f12ae\transformed\navigation-common-ktx-2.7.6\AndroidManifest.xml
Loading library manifest C:\Users\omen\.gradle\caches\8.13\transforms\64160308c4e8212cb7de001b03bc0944\transformed\navigation-runtime-ktx-2.7.6\AndroidManifest.xml
Loading library manifest C:\Users\omen\.gradle\caches\8.13\transforms\1a3b23b6d0141fe3de7d67d7cd60160a\transformed\navigation-compose-2.7.6\AndroidManifest.xml
Loading library manifest C:\Users\omen\.gradle\caches\8.13\transforms\4a58646f9d53d6465cb1528a471bc23d\transformed\accompanist-permissions-0.32.0\AndroidManifest.xml
Loading library manifest C:\Users\omen\.gradle\caches\8.13\transforms\7703590ee1525993d342f6e7879cbb52\transformed\activity-1.8.2\AndroidManifest.xml
Loading library manifest C:\Users\omen\.gradle\caches\8.13\transforms\a90c7783f069749e9e168bb5c4a00263\transformed\activity-ktx-1.8.2\AndroidManifest.xml
Loading library manifest C:\Users\omen\.gradle\caches\8.13\transforms\cceb82e95a1cb811403b3a07ac57f49a\transformed\material3-release\AndroidManifest.xml
Loading library manifest C:\Users\omen\.gradle\caches\8.13\transforms\6d1f81643cf21890209fc3a726483498\transformed\room-ktx-2.6.1\AndroidManifest.xml
Loading library manifest C:\Users\omen\.gradle\caches\8.13\transforms\1d51782db17121ac77d25a5c6c0117cb\transformed\room-runtime-2.6.1\AndroidManifest.xml
Loading library manifest C:\Users\omen\.gradle\caches\8.13\transforms\4c766fd3a92a00f1fad05af9782d7de0\transformed\room-paging-2.6.1\AndroidManifest.xml
Loading library manifest C:\Users\omen\.gradle\caches\8.13\transforms\c7597868c8790da86a6cc7205e8778bf\transformed\paging-compose-3.2.1\AndroidManifest.xml
Loading library manifest C:\Users\omen\.gradle\caches\8.13\transforms\11fdd353cbdf8d7a4b09a2f4c2887ab8\transformed\coil-compose-2.5.0\AndroidManifest.xml
Loading library manifest C:\Users\omen\.gradle\caches\8.13\transforms\a23ec258eb4d0c02943d4774e06be74e\transformed\coil-compose-base-2.5.0\AndroidManifest.xml
Loading library manifest C:\Users\omen\.gradle\caches\8.13\transforms\b3c2d7b692bcfb968f17f2e9f5ea5218\transformed\material-release\AndroidManifest.xml
Loading library manifest C:\Users\omen\.gradle\caches\8.13\transforms\a6855f697980741085d30b95d8c71b03\transformed\material-icons-core-release\AndroidManifest.xml
Loading library manifest C:\Users\omen\.gradle\caches\8.13\transforms\8d9c7a2f144a1f069e281a282a4df9b0\transformed\material-icons-extended-release\AndroidManifest.xml
Loading library manifest C:\Users\omen\.gradle\caches\8.13\transforms\32d937cc8c04384f959f3f02b6734d96\transformed\material-ripple-release\AndroidManifest.xml
Loading library manifest C:\Users\omen\.gradle\caches\8.13\transforms\91bcc1832bb7a993a17825f90fa44ea1\transformed\animation-core-release\AndroidManifest.xml
Loading library manifest C:\Users\omen\.gradle\caches\8.13\transforms\e674acba1e63f6f56d052abeafff6f9a\transformed\animation-release\AndroidManifest.xml
Loading library manifest C:\Users\omen\.gradle\caches\8.13\transforms\51e7c5e4c99037a4b434fcb7ac849e67\transformed\foundation-layout-release\AndroidManifest.xml
Loading library manifest C:\Users\omen\.gradle\caches\8.13\transforms\e0090242881e5bcd31481b0db0171891\transformed\foundation-release\AndroidManifest.xml
Loading library manifest C:\Users\omen\.gradle\caches\8.13\transforms\21f685711c54bae4a4ab893391be6482\transformed\ui-tooling-data-release\AndroidManifest.xml
Loading library manifest C:\Users\omen\.gradle\caches\8.13\transforms\cebdb64bb8640e64856c64f6fe4eb43c\transformed\ui-unit-release\AndroidManifest.xml
Loading library manifest C:\Users\omen\.gradle\caches\8.13\transforms\1cabc3fc1f5c4414545b998751389359\transformed\ui-geometry-release\AndroidManifest.xml
Loading library manifest C:\Users\omen\.gradle\caches\8.13\transforms\bde1123c3e4f530dd58f76543a1775f0\transformed\ui-util-release\AndroidManifest.xml
Loading library manifest C:\Users\omen\.gradle\caches\8.13\transforms\0f9aa4511f3e86dcbfde481eb9f1434d\transformed\ui-text-release\AndroidManifest.xml
Loading library manifest C:\Users\omen\.gradle\caches\8.13\transforms\a8a7773845e7ca8963ab123baf76a7ae\transformed\ui-tooling-preview-release\AndroidManifest.xml
Loading library manifest C:\Users\omen\.gradle\caches\8.13\transforms\5bb93e740322a925f566947f048b28d7\transformed\ui-graphics-release\AndroidManifest.xml
Loading library manifest C:\Users\omen\.gradle\caches\8.13\transforms\71cef10c53c036bbdba75a96eca5bf74\transformed\ui-test-manifest-1.6.1\AndroidManifest.xml
Loading library manifest C:\Users\omen\.gradle\caches\8.13\transforms\0d71e70e577c32d90b1f77850e479df1\transformed\ui-tooling-release\AndroidManifest.xml
Loading library manifest C:\Users\omen\.gradle\caches\8.13\transforms\56362a07ec0074c476c5b48643e5bfb5\transformed\activity-compose-1.8.2\AndroidManifest.xml
Loading library manifest C:\Users\omen\.gradle\caches\8.13\transforms\ae1e568a369b9367fb0167fad67a2a0b\transformed\emoji2-1.3.0\AndroidManifest.xml
Loading library manifest C:\Users\omen\.gradle\caches\8.13\transforms\b505187b6ba824062ffe4b20e42d8d88\transformed\lifecycle-process-2.7.0\AndroidManifest.xml
Loading library manifest C:\Users\omen\.gradle\caches\8.13\transforms\42d4280a3537c9fef0b1b91d9c419b1b\transformed\lifecycle-livedata-core-2.7.0\AndroidManifest.xml
Loading library manifest C:\Users\omen\.gradle\caches\8.13\transforms\e20d0a9bde5adb2a7354109fc1f1b150\transformed\savedstate-ktx-1.2.1\AndroidManifest.xml
Loading library manifest C:\Users\omen\.gradle\caches\8.13\transforms\bd091555620d6860bae23fce65266edc\transformed\savedstate-1.2.1\AndroidManifest.xml
Loading library manifest C:\Users\omen\.gradle\caches\8.13\transforms\cdaacd425e012f2b45d003f472fb0be4\transformed\lifecycle-viewmodel-2.7.0\AndroidManifest.xml
Loading library manifest C:\Users\omen\.gradle\caches\8.13\transforms\05a64f0a01cb77139182ee20bb64e68e\transformed\lifecycle-viewmodel-savedstate-2.7.0\AndroidManifest.xml
Loading library manifest C:\Users\omen\.gradle\caches\8.13\transforms\3b17f453311b063096fdf87b08773c7e\transformed\lifecycle-viewmodel-ktx-2.7.0\AndroidManifest.xml
Loading library manifest C:\Users\omen\.gradle\caches\8.13\transforms\48b4af0dc4e4548b7d67c1fdeff32c05\transformed\coil-2.5.0\AndroidManifest.xml
Loading library manifest C:\Users\omen\.gradle\caches\8.13\transforms\fa765d317cb89d36587552faeb4cf595\transformed\coil-base-2.5.0\AndroidManifest.xml
Loading library manifest C:\Users\omen\.gradle\caches\8.13\transforms\6a337f0ce9b799889edbd38d79e44683\transformed\lifecycle-runtime-2.7.0\AndroidManifest.xml
Loading library manifest C:\Users\omen\.gradle\caches\8.13\transforms\1150f68c3d3280fbe9416c35eef542f1\transformed\lifecycle-runtime-compose-2.7.0\AndroidManifest.xml
Loading library manifest C:\Users\omen\.gradle\caches\8.13\transforms\9b915689c7395aa50b46ff5439ba107f\transformed\lifecycle-runtime-ktx-2.7.0\AndroidManifest.xml
Loading library manifest C:\Users\omen\.gradle\caches\8.13\transforms\79787338a94067a458d98c31ce72a188\transformed\lifecycle-viewmodel-compose-2.7.0\AndroidManifest.xml
Loading library manifest C:\Users\omen\.gradle\caches\8.13\transforms\1ac45da368068c2ff7840f80c3e4865b\transformed\accompanist-drawablepainter-0.32.0\AndroidManifest.xml
Loading library manifest C:\Users\omen\.gradle\caches\8.13\transforms\954e40ea5ad653448c0453c7f73b4b42\transformed\ui-release\AndroidManifest.xml
Loading library manifest C:\Users\omen\.gradle\caches\8.13\transforms\ae7103a6de77320c91efb94699b07b07\transformed\customview-1.0.0\AndroidManifest.xml
Loading library manifest C:\Users\omen\.gradle\caches\8.13\transforms\7e39a364d6bf8ebfbae048494e2a1df2\transformed\appcompat-resources-1.6.1\AndroidManifest.xml
Loading library manifest C:\Users\omen\.gradle\caches\8.13\transforms\b55c0eda0e095382c34a21efa47f8e28\transformed\autofill-1.0.0\AndroidManifest.xml
Loading library manifest C:\Users\omen\.gradle\caches\8.13\transforms\adcc19054cc796382bc44fb4dd0efbe7\transformed\vectordrawable-animated-1.1.0\AndroidManifest.xml
Loading library manifest C:\Users\omen\.gradle\caches\8.13\transforms\ae64d36709869f8d3dffae43053b9f1e\transformed\vectordrawable-1.1.0\AndroidManifest.xml
Loading library manifest C:\Users\omen\.gradle\caches\8.13\transforms\ae9f31356854e4ae630d97445b3f1ae9\transformed\core-1.12.0\AndroidManifest.xml
Loading library manifest C:\Users\omen\.gradle\caches\8.13\transforms\2f9908f953b43655843b7db06310ea59\transformed\customview-poolingcontainer-1.0.0\AndroidManifest.xml
Loading library manifest C:\Users\omen\.gradle\caches\8.13\transforms\8ab89c0f4b0b254ff9f0015f0d727fda\transformed\core-ktx-1.12.0\AndroidManifest.xml
Loading library manifest C:\Users\omen\.gradle\caches\8.13\transforms\fb9526f3fece886796f7ed28f7a4ee33\transformed\datastore-preferences-1.0.0\AndroidManifest.xml
Loading library manifest C:\Users\omen\.gradle\caches\8.13\transforms\3ddc14fa6b98a44b6ea96ffa032f8352\transformed\datastore-1.0.0\AndroidManifest.xml
Loading library manifest C:\Users\omen\.gradle\caches\8.13\transforms\fba5bc6172431c95d3e80927dd32abcf\transformed\sqlite-framework-2.4.0\AndroidManifest.xml
Loading library manifest C:\Users\omen\.gradle\caches\8.13\transforms\faae75b5f58c106821fdb043edb4e8e3\transformed\sqlite-2.4.0\AndroidManifest.xml
Loading library manifest C:\Users\omen\.gradle\caches\8.13\transforms\1fd425f3c59c8c1ddbda98d5970a0a1e\transformed\runtime-saveable-release\AndroidManifest.xml
Loading library manifest C:\Users\omen\.gradle\caches\8.13\transforms\433c681292842fda3dc28c60e6d1c623\transformed\runtime-release\AndroidManifest.xml
Loading library manifest C:\Users\omen\.gradle\caches\8.13\transforms\18f91ef7a806f0477ce8f7c822262cc4\transformed\napier-debug\AndroidManifest.xml
Loading library manifest C:\Users\omen\.gradle\caches\8.13\transforms\873ceb3456d03fc550f45f6a0845edf3\transformed\annotation-experimental-1.4.0\AndroidManifest.xml
Loading library manifest C:\Users\omen\.gradle\caches\8.13\transforms\43d90abe01e359e0d37e8e101ce0a280\transformed\exifinterface-1.3.6\AndroidManifest.xml
Loading library manifest C:\Users\omen\.gradle\caches\8.13\transforms\0673459c1f822876ef21a9df8f1a417c\transformed\core-runtime-2.2.0\AndroidManifest.xml
Loading library manifest C:\Users\omen\.gradle\caches\8.13\transforms\bc43a0940f17e2bb1b037ee34d1bcc79\transformed\interpolator-1.0.0\AndroidManifest.xml
Loading library manifest C:\Users\omen\.gradle\caches\8.13\transforms\0f6c1e9a918987ff02876dad41ff80e1\transformed\versionedparcelable-1.1.1\AndroidManifest.xml
Loading library manifest C:\Users\omen\.gradle\caches\8.13\transforms\b5d15b135874bff5b39497d2a1ef3de8\transformed\profileinstaller-1.3.1\AndroidManifest.xml
Loading library manifest C:\Users\omen\.gradle\caches\8.13\transforms\cc94dff58707f1feb45b37e384e2db7e\transformed\startup-runtime-1.1.1\AndroidManifest.xml
Loading library manifest C:\Users\omen\.gradle\caches\8.13\transforms\b74f74003e205f51d7e746c740d9aec6\transformed\tracing-1.0.0\AndroidManifest.xml
Merging main manifest D:\Projects\mp7\app\src\main\AndroidManifest.xml

Merging library manifest C:\Users\omen\.gradle\caches\8.13\transforms\03b94bf8978d9d56a4259b1489eccd1e\transformed\coil-video-2.5.0\AndroidManifest.xml
Merging manifest with lower [io.coil-kt:coil-video:2.5.0] AndroidManifest.xml:2:1-7:12
uses-sdk defined in both files...
Merging uses-sdk with lower [io.coil-kt:coil-video:2.5.0] AndroidManifest.xml:5:5-44
Merging library manifest C:\Users\omen\.gradle\caches\8.13\transforms\a8861f765d7eda3e56c5758752ca20cf\transformed\media3-ui-1.2.1\AndroidManifest.xml
Merging manifest with lower [androidx.media3:media3-ui:1.2.1] AndroidManifest.xml:17:1-22:12
uses-sdk defined in both files...
Merging uses-sdk with lower [androidx.media3:media3-ui:1.2.1] AndroidManifest.xml:20:5-44
Merging library manifest C:\Users\omen\.gradle\caches\8.13\transforms\edff57631b7880ee207381b66033b9c7\transformed\media3-session-1.2.1\AndroidManifest.xml
Merging manifest with lower [androidx.media3:media3-session:1.2.1] AndroidManifest.xml:17:1-22:12
uses-sdk defined in both files...
Merging uses-sdk with lower [androidx.media3:media3-session:1.2.1] AndroidManifest.xml:20:5-44
Merging library manifest C:\Users\omen\.gradle\caches\8.13\transforms\800b067ac4300b2f937c22ae911df4fa\transformed\media3-extractor-1.2.1\AndroidManifest.xml
Merging manifest with lower [androidx.media3:media3-extractor:1.2.1] AndroidManifest.xml:17:1-22:12
uses-sdk defined in both files...
Merging uses-sdk with lower [androidx.media3:media3-extractor:1.2.1] AndroidManifest.xml:20:5-44
Merging library manifest C:\Users\omen\.gradle\caches\8.13\transforms\84917d1dc5673c5239a038bdd3509e4a\transformed\media3-container-1.2.1\AndroidManifest.xml
Merging manifest with lower [androidx.media3:media3-container:1.2.1] AndroidManifest.xml:17:1-22:12
uses-sdk defined in both files...
Merging uses-sdk with lower [androidx.media3:media3-container:1.2.1] AndroidManifest.xml:20:5-44
Merging library manifest C:\Users\omen\.gradle\caches\8.13\transforms\1bea708d528084fdb4e1101cee84e3bb\transformed\media3-datasource-1.2.1\AndroidManifest.xml
Merging manifest with lower [androidx.media3:media3-datasource:1.2.1] AndroidManifest.xml:17:1-22:12
uses-sdk defined in both files...
Merging uses-sdk with lower [androidx.media3:media3-datasource:1.2.1] AndroidManifest.xml:20:5-44
Merging library manifest C:\Users\omen\.gradle\caches\8.13\transforms\a505f7a5812ddedac405ab1ccef13f49\transformed\media3-decoder-1.2.1\AndroidManifest.xml
Merging manifest with lower [androidx.media3:media3-decoder:1.2.1] AndroidManifest.xml:17:1-22:12
uses-sdk defined in both files...
Merging uses-sdk with lower [androidx.media3:media3-decoder:1.2.1] AndroidManifest.xml:20:5-44
Merging library manifest C:\Users\omen\.gradle\caches\8.13\transforms\46a5fc31f608306eb51505b0700013ca\transformed\media3-database-1.2.1\AndroidManifest.xml
Merging manifest with lower [androidx.media3:media3-database:1.2.1] AndroidManifest.xml:17:1-22:12
uses-sdk defined in both files...
Merging uses-sdk with lower [androidx.media3:media3-database:1.2.1] AndroidManifest.xml:20:5-44
Merging library manifest C:\Users\omen\.gradle\caches\8.13\transforms\c81a28e349ad71c41e04e43fe24d0a80\transformed\media3-common-1.2.1\AndroidManifest.xml
Merging manifest with lower [androidx.media3:media3-common:1.2.1] AndroidManifest.xml:17:1-24:12
uses-sdk defined in both files...
Merging uses-sdk with lower [androidx.media3:media3-common:1.2.1] AndroidManifest.xml:20:5-44
Adopted [uses-permission: null]
Merging library manifest C:\Users\omen\.gradle\caches\8.13\transforms\82c9c3fcb9b0b02cf59f430d765a3651\transformed\media3-exoplayer-dash-1.2.1\AndroidManifest.xml
Merging manifest with lower [androidx.media3:media3-exoplayer-dash:1.2.1] AndroidManifest.xml:17:1-22:12
uses-sdk defined in both files...
Merging uses-sdk with lower [androidx.media3:media3-exoplayer-dash:1.2.1] AndroidManifest.xml:20:5-44
Merging library manifest C:\Users\omen\.gradle\caches\8.13\transforms\c5e4c944fc14b2c72eeef32aaf12fdad\transformed\media3-exoplayer-1.2.1\AndroidManifest.xml
Merging manifest with lower [androidx.media3:media3-exoplayer:1.2.1] AndroidManifest.xml:17:1-24:12
uses-sdk defined in both files...
Merging uses-sdk with lower [androidx.media3:media3-exoplayer:1.2.1] AndroidManifest.xml:20:5-44
uses-permission#android.permission.ACCESS_NETWORK_STATE defined in both files...
Merging uses-permission#android.permission.ACCESS_NETWORK_STATE with lower [androidx.media3:media3-exoplayer:1.2.1] AndroidManifest.xml:22:5-79
Merging library manifest C:\Users\omen\.gradle\caches\8.13\transforms\8d020bdbdcbba806d7ae42d1944de2c9\transformed\media-1.6.0\AndroidManifest.xml
Merging manifest with lower [androidx.media:media:1.6.0] AndroidManifest.xml:17:1-24:12
uses-sdk defined in both files...
Merging uses-sdk with lower [androidx.media:media:1.6.0] AndroidManifest.xml:20:5-22:41
Merging library manifest C:\Users\omen\.gradle\caches\8.13\transforms\fc680cfcfd279a3359a6cf1237b1eb61\transformed\recyclerview-1.3.0\AndroidManifest.xml
Merging manifest with lower [androidx.recyclerview:recyclerview:1.3.0] AndroidManifest.xml:17:1-22:12
uses-sdk defined in both files...
Merging uses-sdk with lower [androidx.recyclerview:recyclerview:1.3.0] AndroidManifest.xml:20:5-44
Merging library manifest C:\Users\omen\.gradle\caches\8.13\transforms\ec090fabd9b7f7d512d3e5e8adf52099\transformed\navigation-common-2.7.6\AndroidManifest.xml
Merging manifest with lower [androidx.navigation:navigation-common:2.7.6] AndroidManifest.xml:17:1-22:12
uses-sdk defined in both files...
Merging uses-sdk with lower [androidx.navigation:navigation-common:2.7.6] AndroidManifest.xml:20:5-44
Merging library manifest C:\Users\omen\.gradle\caches\8.13\transforms\a1f64888656f5152657c8f4bad999340\transformed\navigation-runtime-2.7.6\AndroidManifest.xml
Merging manifest with lower [androidx.navigation:navigation-runtime:2.7.6] AndroidManifest.xml:17:1-22:12
uses-sdk defined in both files...
Merging uses-sdk with lower [androidx.navigation:navigation-runtime:2.7.6] AndroidManifest.xml:20:5-44
Merging library manifest C:\Users\omen\.gradle\caches\8.13\transforms\3586ae9c3f4d201623f47d9af35f12ae\transformed\navigation-common-ktx-2.7.6\AndroidManifest.xml
Merging manifest with lower [androidx.navigation:navigation-common-ktx:2.7.6] AndroidManifest.xml:2:1-7:12
uses-sdk defined in both files...
Merging uses-sdk with lower [androidx.navigation:navigation-common-ktx:2.7.6] AndroidManifest.xml:5:5-44
Merging library manifest C:\Users\omen\.gradle\caches\8.13\transforms\64160308c4e8212cb7de001b03bc0944\transformed\navigation-runtime-ktx-2.7.6\AndroidManifest.xml
Merging manifest with lower [androidx.navigation:navigation-runtime-ktx:2.7.6] AndroidManifest.xml:2:1-7:12
uses-sdk defined in both files...
Merging uses-sdk with lower [androidx.navigation:navigation-runtime-ktx:2.7.6] AndroidManifest.xml:5:5-44
Merging library manifest C:\Users\omen\.gradle\caches\8.13\transforms\1a3b23b6d0141fe3de7d67d7cd60160a\transformed\navigation-compose-2.7.6\AndroidManifest.xml
Merging manifest with lower [androidx.navigation:navigation-compose:2.7.6] AndroidManifest.xml:2:1-7:12
uses-sdk defined in both files...
Merging uses-sdk with lower [androidx.navigation:navigation-compose:2.7.6] AndroidManifest.xml:5:5-44
Merging library manifest C:\Users\omen\.gradle\caches\8.13\transforms\4a58646f9d53d6465cb1528a471bc23d\transformed\accompanist-permissions-0.32.0\AndroidManifest.xml
Merging manifest with lower [com.google.accompanist:accompanist-permissions:0.32.0] AndroidManifest.xml:17:1-23:12
uses-sdk defined in both files...
Merging uses-sdk with lower [com.google.accompanist:accompanist-permissions:0.32.0] AndroidManifest.xml:21:5-44
Merging library manifest C:\Users\omen\.gradle\caches\8.13\transforms\7703590ee1525993d342f6e7879cbb52\transformed\activity-1.8.2\AndroidManifest.xml
Merging manifest with lower [androidx.activity:activity:1.8.2] AndroidManifest.xml:17:1-22:12
uses-sdk defined in both files...
Merging uses-sdk with lower [androidx.activity:activity:1.8.2] AndroidManifest.xml:20:5-44
Merging library manifest C:\Users\omen\.gradle\caches\8.13\transforms\a90c7783f069749e9e168bb5c4a00263\transformed\activity-ktx-1.8.2\AndroidManifest.xml
Merging manifest with lower [androidx.activity:activity-ktx:1.8.2] AndroidManifest.xml:2:1-7:12
uses-sdk defined in both files...
Merging uses-sdk with lower [androidx.activity:activity-ktx:1.8.2] AndroidManifest.xml:5:5-44
Merging library manifest C:\Users\omen\.gradle\caches\8.13\transforms\cceb82e95a1cb811403b3a07ac57f49a\transformed\material3-release\AndroidManifest.xml
Merging manifest with lower [androidx.compose.material3:material3-android:1.2.0] AndroidManifest.xml:17:1-22:12
uses-sdk defined in both files...
Merging uses-sdk with lower [androidx.compose.material3:material3-android:1.2.0] AndroidManifest.xml:20:5-44
Merging library manifest C:\Users\omen\.gradle\caches\8.13\transforms\6d1f81643cf21890209fc3a726483498\transformed\room-ktx-2.6.1\AndroidManifest.xml
Merging manifest with lower [androidx.room:room-ktx:2.6.1] AndroidManifest.xml:17:1-22:12
uses-sdk defined in both files...
Merging uses-sdk with lower [androidx.room:room-ktx:2.6.1] AndroidManifest.xml:20:5-44
Merging library manifest C:\Users\omen\.gradle\caches\8.13\transforms\1d51782db17121ac77d25a5c6c0117cb\transformed\room-runtime-2.6.1\AndroidManifest.xml
Merging manifest with lower [androidx.room:room-runtime:2.6.1] AndroidManifest.xml:17:1-31:12
uses-sdk defined in both files...
Merging uses-sdk with lower [androidx.room:room-runtime:2.6.1] AndroidManifest.xml:21:5-44
application defined in both files...
Merging application with lower [androidx.room:room-runtime:2.6.1] AndroidManifest.xml:23:5-29:19
Adopted [service: null]
Merging library manifest C:\Users\omen\.gradle\caches\8.13\transforms\4c766fd3a92a00f1fad05af9782d7de0\transformed\room-paging-2.6.1\AndroidManifest.xml
Merging manifest with lower [androidx.room:room-paging:2.6.1] AndroidManifest.xml:17:1-22:12
uses-sdk defined in both files...
Merging uses-sdk with lower [androidx.room:room-paging:2.6.1] AndroidManifest.xml:20:5-44
Merging library manifest C:\Users\omen\.gradle\caches\8.13\transforms\c7597868c8790da86a6cc7205e8778bf\transformed\paging-compose-3.2.1\AndroidManifest.xml
Merging manifest with lower [androidx.paging:paging-compose:3.2.1] AndroidManifest.xml:2:1-7:12
uses-sdk defined in both files...
Merging uses-sdk with lower [androidx.paging:paging-compose:3.2.1] AndroidManifest.xml:5:5-44
Merging library manifest C:\Users\omen\.gradle\caches\8.13\transforms\11fdd353cbdf8d7a4b09a2f4c2887ab8\transformed\coil-compose-2.5.0\AndroidManifest.xml
Merging manifest with lower [io.coil-kt:coil-compose:2.5.0] AndroidManifest.xml:2:1-7:12
uses-sdk defined in both files...
Merging uses-sdk with lower [io.coil-kt:coil-compose:2.5.0] AndroidManifest.xml:5:5-44
Merging library manifest C:\Users\omen\.gradle\caches\8.13\transforms\a23ec258eb4d0c02943d4774e06be74e\transformed\coil-compose-base-2.5.0\AndroidManifest.xml
Merging manifest with lower [io.coil-kt:coil-compose-base:2.5.0] AndroidManifest.xml:2:1-7:12
uses-sdk defined in both files...
Merging uses-sdk with lower [io.coil-kt:coil-compose-base:2.5.0] AndroidManifest.xml:5:5-44
Merging library manifest C:\Users\omen\.gradle\caches\8.13\transforms\b3c2d7b692bcfb968f17f2e9f5ea5218\transformed\material-release\AndroidManifest.xml
Merging manifest with lower [androidx.compose.material:material-android:1.6.1] AndroidManifest.xml:2:1-7:12
uses-sdk defined in both files...
Merging uses-sdk with lower [androidx.compose.material:material-android:1.6.1] AndroidManifest.xml:5:5-44
Merging library manifest C:\Users\omen\.gradle\caches\8.13\transforms\a6855f697980741085d30b95d8c71b03\transformed\material-icons-core-release\AndroidManifest.xml
Merging manifest with lower [androidx.compose.material:material-icons-core-android:1.6.1] AndroidManifest.xml:2:1-7:12
uses-sdk defined in both files...
Merging uses-sdk with lower [androidx.compose.material:material-icons-core-android:1.6.1] AndroidManifest.xml:5:5-44
Merging library manifest C:\Users\omen\.gradle\caches\8.13\transforms\8d9c7a2f144a1f069e281a282a4df9b0\transformed\material-icons-extended-release\AndroidManifest.xml
Merging manifest with lower [androidx.compose.material:material-icons-extended-android:1.6.1] AndroidManifest.xml:2:1-7:12
uses-sdk defined in both files...
Merging uses-sdk with lower [androidx.compose.material:material-icons-extended-android:1.6.1] AndroidManifest.xml:5:5-44
Merging library manifest C:\Users\omen\.gradle\caches\8.13\transforms\32d937cc8c04384f959f3f02b6734d96\transformed\material-ripple-release\AndroidManifest.xml
Merging manifest with lower [androidx.compose.material:material-ripple-android:1.6.1] AndroidManifest.xml:2:1-7:12
uses-sdk defined in both files...
Merging uses-sdk with lower [androidx.compose.material:material-ripple-android:1.6.1] AndroidManifest.xml:5:5-44
Merging library manifest C:\Users\omen\.gradle\caches\8.13\transforms\91bcc1832bb7a993a17825f90fa44ea1\transformed\animation-core-release\AndroidManifest.xml
Merging manifest with lower [androidx.compose.animation:animation-core-android:1.6.1] AndroidManifest.xml:2:1-7:12
uses-sdk defined in both files...
Merging uses-sdk with lower [androidx.compose.animation:animation-core-android:1.6.1] AndroidManifest.xml:5:5-44
Merging library manifest C:\Users\omen\.gradle\caches\8.13\transforms\e674acba1e63f6f56d052abeafff6f9a\transformed\animation-release\AndroidManifest.xml
Merging manifest with lower [androidx.compose.animation:animation-android:1.6.1] AndroidManifest.xml:2:1-7:12
uses-sdk defined in both files...
Merging uses-sdk with lower [androidx.compose.animation:animation-android:1.6.1] AndroidManifest.xml:5:5-44
Merging library manifest C:\Users\omen\.gradle\caches\8.13\transforms\51e7c5e4c99037a4b434fcb7ac849e67\transformed\foundation-layout-release\AndroidManifest.xml
Merging manifest with lower [androidx.compose.foundation:foundation-layout-android:1.6.1] AndroidManifest.xml:2:1-7:12
uses-sdk defined in both files...
Merging uses-sdk with lower [androidx.compose.foundation:foundation-layout-android:1.6.1] AndroidManifest.xml:5:5-44
Merging library manifest C:\Users\omen\.gradle\caches\8.13\transforms\e0090242881e5bcd31481b0db0171891\transformed\foundation-release\AndroidManifest.xml
Merging manifest with lower [androidx.compose.foundation:foundation-android:1.6.1] AndroidManifest.xml:2:1-7:12
uses-sdk defined in both files...
Merging uses-sdk with lower [androidx.compose.foundation:foundation-android:1.6.1] AndroidManifest.xml:5:5-44
Merging library manifest C:\Users\omen\.gradle\caches\8.13\transforms\21f685711c54bae4a4ab893391be6482\transformed\ui-tooling-data-release\AndroidManifest.xml
Merging manifest with lower [androidx.compose.ui:ui-tooling-data-android:1.6.1] AndroidManifest.xml:2:1-7:12
uses-sdk defined in both files...
Merging uses-sdk with lower [androidx.compose.ui:ui-tooling-data-android:1.6.1] AndroidManifest.xml:5:5-44
Merging library manifest C:\Users\omen\.gradle\caches\8.13\transforms\cebdb64bb8640e64856c64f6fe4eb43c\transformed\ui-unit-release\AndroidManifest.xml
Merging manifest with lower [androidx.compose.ui:ui-unit-android:1.6.1] AndroidManifest.xml:2:1-7:12
uses-sdk defined in both files...
Merging uses-sdk with lower [androidx.compose.ui:ui-unit-android:1.6.1] AndroidManifest.xml:5:5-44
Merging library manifest C:\Users\omen\.gradle\caches\8.13\transforms\1cabc3fc1f5c4414545b998751389359\transformed\ui-geometry-release\AndroidManifest.xml
Merging manifest with lower [androidx.compose.ui:ui-geometry-android:1.6.1] AndroidManifest.xml:2:1-7:12
uses-sdk defined in both files...
Merging uses-sdk with lower [androidx.compose.ui:ui-geometry-android:1.6.1] AndroidManifest.xml:5:5-44
Merging library manifest C:\Users\omen\.gradle\caches\8.13\transforms\bde1123c3e4f530dd58f76543a1775f0\transformed\ui-util-release\AndroidManifest.xml
Merging manifest with lower [androidx.compose.ui:ui-util-android:1.6.1] AndroidManifest.xml:2:1-7:12
uses-sdk defined in both files...
Merging uses-sdk with lower [androidx.compose.ui:ui-util-android:1.6.1] AndroidManifest.xml:5:5-44
Merging library manifest C:\Users\omen\.gradle\caches\8.13\transforms\0f9aa4511f3e86dcbfde481eb9f1434d\transformed\ui-text-release\AndroidManifest.xml
Merging manifest with lower [androidx.compose.ui:ui-text-android:1.6.1] AndroidManifest.xml:2:1-7:12
uses-sdk defined in both files...
Merging uses-sdk with lower [androidx.compose.ui:ui-text-android:1.6.1] AndroidManifest.xml:5:5-44
Merging library manifest C:\Users\omen\.gradle\caches\8.13\transforms\a8a7773845e7ca8963ab123baf76a7ae\transformed\ui-tooling-preview-release\AndroidManifest.xml
Merging manifest with lower [androidx.compose.ui:ui-tooling-preview-android:1.6.1] AndroidManifest.xml:17:1-22:12
uses-sdk defined in both files...
Merging uses-sdk with lower [androidx.compose.ui:ui-tooling-preview-android:1.6.1] AndroidManifest.xml:20:5-44
Merging library manifest C:\Users\omen\.gradle\caches\8.13\transforms\5bb93e740322a925f566947f048b28d7\transformed\ui-graphics-release\AndroidManifest.xml
Merging manifest with lower [androidx.compose.ui:ui-graphics-android:1.6.1] AndroidManifest.xml:2:1-7:12
uses-sdk defined in both files...
Merging uses-sdk with lower [androidx.compose.ui:ui-graphics-android:1.6.1] AndroidManifest.xml:5:5-44
Merging library manifest C:\Users\omen\.gradle\caches\8.13\transforms\71cef10c53c036bbdba75a96eca5bf74\transformed\ui-test-manifest-1.6.1\AndroidManifest.xml
Merging manifest with lower [androidx.compose.ui:ui-test-manifest:1.6.1] AndroidManifest.xml:17:1-28:12
uses-sdk defined in both files...
Merging uses-sdk with lower [androidx.compose.ui:ui-test-manifest:1.6.1] AndroidManifest.xml:20:5-44
application defined in both files...
Merging application with lower [androidx.compose.ui:ui-test-manifest:1.6.1] AndroidManifest.xml:22:5-26:19
Adopted [activity: null]
Merging library manifest C:\Users\omen\.gradle\caches\8.13\transforms\0d71e70e577c32d90b1f77850e479df1\transformed\ui-tooling-release\AndroidManifest.xml
Merging manifest with lower [androidx.compose.ui:ui-tooling-android:1.6.1] AndroidManifest.xml:17:1-28:12
uses-sdk defined in both files...
Merging uses-sdk with lower [androidx.compose.ui:ui-tooling-android:1.6.1] AndroidManifest.xml:20:5-44
application defined in both files...
Merging application with lower [androidx.compose.ui:ui-tooling-android:1.6.1] AndroidManifest.xml:22:5-26:19
Adopted [activity: null]
Merging library manifest C:\Users\omen\.gradle\caches\8.13\transforms\56362a07ec0074c476c5b48643e5bfb5\transformed\activity-compose-1.8.2\AndroidManifest.xml
Merging manifest with lower [androidx.activity:activity-compose:1.8.2] AndroidManifest.xml:2:1-7:12
uses-sdk defined in both files...
Merging uses-sdk with lower [androidx.activity:activity-compose:1.8.2] AndroidManifest.xml:5:5-44
Merging library manifest C:\Users\omen\.gradle\caches\8.13\transforms\ae1e568a369b9367fb0167fad67a2a0b\transformed\emoji2-1.3.0\AndroidManifest.xml
Merging manifest with lower [androidx.emoji2:emoji2:1.3.0] AndroidManifest.xml:17:1-35:12
uses-sdk defined in both files...
Merging uses-sdk with lower [androidx.emoji2:emoji2:1.3.0] AndroidManifest.xml:21:5-44
application defined in both files...
Merging application with lower [androidx.emoji2:emoji2:1.3.0] AndroidManifest.xml:23:5-33:19
Adopted [provider: null]
Merging library manifest C:\Users\omen\.gradle\caches\8.13\transforms\b505187b6ba824062ffe4b20e42d8d88\transformed\lifecycle-process-2.7.0\AndroidManifest.xml
Merging manifest with lower [androidx.lifecycle:lifecycle-process:2.7.0] AndroidManifest.xml:17:1-35:12
uses-sdk defined in both files...
Merging uses-sdk with lower [androidx.lifecycle:lifecycle-process:2.7.0] AndroidManifest.xml:21:5-44
application defined in both files...
Merging application with lower [androidx.lifecycle:lifecycle-process:2.7.0] AndroidManifest.xml:23:5-33:19
provider#androidx.startup.InitializationProvider defined in both files...
Merging provider#androidx.startup.InitializationProvider with lower [androidx.lifecycle:lifecycle-process:2.7.0] AndroidManifest.xml:24:9-32:20
Adopted [meta-data: null]
Merging library manifest C:\Users\omen\.gradle\caches\8.13\transforms\42d4280a3537c9fef0b1b91d9c419b1b\transformed\lifecycle-livedata-core-2.7.0\AndroidManifest.xml
Merging manifest with lower [androidx.lifecycle:lifecycle-livedata-core:2.7.0] AndroidManifest.xml:17:1-22:12
uses-sdk defined in both files...
Merging uses-sdk with lower [androidx.lifecycle:lifecycle-livedata-core:2.7.0] AndroidManifest.xml:20:5-44
Merging library manifest C:\Users\omen\.gradle\caches\8.13\transforms\e20d0a9bde5adb2a7354109fc1f1b150\transformed\savedstate-ktx-1.2.1\AndroidManifest.xml
Merging manifest with lower [androidx.savedstate:savedstate-ktx:1.2.1] AndroidManifest.xml:17:1-22:12
uses-sdk defined in both files...
Merging uses-sdk with lower [androidx.savedstate:savedstate-ktx:1.2.1] AndroidManifest.xml:20:5-44
Merging library manifest C:\Users\omen\.gradle\caches\8.13\transforms\bd091555620d6860bae23fce65266edc\transformed\savedstate-1.2.1\AndroidManifest.xml
Merging manifest with lower [androidx.savedstate:savedstate:1.2.1] AndroidManifest.xml:17:1-22:12
uses-sdk defined in both files...
Merging uses-sdk with lower [androidx.savedstate:savedstate:1.2.1] AndroidManifest.xml:20:5-44
Merging library manifest C:\Users\omen\.gradle\caches\8.13\transforms\cdaacd425e012f2b45d003f472fb0be4\transformed\lifecycle-viewmodel-2.7.0\AndroidManifest.xml
Merging manifest with lower [androidx.lifecycle:lifecycle-viewmodel:2.7.0] AndroidManifest.xml:17:1-22:12
uses-sdk defined in both files...
Merging uses-sdk with lower [androidx.lifecycle:lifecycle-viewmodel:2.7.0] AndroidManifest.xml:20:5-44
Merging library manifest C:\Users\omen\.gradle\caches\8.13\transforms\05a64f0a01cb77139182ee20bb64e68e\transformed\lifecycle-viewmodel-savedstate-2.7.0\AndroidManifest.xml
Merging manifest with lower [androidx.lifecycle:lifecycle-viewmodel-savedstate:2.7.0] AndroidManifest.xml:17:1-22:12
uses-sdk defined in both files...
Merging uses-sdk with lower [androidx.lifecycle:lifecycle-viewmodel-savedstate:2.7.0] AndroidManifest.xml:20:5-44
Merging library manifest C:\Users\omen\.gradle\caches\8.13\transforms\3b17f453311b063096fdf87b08773c7e\transformed\lifecycle-viewmodel-ktx-2.7.0\AndroidManifest.xml
Merging manifest with lower [androidx.lifecycle:lifecycle-viewmodel-ktx:2.7.0] AndroidManifest.xml:2:1-7:12
uses-sdk defined in both files...
Merging uses-sdk with lower [androidx.lifecycle:lifecycle-viewmodel-ktx:2.7.0] AndroidManifest.xml:5:5-44
Merging library manifest C:\Users\omen\.gradle\caches\8.13\transforms\48b4af0dc4e4548b7d67c1fdeff32c05\transformed\coil-2.5.0\AndroidManifest.xml
Merging manifest with lower [io.coil-kt:coil:2.5.0] AndroidManifest.xml:2:1-7:12
uses-sdk defined in both files...
Merging uses-sdk with lower [io.coil-kt:coil:2.5.0] AndroidManifest.xml:5:5-44
Merging library manifest C:\Users\omen\.gradle\caches\8.13\transforms\fa765d317cb89d36587552faeb4cf595\transformed\coil-base-2.5.0\AndroidManifest.xml
Merging manifest with lower [io.coil-kt:coil-base:2.5.0] AndroidManifest.xml:2:1-7:12
uses-sdk defined in both files...
Merging uses-sdk with lower [io.coil-kt:coil-base:2.5.0] AndroidManifest.xml:5:5-44
Merging library manifest C:\Users\omen\.gradle\caches\8.13\transforms\6a337f0ce9b799889edbd38d79e44683\transformed\lifecycle-runtime-2.7.0\AndroidManifest.xml
Merging manifest with lower [androidx.lifecycle:lifecycle-runtime:2.7.0] AndroidManifest.xml:2:1-7:12
uses-sdk defined in both files...
Merging uses-sdk with lower [androidx.lifecycle:lifecycle-runtime:2.7.0] AndroidManifest.xml:5:5-44
Merging library manifest C:\Users\omen\.gradle\caches\8.13\transforms\1150f68c3d3280fbe9416c35eef542f1\transformed\lifecycle-runtime-compose-2.7.0\AndroidManifest.xml
Merging manifest with lower [androidx.lifecycle:lifecycle-runtime-compose:2.7.0] AndroidManifest.xml:2:1-7:12
uses-sdk defined in both files...
Merging uses-sdk with lower [androidx.lifecycle:lifecycle-runtime-compose:2.7.0] AndroidManifest.xml:5:5-44
Merging library manifest C:\Users\omen\.gradle\caches\8.13\transforms\9b915689c7395aa50b46ff5439ba107f\transformed\lifecycle-runtime-ktx-2.7.0\AndroidManifest.xml
Merging manifest with lower [androidx.lifecycle:lifecycle-runtime-ktx:2.7.0] AndroidManifest.xml:17:1-22:12
uses-sdk defined in both files...
Merging uses-sdk with lower [androidx.lifecycle:lifecycle-runtime-ktx:2.7.0] AndroidManifest.xml:20:5-44
Merging library manifest C:\Users\omen\.gradle\caches\8.13\transforms\79787338a94067a458d98c31ce72a188\transformed\lifecycle-viewmodel-compose-2.7.0\AndroidManifest.xml
Merging manifest with lower [androidx.lifecycle:lifecycle-viewmodel-compose:2.7.0] AndroidManifest.xml:2:1-7:12
uses-sdk defined in both files...
Merging uses-sdk with lower [androidx.lifecycle:lifecycle-viewmodel-compose:2.7.0] AndroidManifest.xml:5:5-44
Merging library manifest C:\Users\omen\.gradle\caches\8.13\transforms\1ac45da368068c2ff7840f80c3e4865b\transformed\accompanist-drawablepainter-0.32.0\AndroidManifest.xml
Merging manifest with lower [com.google.accompanist:accompanist-drawablepainter:0.32.0] AndroidManifest.xml:17:1-23:12
uses-sdk defined in both files...
Merging uses-sdk with lower [com.google.accompanist:accompanist-drawablepainter:0.32.0] AndroidManifest.xml:21:5-44
Merging library manifest C:\Users\omen\.gradle\caches\8.13\transforms\954e40ea5ad653448c0453c7f73b4b42\transformed\ui-release\AndroidManifest.xml
Merging manifest with lower [androidx.compose.ui:ui-android:1.6.1] AndroidManifest.xml:2:1-7:12
uses-sdk defined in both files...
Merging uses-sdk with lower [androidx.compose.ui:ui-android:1.6.1] AndroidManifest.xml:5:5-44
Merging library manifest C:\Users\omen\.gradle\caches\8.13\transforms\ae7103a6de77320c91efb94699b07b07\transformed\customview-1.0.0\AndroidManifest.xml
Merging manifest with lower [androidx.customview:customview:1.0.0] AndroidManifest.xml:17:1-22:12
uses-sdk defined in both files...
Merging uses-sdk with lower [androidx.customview:customview:1.0.0] AndroidManifest.xml:20:5-44
Merging library manifest C:\Users\omen\.gradle\caches\8.13\transforms\7e39a364d6bf8ebfbae048494e2a1df2\transformed\appcompat-resources-1.6.1\AndroidManifest.xml
Merging manifest with lower [androidx.appcompat:appcompat-resources:1.6.1] AndroidManifest.xml:17:1-22:12
uses-sdk defined in both files...
Merging uses-sdk with lower [androidx.appcompat:appcompat-resources:1.6.1] AndroidManifest.xml:20:5-44
Merging library manifest C:\Users\omen\.gradle\caches\8.13\transforms\b55c0eda0e095382c34a21efa47f8e28\transformed\autofill-1.0.0\AndroidManifest.xml
Merging manifest with lower [androidx.autofill:autofill:1.0.0] AndroidManifest.xml:17:1-24:12
uses-sdk defined in both files...
Merging uses-sdk with lower [androidx.autofill:autofill:1.0.0] AndroidManifest.xml:20:5-22:41
Merging library manifest C:\Users\omen\.gradle\caches\8.13\transforms\adcc19054cc796382bc44fb4dd0efbe7\transformed\vectordrawable-animated-1.1.0\AndroidManifest.xml
Merging manifest with lower [androidx.vectordrawable:vectordrawable-animated:1.1.0] AndroidManifest.xml:17:1-24:12
uses-sdk defined in both files...
Merging uses-sdk with lower [androidx.vectordrawable:vectordrawable-animated:1.1.0] AndroidManifest.xml:20:5-22:41
Merging library manifest C:\Users\omen\.gradle\caches\8.13\transforms\ae64d36709869f8d3dffae43053b9f1e\transformed\vectordrawable-1.1.0\AndroidManifest.xml
Merging manifest with lower [androidx.vectordrawable:vectordrawable:1.1.0] AndroidManifest.xml:17:1-24:12
uses-sdk defined in both files...
Merging uses-sdk with lower [androidx.vectordrawable:vectordrawable:1.1.0] AndroidManifest.xml:20:5-22:41
Merging library manifest C:\Users\omen\.gradle\caches\8.13\transforms\ae9f31356854e4ae630d97445b3f1ae9\transformed\core-1.12.0\AndroidManifest.xml
Merging manifest with lower [androidx.core:core:1.12.0] AndroidManifest.xml:17:1-30:12
uses-sdk defined in both files...
Merging uses-sdk with lower [androidx.core:core:1.12.0] AndroidManifest.xml:20:5-44
Adopted [permission: null]
Adopted [uses-permission: null]
application defined in both files...
Merging application with lower [androidx.core:core:1.12.0] AndroidManifest.xml:28:5-89
Merging library manifest C:\Users\omen\.gradle\caches\8.13\transforms\2f9908f953b43655843b7db06310ea59\transformed\customview-poolingcontainer-1.0.0\AndroidManifest.xml
Merging manifest with lower [androidx.customview:customview-poolingcontainer:1.0.0] AndroidManifest.xml:17:1-23:12
uses-sdk defined in both files...
Merging uses-sdk with lower [androidx.customview:customview-poolingcontainer:1.0.0] AndroidManifest.xml:20:5-21:38
Merging library manifest C:\Users\omen\.gradle\caches\8.13\transforms\8ab89c0f4b0b254ff9f0015f0d727fda\transformed\core-ktx-1.12.0\AndroidManifest.xml
Merging manifest with lower [androidx.core:core-ktx:1.12.0] AndroidManifest.xml:2:1-7:12
uses-sdk defined in both files...
Merging uses-sdk with lower [androidx.core:core-ktx:1.12.0] AndroidManifest.xml:5:5-44
Merging library manifest C:\Users\omen\.gradle\caches\8.13\transforms\fb9526f3fece886796f7ed28f7a4ee33\transformed\datastore-preferences-1.0.0\AndroidManifest.xml
Merging manifest with lower [androidx.datastore:datastore-preferences:1.0.0] AndroidManifest.xml:17:1-24:12
uses-sdk defined in both files...
Merging uses-sdk with lower [androidx.datastore:datastore-preferences:1.0.0] AndroidManifest.xml:20:5-22:41
Merging library manifest C:\Users\omen\.gradle\caches\8.13\transforms\3ddc14fa6b98a44b6ea96ffa032f8352\transformed\datastore-1.0.0\AndroidManifest.xml
Merging manifest with lower [androidx.datastore:datastore:1.0.0] AndroidManifest.xml:17:1-24:12
uses-sdk defined in both files...
Merging uses-sdk with lower [androidx.datastore:datastore:1.0.0] AndroidManifest.xml:20:5-22:41
Merging library manifest C:\Users\omen\.gradle\caches\8.13\transforms\fba5bc6172431c95d3e80927dd32abcf\transformed\sqlite-framework-2.4.0\AndroidManifest.xml
Merging manifest with lower [androidx.sqlite:sqlite-framework:2.4.0] AndroidManifest.xml:17:1-22:12
uses-sdk defined in both files...
Merging uses-sdk with lower [androidx.sqlite:sqlite-framework:2.4.0] AndroidManifest.xml:20:5-44
Merging library manifest C:\Users\omen\.gradle\caches\8.13\transforms\faae75b5f58c106821fdb043edb4e8e3\transformed\sqlite-2.4.0\AndroidManifest.xml
Merging manifest with lower [androidx.sqlite:sqlite:2.4.0] AndroidManifest.xml:17:1-22:12
uses-sdk defined in both files...
Merging uses-sdk with lower [androidx.sqlite:sqlite:2.4.0] AndroidManifest.xml:20:5-44
Merging library manifest C:\Users\omen\.gradle\caches\8.13\transforms\1fd425f3c59c8c1ddbda98d5970a0a1e\transformed\runtime-saveable-release\AndroidManifest.xml
Merging manifest with lower [androidx.compose.runtime:runtime-saveable-android:1.6.1] AndroidManifest.xml:2:1-7:12
uses-sdk defined in both files...
Merging uses-sdk with lower [androidx.compose.runtime:runtime-saveable-android:1.6.1] AndroidManifest.xml:5:5-44
Merging library manifest C:\Users\omen\.gradle\caches\8.13\transforms\433c681292842fda3dc28c60e6d1c623\transformed\runtime-release\AndroidManifest.xml
Merging manifest with lower [androidx.compose.runtime:runtime-android:1.6.1] AndroidManifest.xml:2:1-7:12
uses-sdk defined in both files...
Merging uses-sdk with lower [androidx.compose.runtime:runtime-android:1.6.1] AndroidManifest.xml:5:5-44
Merging library manifest C:\Users\omen\.gradle\caches\8.13\transforms\18f91ef7a806f0477ce8f7c822262cc4\transformed\napier-debug\AndroidManifest.xml
Merging manifest with lower [io.github.aakira:napier-android-debug:1.4.1] AndroidManifest.xml:2:1-11:12
uses-sdk defined in both files...
Merging uses-sdk with lower [io.github.aakira:napier-android-debug:1.4.1] AndroidManifest.xml:7:5-9:41
Merging library manifest C:\Users\omen\.gradle\caches\8.13\transforms\873ceb3456d03fc550f45f6a0845edf3\transformed\annotation-experimental-1.4.0\AndroidManifest.xml
Merging manifest with lower [androidx.annotation:annotation-experimental:1.4.0] AndroidManifest.xml:2:1-7:12
uses-sdk defined in both files...
Merging uses-sdk with lower [androidx.annotation:annotation-experimental:1.4.0] AndroidManifest.xml:5:5-44
Merging library manifest C:\Users\omen\.gradle\caches\8.13\transforms\43d90abe01e359e0d37e8e101ce0a280\transformed\exifinterface-1.3.6\AndroidManifest.xml
Merging manifest with lower [androidx.exifinterface:exifinterface:1.3.6] AndroidManifest.xml:17:1-24:12
uses-sdk defined in both files...
Merging uses-sdk with lower [androidx.exifinterface:exifinterface:1.3.6] AndroidManifest.xml:20:5-22:41
Merging library manifest C:\Users\omen\.gradle\caches\8.13\transforms\0673459c1f822876ef21a9df8f1a417c\transformed\core-runtime-2.2.0\AndroidManifest.xml
Merging manifest with lower [androidx.arch.core:core-runtime:2.2.0] AndroidManifest.xml:17:1-22:12
uses-sdk defined in both files...
Merging uses-sdk with lower [androidx.arch.core:core-runtime:2.2.0] AndroidManifest.xml:20:5-44
Merging library manifest C:\Users\omen\.gradle\caches\8.13\transforms\bc43a0940f17e2bb1b037ee34d1bcc79\transformed\interpolator-1.0.0\AndroidManifest.xml
Merging manifest with lower [androidx.interpolator:interpolator:1.0.0] AndroidManifest.xml:17:1-22:12
uses-sdk defined in both files...
Merging uses-sdk with lower [androidx.interpolator:interpolator:1.0.0] AndroidManifest.xml:20:5-44
Merging library manifest C:\Users\omen\.gradle\caches\8.13\transforms\0f6c1e9a918987ff02876dad41ff80e1\transformed\versionedparcelable-1.1.1\AndroidManifest.xml
Merging manifest with lower [androidx.versionedparcelable:versionedparcelable:1.1.1] AndroidManifest.xml:17:1-27:12
uses-sdk defined in both files...
Merging uses-sdk with lower [androidx.versionedparcelable:versionedparcelable:1.1.1] AndroidManifest.xml:20:5-22:41
application defined in both files...
Merging application with lower [androidx.versionedparcelable:versionedparcelable:1.1.1] AndroidManifest.xml:24:5-25:19
Merging library manifest C:\Users\omen\.gradle\caches\8.13\transforms\b5d15b135874bff5b39497d2a1ef3de8\transformed\profileinstaller-1.3.1\AndroidManifest.xml
Merging manifest with lower [androidx.profileinstaller:profileinstaller:1.3.1] AndroidManifest.xml:17:1-55:12
uses-sdk defined in both files...
Merging uses-sdk with lower [androidx.profileinstaller:profileinstaller:1.3.1] AndroidManifest.xml:21:5-44
application defined in both files...
Merging application with lower [androidx.profileinstaller:profileinstaller:1.3.1] AndroidManifest.xml:23:5-53:19
provider#androidx.startup.InitializationProvider defined in both files...
Merging provider#androidx.startup.InitializationProvider with lower [androidx.profileinstaller:profileinstaller:1.3.1] AndroidManifest.xml:24:9-32:20
Adopted [meta-data: null]
Adopted [receiver: null]
Merging library manifest C:\Users\omen\.gradle\caches\8.13\transforms\cc94dff58707f1feb45b37e384e2db7e\transformed\startup-runtime-1.1.1\AndroidManifest.xml
Merging manifest with lower [androidx.startup:startup-runtime:1.1.1] AndroidManifest.xml:17:1-33:12
uses-sdk defined in both files...
Merging uses-sdk with lower [androidx.startup:startup-runtime:1.1.1] AndroidManifest.xml:21:5-23:41
application defined in both files...
Merging application with lower [androidx.startup:startup-runtime:1.1.1] AndroidManifest.xml:25:5-31:19
provider#androidx.startup.InitializationProvider defined in both files...
Merging provider#androidx.startup.InitializationProvider with lower [androidx.startup:startup-runtime:1.1.1] AndroidManifest.xml:26:9-30:34
Merging library manifest C:\Users\omen\.gradle\caches\8.13\transforms\b74f74003e205f51d7e746c740d9aec6\transformed\tracing-1.0.0\AndroidManifest.xml
Merging manifest with lower [androidx.tracing:tracing:1.0.0] AndroidManifest.xml:17:1-24:12
uses-sdk defined in both files...
Merging uses-sdk with lower [androidx.tracing:tracing:1.0.0] AndroidManifest.xml:20:5-22:41
Merging result: SUCCESS
1<?xml version="1.0" encoding="utf-8"?>
2<manifest xmlns:android="http://schemas.android.com/apk/res/android"
3    package="com.lsj.mp7.debug"
4    android:versionCode="1"
5    android:versionName="1.0" >
6
7    <uses-sdk
8        android:minSdkVersion="24"
9        android:targetSdkVersion="34" />
10
11    <uses-permission android:name="android.permission.READ_MEDIA_AUDIO" />
11-->D:\Projects\mp7\app\src\main\AndroidManifest.xml:5:5-75
11-->D:\Projects\mp7\app\src\main\AndroidManifest.xml:5:22-72
12    <uses-permission android:name="android.permission.READ_MEDIA_VIDEO" />
12-->D:\Projects\mp7\app\src\main\AndroidManifest.xml:6:5-75
12-->D:\Projects\mp7\app\src\main\AndroidManifest.xml:6:22-72
13    <uses-permission
13-->D:\Projects\mp7\app\src\main\AndroidManifest.xml:7:5-107
14        android:name="android.permission.READ_EXTERNAL_STORAGE"
14-->D:\Projects\mp7\app\src\main\AndroidManifest.xml:7:22-77
15        android:maxSdkVersion="32" />
15-->D:\Projects\mp7\app\src\main\AndroidManifest.xml:7:78-104
16    <uses-permission android:name="android.permission.FOREGROUND_SERVICE" />
16-->D:\Projects\mp7\app\src\main\AndroidManifest.xml:8:5-77
16-->D:\Projects\mp7\app\src\main\AndroidManifest.xml:8:22-74
17    <uses-permission android:name="android.permission.FOREGROUND_SERVICE_MEDIA_PLAYBACK" />
17-->D:\Projects\mp7\app\src\main\AndroidManifest.xml:9:5-92
17-->D:\Projects\mp7\app\src\main\AndroidManifest.xml:9:22-89
18    <uses-permission android:name="android.permission.BLUETOOTH" />
18-->D:\Projects\mp7\app\src\main\AndroidManifest.xml:10:5-68
18-->D:\Projects\mp7\app\src\main\AndroidManifest.xml:10:22-65
19    <uses-permission android:name="android.permission.BLUETOOTH_ADMIN" />
19-->D:\Projects\mp7\app\src\main\AndroidManifest.xml:11:5-74
19-->D:\Projects\mp7\app\src\main\AndroidManifest.xml:11:22-71
20    <uses-permission android:name="android.permission.BLUETOOTH_CONNECT" />
20-->D:\Projects\mp7\app\src\main\AndroidManifest.xml:12:5-76
20-->D:\Projects\mp7\app\src\main\AndroidManifest.xml:12:22-73
21    <uses-permission android:name="android.permission.WAKE_LOCK" />
21-->D:\Projects\mp7\app\src\main\AndroidManifest.xml:13:5-68
21-->D:\Projects\mp7\app\src\main\AndroidManifest.xml:13:22-65
22    <uses-permission android:name="android.permission.ACCESS_NETWORK_STATE" />
22-->[androidx.media3:media3-common:1.2.1] C:\Users\omen\.gradle\caches\8.13\transforms\c81a28e349ad71c41e04e43fe24d0a80\transformed\media3-common-1.2.1\AndroidManifest.xml:22:5-79
22-->[androidx.media3:media3-common:1.2.1] C:\Users\omen\.gradle\caches\8.13\transforms\c81a28e349ad71c41e04e43fe24d0a80\transformed\media3-common-1.2.1\AndroidManifest.xml:22:22-76
23
24    <permission
24-->[androidx.core:core:1.12.0] C:\Users\omen\.gradle\caches\8.13\transforms\ae9f31356854e4ae630d97445b3f1ae9\transformed\core-1.12.0\AndroidManifest.xml:22:5-24:47
25        android:name="com.lsj.mp7.debug.DYNAMIC_RECEIVER_NOT_EXPORTED_PERMISSION"
25-->[androidx.core:core:1.12.0] C:\Users\omen\.gradle\caches\8.13\transforms\ae9f31356854e4ae630d97445b3f1ae9\transformed\core-1.12.0\AndroidManifest.xml:23:9-81
26        android:protectionLevel="signature" />
26-->[androidx.core:core:1.12.0] C:\Users\omen\.gradle\caches\8.13\transforms\ae9f31356854e4ae630d97445b3f1ae9\transformed\core-1.12.0\AndroidManifest.xml:24:9-44
27
28    <uses-permission android:name="com.lsj.mp7.debug.DYNAMIC_RECEIVER_NOT_EXPORTED_PERMISSION" />
28-->[androidx.core:core:1.12.0] C:\Users\omen\.gradle\caches\8.13\transforms\ae9f31356854e4ae630d97445b3f1ae9\transformed\core-1.12.0\AndroidManifest.xml:26:5-97
28-->[androidx.core:core:1.12.0] C:\Users\omen\.gradle\caches\8.13\transforms\ae9f31356854e4ae630d97445b3f1ae9\transformed\core-1.12.0\AndroidManifest.xml:26:22-94
29
30    <application
30-->D:\Projects\mp7\app\src\main\AndroidManifest.xml:15:5-56:19
31        android:allowBackup="true"
31-->D:\Projects\mp7\app\src\main\AndroidManifest.xml:16:9-35
32        android:appComponentFactory="androidx.core.app.CoreComponentFactory"
32-->[androidx.core:core:1.12.0] C:\Users\omen\.gradle\caches\8.13\transforms\ae9f31356854e4ae630d97445b3f1ae9\transformed\core-1.12.0\AndroidManifest.xml:28:18-86
33        android:dataExtractionRules="@xml/data_extraction_rules"
33-->D:\Projects\mp7\app\src\main\AndroidManifest.xml:17:9-65
34        android:debuggable="true"
35        android:extractNativeLibs="false"
36        android:fullBackupContent="@xml/backup_rules"
36-->D:\Projects\mp7\app\src\main\AndroidManifest.xml:18:9-54
37        android:icon="@mipmap/ic_launcher"
37-->D:\Projects\mp7\app\src\main\AndroidManifest.xml:19:9-43
38        android:label="@string/app_name"
38-->D:\Projects\mp7\app\src\main\AndroidManifest.xml:20:9-41
39        android:roundIcon="@mipmap/ic_launcher_round"
39-->D:\Projects\mp7\app\src\main\AndroidManifest.xml:21:9-54
40        android:supportsRtl="true"
40-->D:\Projects\mp7\app\src\main\AndroidManifest.xml:22:9-35
41        android:theme="@style/Theme.Mp7" >
41-->D:\Projects\mp7\app\src\main\AndroidManifest.xml:23:9-41
42        <service
42-->D:\Projects\mp7\app\src\main\AndroidManifest.xml:24:9-31:19
43            android:name="com.lsj.mp7.player.MusicService"
43-->D:\Projects\mp7\app\src\main\AndroidManifest.xml:25:13-48
44            android:exported="false"
44-->D:\Projects\mp7\app\src\main\AndroidManifest.xml:26:13-37
45            android:foregroundServiceType="mediaPlayback" >
45-->D:\Projects\mp7\app\src\main\AndroidManifest.xml:27:13-58
46            <intent-filter>
46-->D:\Projects\mp7\app\src\main\AndroidManifest.xml:28:13-30:29
47                <action android:name="androidx.media3.session.MediaSessionService" />
47-->D:\Projects\mp7\app\src\main\AndroidManifest.xml:29:17-86
47-->D:\Projects\mp7\app\src\main\AndroidManifest.xml:29:25-83
48            </intent-filter>
49        </service>
50
51        <receiver
51-->D:\Projects\mp7\app\src\main\AndroidManifest.xml:32:9-38:20
52            android:name="com.lsj.mp7.player.HeadsetButtonReceiver"
52-->D:\Projects\mp7\app\src\main\AndroidManifest.xml:33:13-57
53            android:exported="true" >
53-->D:\Projects\mp7\app\src\main\AndroidManifest.xml:34:13-36
54            <intent-filter>
54-->D:\Projects\mp7\app\src\main\AndroidManifest.xml:35:13-37:29
55                <action android:name="android.intent.action.MEDIA_BUTTON" />
55-->D:\Projects\mp7\app\src\main\AndroidManifest.xml:36:17-77
55-->D:\Projects\mp7\app\src\main\AndroidManifest.xml:36:25-74
56            </intent-filter>
57        </receiver>
58
59        <activity
59-->D:\Projects\mp7\app\src\main\AndroidManifest.xml:39:9-49:20
60            android:name="com.lsj.mp7.MainActivity"
60-->D:\Projects\mp7\app\src\main\AndroidManifest.xml:40:13-41
61            android:exported="true"
61-->D:\Projects\mp7\app\src\main\AndroidManifest.xml:41:13-36
62            android:label="@string/app_name"
62-->D:\Projects\mp7\app\src\main\AndroidManifest.xml:42:13-45
63            android:theme="@style/Theme.Mp7" >
63-->D:\Projects\mp7\app\src\main\AndroidManifest.xml:43:13-45
64            <intent-filter>
64-->D:\Projects\mp7\app\src\main\AndroidManifest.xml:44:13-48:29
65                <action android:name="android.intent.action.MAIN" />
65-->D:\Projects\mp7\app\src\main\AndroidManifest.xml:45:17-69
65-->D:\Projects\mp7\app\src\main\AndroidManifest.xml:45:25-66
66
67                <category android:name="android.intent.category.LAUNCHER" />
67-->D:\Projects\mp7\app\src\main\AndroidManifest.xml:47:17-77
67-->D:\Projects\mp7\app\src\main\AndroidManifest.xml:47:27-74
68            </intent-filter>
69        </activity>
70        <activity
70-->D:\Projects\mp7\app\src\main\AndroidManifest.xml:50:9-55:48
71            android:name="com.lsj.mp7.ui.screens.VideoPlayerActivity"
71-->D:\Projects\mp7\app\src\main\AndroidManifest.xml:51:13-59
72            android:exported="false"
72-->D:\Projects\mp7\app\src\main\AndroidManifest.xml:53:13-37
73            android:label="@string/app_name"
73-->D:\Projects\mp7\app\src\main\AndroidManifest.xml:54:13-45
74            android:screenOrientation="landscape"
74-->D:\Projects\mp7\app\src\main\AndroidManifest.xml:52:13-50
75            android:theme="@style/Theme.Mp7" />
75-->D:\Projects\mp7\app\src\main\AndroidManifest.xml:55:13-45
76
77        <service
77-->[androidx.room:room-runtime:2.6.1] C:\Users\omen\.gradle\caches\8.13\transforms\1d51782db17121ac77d25a5c6c0117cb\transformed\room-runtime-2.6.1\AndroidManifest.xml:24:9-28:63
78            android:name="androidx.room.MultiInstanceInvalidationService"
78-->[androidx.room:room-runtime:2.6.1] C:\Users\omen\.gradle\caches\8.13\transforms\1d51782db17121ac77d25a5c6c0117cb\transformed\room-runtime-2.6.1\AndroidManifest.xml:25:13-74
79            android:directBootAware="true"
79-->[androidx.room:room-runtime:2.6.1] C:\Users\omen\.gradle\caches\8.13\transforms\1d51782db17121ac77d25a5c6c0117cb\transformed\room-runtime-2.6.1\AndroidManifest.xml:26:13-43
80            android:exported="false" />
80-->[androidx.room:room-runtime:2.6.1] C:\Users\omen\.gradle\caches\8.13\transforms\1d51782db17121ac77d25a5c6c0117cb\transformed\room-runtime-2.6.1\AndroidManifest.xml:27:13-37
81
82        <activity
82-->[androidx.compose.ui:ui-test-manifest:1.6.1] C:\Users\omen\.gradle\caches\8.13\transforms\71cef10c53c036bbdba75a96eca5bf74\transformed\ui-test-manifest-1.6.1\AndroidManifest.xml:23:9-25:39
83            android:name="androidx.activity.ComponentActivity"
83-->[androidx.compose.ui:ui-test-manifest:1.6.1] C:\Users\omen\.gradle\caches\8.13\transforms\71cef10c53c036bbdba75a96eca5bf74\transformed\ui-test-manifest-1.6.1\AndroidManifest.xml:24:13-63
84            android:exported="true" />
84-->[androidx.compose.ui:ui-test-manifest:1.6.1] C:\Users\omen\.gradle\caches\8.13\transforms\71cef10c53c036bbdba75a96eca5bf74\transformed\ui-test-manifest-1.6.1\AndroidManifest.xml:25:13-36
85        <activity
85-->[androidx.compose.ui:ui-tooling-android:1.6.1] C:\Users\omen\.gradle\caches\8.13\transforms\0d71e70e577c32d90b1f77850e479df1\transformed\ui-tooling-release\AndroidManifest.xml:23:9-25:39
86            android:name="androidx.compose.ui.tooling.PreviewActivity"
86-->[androidx.compose.ui:ui-tooling-android:1.6.1] C:\Users\omen\.gradle\caches\8.13\transforms\0d71e70e577c32d90b1f77850e479df1\transformed\ui-tooling-release\AndroidManifest.xml:24:13-71
87            android:exported="true" />
87-->[androidx.compose.ui:ui-tooling-android:1.6.1] C:\Users\omen\.gradle\caches\8.13\transforms\0d71e70e577c32d90b1f77850e479df1\transformed\ui-tooling-release\AndroidManifest.xml:25:13-36
88
89        <provider
89-->[androidx.emoji2:emoji2:1.3.0] C:\Users\omen\.gradle\caches\8.13\transforms\ae1e568a369b9367fb0167fad67a2a0b\transformed\emoji2-1.3.0\AndroidManifest.xml:24:9-32:20
90            android:name="androidx.startup.InitializationProvider"
90-->[androidx.emoji2:emoji2:1.3.0] C:\Users\omen\.gradle\caches\8.13\transforms\ae1e568a369b9367fb0167fad67a2a0b\transformed\emoji2-1.3.0\AndroidManifest.xml:25:13-67
91            android:authorities="com.lsj.mp7.debug.androidx-startup"
91-->[androidx.emoji2:emoji2:1.3.0] C:\Users\omen\.gradle\caches\8.13\transforms\ae1e568a369b9367fb0167fad67a2a0b\transformed\emoji2-1.3.0\AndroidManifest.xml:26:13-68
92            android:exported="false" >
92-->[androidx.emoji2:emoji2:1.3.0] C:\Users\omen\.gradle\caches\8.13\transforms\ae1e568a369b9367fb0167fad67a2a0b\transformed\emoji2-1.3.0\AndroidManifest.xml:27:13-37
93            <meta-data
93-->[androidx.emoji2:emoji2:1.3.0] C:\Users\omen\.gradle\caches\8.13\transforms\ae1e568a369b9367fb0167fad67a2a0b\transformed\emoji2-1.3.0\AndroidManifest.xml:29:13-31:52
94                android:name="androidx.emoji2.text.EmojiCompatInitializer"
94-->[androidx.emoji2:emoji2:1.3.0] C:\Users\omen\.gradle\caches\8.13\transforms\ae1e568a369b9367fb0167fad67a2a0b\transformed\emoji2-1.3.0\AndroidManifest.xml:30:17-75
95                android:value="androidx.startup" />
95-->[androidx.emoji2:emoji2:1.3.0] C:\Users\omen\.gradle\caches\8.13\transforms\ae1e568a369b9367fb0167fad67a2a0b\transformed\emoji2-1.3.0\AndroidManifest.xml:31:17-49
96            <meta-data
96-->[androidx.lifecycle:lifecycle-process:2.7.0] C:\Users\omen\.gradle\caches\8.13\transforms\b505187b6ba824062ffe4b20e42d8d88\transformed\lifecycle-process-2.7.0\AndroidManifest.xml:29:13-31:52
97                android:name="androidx.lifecycle.ProcessLifecycleInitializer"
97-->[androidx.lifecycle:lifecycle-process:2.7.0] C:\Users\omen\.gradle\caches\8.13\transforms\b505187b6ba824062ffe4b20e42d8d88\transformed\lifecycle-process-2.7.0\AndroidManifest.xml:30:17-78
98                android:value="androidx.startup" />
98-->[androidx.lifecycle:lifecycle-process:2.7.0] C:\Users\omen\.gradle\caches\8.13\transforms\b505187b6ba824062ffe4b20e42d8d88\transformed\lifecycle-process-2.7.0\AndroidManifest.xml:31:17-49
99            <meta-data
99-->[androidx.profileinstaller:profileinstaller:1.3.1] C:\Users\omen\.gradle\caches\8.13\transforms\b5d15b135874bff5b39497d2a1ef3de8\transformed\profileinstaller-1.3.1\AndroidManifest.xml:29:13-31:52
100                android:name="androidx.profileinstaller.ProfileInstallerInitializer"
100-->[androidx.profileinstaller:profileinstaller:1.3.1] C:\Users\omen\.gradle\caches\8.13\transforms\b5d15b135874bff5b39497d2a1ef3de8\transformed\profileinstaller-1.3.1\AndroidManifest.xml:30:17-85
101                android:value="androidx.startup" />
101-->[androidx.profileinstaller:profileinstaller:1.3.1] C:\Users\omen\.gradle\caches\8.13\transforms\b5d15b135874bff5b39497d2a1ef3de8\transformed\profileinstaller-1.3.1\AndroidManifest.xml:31:17-49
102        </provider>
103
104        <receiver
104-->[androidx.profileinstaller:profileinstaller:1.3.1] C:\Users\omen\.gradle\caches\8.13\transforms\b5d15b135874bff5b39497d2a1ef3de8\transformed\profileinstaller-1.3.1\AndroidManifest.xml:34:9-52:20
105            android:name="androidx.profileinstaller.ProfileInstallReceiver"
105-->[androidx.profileinstaller:profileinstaller:1.3.1] C:\Users\omen\.gradle\caches\8.13\transforms\b5d15b135874bff5b39497d2a1ef3de8\transformed\profileinstaller-1.3.1\AndroidManifest.xml:35:13-76
106            android:directBootAware="false"
106-->[androidx.profileinstaller:profileinstaller:1.3.1] C:\Users\omen\.gradle\caches\8.13\transforms\b5d15b135874bff5b39497d2a1ef3de8\transformed\profileinstaller-1.3.1\AndroidManifest.xml:36:13-44
107            android:enabled="true"
107-->[androidx.profileinstaller:profileinstaller:1.3.1] C:\Users\omen\.gradle\caches\8.13\transforms\b5d15b135874bff5b39497d2a1ef3de8\transformed\profileinstaller-1.3.1\AndroidManifest.xml:37:13-35
108            android:exported="true"
108-->[androidx.profileinstaller:profileinstaller:1.3.1] C:\Users\omen\.gradle\caches\8.13\transforms\b5d15b135874bff5b39497d2a1ef3de8\transformed\profileinstaller-1.3.1\AndroidManifest.xml:38:13-36
109            android:permission="android.permission.DUMP" >
109-->[androidx.profileinstaller:profileinstaller:1.3.1] C:\Users\omen\.gradle\caches\8.13\transforms\b5d15b135874bff5b39497d2a1ef3de8\transformed\profileinstaller-1.3.1\AndroidManifest.xml:39:13-57
110            <intent-filter>
110-->[androidx.profileinstaller:profileinstaller:1.3.1] C:\Users\omen\.gradle\caches\8.13\transforms\b5d15b135874bff5b39497d2a1ef3de8\transformed\profileinstaller-1.3.1\AndroidManifest.xml:40:13-42:29
111                <action android:name="androidx.profileinstaller.action.INSTALL_PROFILE" />
111-->[androidx.profileinstaller:profileinstaller:1.3.1] C:\Users\omen\.gradle\caches\8.13\transforms\b5d15b135874bff5b39497d2a1ef3de8\transformed\profileinstaller-1.3.1\AndroidManifest.xml:41:17-91
111-->[androidx.profileinstaller:profileinstaller:1.3.1] C:\Users\omen\.gradle\caches\8.13\transforms\b5d15b135874bff5b39497d2a1ef3de8\transformed\profileinstaller-1.3.1\AndroidManifest.xml:41:25-88
112            </intent-filter>
113            <intent-filter>
113-->[androidx.profileinstaller:profileinstaller:1.3.1] C:\Users\omen\.gradle\caches\8.13\transforms\b5d15b135874bff5b39497d2a1ef3de8\transformed\profileinstaller-1.3.1\AndroidManifest.xml:43:13-45:29
114                <action android:name="androidx.profileinstaller.action.SKIP_FILE" />
114-->[androidx.profileinstaller:profileinstaller:1.3.1] C:\Users\omen\.gradle\caches\8.13\transforms\b5d15b135874bff5b39497d2a1ef3de8\transformed\profileinstaller-1.3.1\AndroidManifest.xml:44:17-85
114-->[androidx.profileinstaller:profileinstaller:1.3.1] C:\Users\omen\.gradle\caches\8.13\transforms\b5d15b135874bff5b39497d2a1ef3de8\transformed\profileinstaller-1.3.1\AndroidManifest.xml:44:25-82
115            </intent-filter>
116            <intent-filter>
116-->[androidx.profileinstaller:profileinstaller:1.3.1] C:\Users\omen\.gradle\caches\8.13\transforms\b5d15b135874bff5b39497d2a1ef3de8\transformed\profileinstaller-1.3.1\AndroidManifest.xml:46:13-48:29
117                <action android:name="androidx.profileinstaller.action.SAVE_PROFILE" />
117-->[androidx.profileinstaller:profileinstaller:1.3.1] C:\Users\omen\.gradle\caches\8.13\transforms\b5d15b135874bff5b39497d2a1ef3de8\transformed\profileinstaller-1.3.1\AndroidManifest.xml:47:17-88
117-->[androidx.profileinstaller:profileinstaller:1.3.1] C:\Users\omen\.gradle\caches\8.13\transforms\b5d15b135874bff5b39497d2a1ef3de8\transformed\profileinstaller-1.3.1\AndroidManifest.xml:47:25-85
118            </intent-filter>
119            <intent-filter>
119-->[androidx.profileinstaller:profileinstaller:1.3.1] C:\Users\omen\.gradle\caches\8.13\transforms\b5d15b135874bff5b39497d2a1ef3de8\transformed\profileinstaller-1.3.1\AndroidManifest.xml:49:13-51:29
120                <action android:name="androidx.profileinstaller.action.BENCHMARK_OPERATION" />
120-->[androidx.profileinstaller:profileinstaller:1.3.1] C:\Users\omen\.gradle\caches\8.13\transforms\b5d15b135874bff5b39497d2a1ef3de8\transformed\profileinstaller-1.3.1\AndroidManifest.xml:50:17-95
120-->[androidx.profileinstaller:profileinstaller:1.3.1] C:\Users\omen\.gradle\caches\8.13\transforms\b5d15b135874bff5b39497d2a1ef3de8\transformed\profileinstaller-1.3.1\AndroidManifest.xml:50:25-92
121            </intent-filter>
122        </receiver>
123    </application>
124
125</manifest>

Merged manifest saved to D:\Projects\mp7\app\build\intermediates\merged_manifest\debug\processDebugMainManifest\AndroidManifest.xml
Resolve mutations for :app:processDebugManifest (Thread[Execution worker Thread 7,5,main]) started.
:app:processDebugManifest (Thread[Execution worker Thread 7,5,main]) started.

> Task :app:processDebugManifest
Caching disabled for task ':app:processDebugManifest' because:
  Build cache is disabled
Task ':app:processDebugManifest' is not up-to-date because:
  Output property 'multiApkManifestOutputDirectory' file D:\Projects\mp7\app\build\intermediates\merged_manifests\debug\processDebugManifest has been removed.
  Output property 'multiApkManifestOutputDirectory' file D:\Projects\mp7\app\build\intermediates\merged_manifests\debug\processDebugManifest\AndroidManifest.xml has been removed.
  Output property 'multiApkManifestOutputDirectory' file D:\Projects\mp7\app\build\intermediates\merged_manifests\debug\processDebugManifest\output-metadata.json has been removed.
Resolve mutations for :app:processDebugManifestForPackage (Thread[included builds,5,main]) started.
:app:processDebugManifestForPackage (Thread[Execution worker Thread 7,5,main]) started.
Resolve mutations for :app:javaPreCompileDebug (Thread[included builds,5,main]) started.
:app:javaPreCompileDebug (Thread[Execution worker Thread 6,5,main]) started.
Resolve mutations for :app:mergeDebugShaders (Thread[Execution worker Thread 4,5,main]) started.
:app:mergeDebugShaders (Thread[Execution worker Thread 4,5,main]) started.

> Task :app:mergeDebugShaders
Caching disabled for task ':app:mergeDebugShaders' because:
  Build cache is disabled
  Simple merging task
Task ':app:mergeDebugShaders' is not up-to-date because:
  Output property 'outputDir' file D:\Projects\mp7\app\build\intermediates\merged_shaders\debug\mergeDebugShaders\out has been removed.
The input changes require a full rebuild for incremental task ':app:mergeDebugShaders'.
Resolve mutations for :app:compileDebugShaders (Thread[Execution worker Thread 4,5,main]) started.
:app:compileDebugShaders (Thread[Execution worker Thread 4,5,main]) started.

> Task :app:compileDebugShaders NO-SOURCE
Skipping task ':app:compileDebugShaders' as it has no source files and no previous output files.
Resolve mutations for :app:generateDebugAssets (Thread[Execution worker,5,main]) started.
:app:generateDebugAssets (Thread[Execution worker,5,main]) started.

> Task :app:generateDebugAssets UP-TO-DATE
Skipping task ':app:generateDebugAssets' as it has no actions.
Resolve mutations for :app:mergeDebugAssets (Thread[Execution worker,5,main]) started.
:app:mergeDebugAssets (Thread[Execution worker,5,main]) started.

> Task :app:javaPreCompileDebug
Caching disabled for task ':app:javaPreCompileDebug' because:
  Build cache is disabled
Task ':app:javaPreCompileDebug' is not up-to-date because:
  Output property 'annotationProcessorListFile' file D:\Projects\mp7\app\build\intermediates\annotation_processor_list\debug\javaPreCompileDebug\annotationProcessors.json has been removed.

> Task :app:mergeDebugAssets
Caching disabled for task ':app:mergeDebugAssets' because:
  Build cache is disabled
  Simple merging task
Task ':app:mergeDebugAssets' is not up-to-date because:
  Output property 'outputDir' file D:\Projects\mp7\app\build\intermediates\assets\debug\mergeDebugAssets has been removed.
The input changes require a full rebuild for incremental task ':app:mergeDebugAssets'.
Resolve mutations for :app:compressDebugAssets (Thread[Execution worker Thread 10,5,main]) started.
:app:compressDebugAssets (Thread[Execution worker,5,main]) started.

> Task :app:compressDebugAssets
Caching disabled for task ':app:compressDebugAssets' because:
  Build cache is disabled
Task ':app:compressDebugAssets' is not up-to-date because:
  Output property 'outputDir' file D:\Projects\mp7\app\build\intermediates\compressed_assets\debug\compressDebugAssets\out has been removed.
The input changes require a full rebuild for incremental task ':app:compressDebugAssets'.
Resolve mutations for :app:l8DexDesugarLibDebug (Thread[Execution worker Thread 10,5,main]) started.
:app:l8DexDesugarLibDebug (Thread[Execution worker Thread 10,5,main]) started.
Resolve mutations for :app:desugarDebugFileDependencies (Thread[Execution worker,5,main]) started.
:app:desugarDebugFileDependencies (Thread[Execution worker,5,main]) started.

> Task :app:desugarDebugFileDependencies
Caching disabled for task ':app:desugarDebugFileDependencies' because:
  Build cache is disabled
Task ':app:desugarDebugFileDependencies' is not up-to-date because:
  Output property 'outputDirectory' file D:\Projects\mp7\app\build\intermediates\external_file_lib_dex_archives\debug\desugarDebugFileDependencies has been removed.
  Output property 'outputGlobalSynthetics' file D:\Projects\mp7\app\build\intermediates\global_synthetics_file_lib\debug\desugarDebugFileDependencies has been removed.
Resolve mutations for :app:checkDebugDuplicateClasses (Thread[Execution worker Thread 11,5,main]) started.
:app:checkDebugDuplicateClasses (Thread[Execution worker,5,main]) started.
Resolve mutations for :app:mergeDebugJniLibFolders (Thread[Execution worker Thread 4,5,main]) started.
:app:mergeDebugJniLibFolders (Thread[Execution worker Thread 4,5,main]) started.

> Task :app:mergeDebugJniLibFolders
Caching disabled for task ':app:mergeDebugJniLibFolders' because:
  Build cache is disabled
  Simple merging task
Task ':app:mergeDebugJniLibFolders' is not up-to-date because:
  Output property 'outputDir' file D:\Projects\mp7\app\build\intermediates\merged_jni_libs\debug\mergeDebugJniLibFolders\out has been removed.
The input changes require a full rebuild for incremental task ':app:mergeDebugJniLibFolders'.
Resolve mutations for :app:mergeDebugNativeLibs (Thread[Execution worker Thread 4,5,main]) started.
:app:mergeDebugNativeLibs (Thread[Execution worker Thread 4,5,main]) started.

> Task :app:mergeDebugNativeLibs NO-SOURCE
Skipping task ':app:mergeDebugNativeLibs' as it has no source files and no previous output files.
Resolve mutations for :app:stripDebugDebugSymbols (Thread[included builds,5,main]) started.
:app:stripDebugDebugSymbols (Thread[Execution worker Thread 4,5,main]) started.

> Task :app:stripDebugDebugSymbols NO-SOURCE
Skipping task ':app:stripDebugDebugSymbols' as it has no source files and no previous output files.
Resolve mutations for :app:validateSigningDebug (Thread[Execution worker Thread 4,5,main]) started.
:app:validateSigningDebug (Thread[Execution worker Thread 4,5,main]) started.

> Task :app:validateSigningDebug
Caching disabled for task ':app:validateSigningDebug' because:
  Build cache is disabled
  Caching has been disabled for the task
Task ':app:validateSigningDebug' is not up-to-date because:
  Output property 'dummyOutputDirectory' file D:\Projects\mp7\app\build\intermediates\validate_signing_config\debug\validateSigningDebug has been removed.
Resolve mutations for :app:writeDebugAppMetadata (Thread[Execution worker Thread 6,5,main]) started.
:app:writeDebugAppMetadata (Thread[Execution worker Thread 4,5,main]) started.

> Task :app:writeDebugAppMetadata
Caching disabled for task ':app:writeDebugAppMetadata' because:
  Build cache is disabled
  Caching has been disabled for the task
Task ':app:writeDebugAppMetadata' is not up-to-date because:
  Output property 'outputFile' file D:\Projects\mp7\app\build\intermediates\app_metadata\debug\writeDebugAppMetadata\app-metadata.properties has been removed.
Resolve mutations for :app:writeDebugSigningConfigVersions (Thread[Execution worker Thread 6,5,main]) started.
:app:writeDebugSigningConfigVersions (Thread[Execution worker Thread 6,5,main]) started.

> Task :app:writeDebugSigningConfigVersions
Caching disabled for task ':app:writeDebugSigningConfigVersions' because:
  Build cache is disabled
  Caching has been disabled for the task
Task ':app:writeDebugSigningConfigVersions' is not up-to-date because:
  Output property 'outputFile' file D:\Projects\mp7\app\build\intermediates\signing_config_versions\debug\writeDebugSigningConfigVersions\signing-config-versions.json has been removed.
Resolve mutations for :app:preReleaseBuild (Thread[Execution worker Thread 6,5,main]) started.
:app:preReleaseBuild (Thread[Execution worker Thread 6,5,main]) started.

> Task :app:preReleaseBuild UP-TO-DATE
Skipping task ':app:preReleaseBuild' as it has no actions.
Resolve mutations for :app:mergeReleaseJniLibFolders (Thread[Execution worker Thread 2,5,main]) started.
:app:mergeReleaseJniLibFolders (Thread[Execution worker Thread 2,5,main]) started.

> Task :app:mergeReleaseJniLibFolders
Caching disabled for task ':app:mergeReleaseJniLibFolders' because:
  Build cache is disabled
  Simple merging task
Task ':app:mergeReleaseJniLibFolders' is not up-to-date because:
  Output property 'outputDir' file D:\Projects\mp7\app\build\intermediates\merged_jni_libs\release\mergeReleaseJniLibFolders\out has been removed.
The input changes require a full rebuild for incremental task ':app:mergeReleaseJniLibFolders'.
Resolve mutations for :app:mergeReleaseNativeLibs (Thread[Execution worker Thread 2,5,main]) started.
:app:mergeReleaseNativeLibs (Thread[Execution worker Thread 2,5,main]) started.

> Task :app:mergeReleaseNativeLibs NO-SOURCE
Skipping task ':app:mergeReleaseNativeLibs' as it has no source files and no previous output files.
Resolve mutations for :app:stripReleaseDebugSymbols (Thread[Execution worker Thread 8,5,main]) started.
:app:stripReleaseDebugSymbols (Thread[Execution worker Thread 8,5,main]) started.

> Task :app:stripReleaseDebugSymbols NO-SOURCE
Skipping task ':app:stripReleaseDebugSymbols' as it has no source files and no previous output files.
Resolve mutations for :app:extractReleaseNativeSymbolTables (Thread[Execution worker Thread 2,5,main]) started.
:app:extractReleaseNativeSymbolTables (Thread[Execution worker Thread 2,5,main]) started.

> Task :app:extractReleaseNativeSymbolTables NO-SOURCE
Skipping task ':app:extractReleaseNativeSymbolTables' as it has no source files and no previous output files.
Resolve mutations for :app:mergeReleaseNativeDebugMetadata (Thread[Execution worker Thread 2,5,main]) started.
:app:mergeReleaseNativeDebugMetadata (Thread[Execution worker Thread 2,5,main]) started.

> Task :app:mergeReleaseNativeDebugMetadata NO-SOURCE
Skipping task ':app:mergeReleaseNativeDebugMetadata' as it has no source files and no previous output files.
Resolve mutations for :app:mergeReleaseArtProfile (Thread[Execution worker Thread 2,5,main]) started.
:app:mergeReleaseArtProfile (Thread[Execution worker Thread 2,5,main]) started.
Resolve mutations for :app:buildKotlinToolingMetadata (Thread[Execution worker Thread 8,5,main]) started.
:app:buildKotlinToolingMetadata (Thread[Execution worker Thread 8,5,main]) started.

> Task :app:buildKotlinToolingMetadata
Caching disabled for task ':app:buildKotlinToolingMetadata' because:
  Build cache is disabled
  Caching has been disabled for the task
Task ':app:buildKotlinToolingMetadata' is not up-to-date because:
  Output property 'outputDirectory' file D:\Projects\mp7\app\build\kotlinToolingMetadata has been removed.
  Output property 'outputDirectory' file D:\Projects\mp7\app\build\kotlinToolingMetadata\kotlin-tooling-metadata.json has been removed.
Resolve mutations for :app:checkReleaseDuplicateClasses (Thread[Execution worker Thread 8,5,main]) started.
:app:checkReleaseDuplicateClasses (Thread[Execution worker Thread 8,5,main]) started.
Resolve mutations for :app:generateReleaseBuildConfig (Thread[Execution worker Thread 3,5,main]) started.
:app:generateReleaseBuildConfig (Thread[Execution worker Thread 3,5,main]) started.

> Task :app:generateReleaseBuildConfig
Caching disabled for task ':app:generateReleaseBuildConfig' because:
  Build cache is disabled
Task ':app:generateReleaseBuildConfig' is not up-to-date because:
  Output property 'sourceOutputDir' file D:\Projects\mp7\app\build\generated\source\buildConfig\release has been removed.
  Output property 'sourceOutputDir' file D:\Projects\mp7\app\build\generated\source\buildConfig\release\com has been removed.
  Output property 'sourceOutputDir' file D:\Projects\mp7\app\build\generated\source\buildConfig\release\com\lsj has been removed.
  and more...
Resolve mutations for :app:checkReleaseAarMetadata (Thread[Execution worker Thread 3,5,main]) started.
:app:checkReleaseAarMetadata (Thread[Execution worker Thread 5,5,main]) started.

> Task :app:mergeReleaseArtProfile
Caching disabled for task ':app:mergeReleaseArtProfile' because:
  Build cache is disabled
  Simple merging task
Task ':app:mergeReleaseArtProfile' is not up-to-date because:
  Output property 'outputFile' file D:\Projects\mp7\app\build\intermediates\merged_art_profile\release\mergeReleaseArtProfile\baseline-prof.txt has been removed.
file or directory 'D:\Projects\mp7\app\src\main\baselineProfiles', not found
file or directory 'D:\Projects\mp7\app\src\release\baselineProfiles', not found

> Task :app:checkDebugDuplicateClasses
Caching disabled for task ':app:checkDebugDuplicateClasses' because:
  Build cache is disabled
  Caching has been disabled for the task
Task ':app:checkDebugDuplicateClasses' is not up-to-date because:
  Output property 'dummyOutputDirectory' file D:\Projects\mp7\app\build\intermediates\duplicate_classes_check\debug\checkDebugDuplicateClasses has been removed.
Resolve mutations for :app:mergeExtDexDebug (Thread[Execution worker,5,main]) started.
:app:mergeExtDexDebug (Thread[Execution worker,5,main]) started.

> Task :app:checkReleaseAarMetadata
Caching disabled for task ':app:checkReleaseAarMetadata' because:
  Build cache is disabled
  Caching has been disabled for the task
Task ':app:checkReleaseAarMetadata' is not up-to-date because:
  Output property 'dummyOutputDirectory' file D:\Projects\mp7\app\build\intermediates\aar_metadata_check\release\checkReleaseAarMetadata has been removed.

> Task :app:checkReleaseDuplicateClasses
Caching disabled for task ':app:checkReleaseDuplicateClasses' because:
  Build cache is disabled
  Caching has been disabled for the task
Task ':app:checkReleaseDuplicateClasses' is not up-to-date because:
  Output property 'dummyOutputDirectory' file D:\Projects\mp7\app\build\intermediates\duplicate_classes_check\release\checkReleaseDuplicateClasses has been removed.
Resolve mutations for :app:mergeLibDexDebug (Thread[Execution worker Thread 8,5,main]) started.
:app:mergeLibDexDebug (Thread[Execution worker Thread 8,5,main]) started.
Resolve mutations for :app:expandReleaseL8ArtProfileWildcards (Thread[Execution worker Thread 11,5,main]) started.
:app:expandReleaseL8ArtProfileWildcards (Thread[Execution worker Thread 11,5,main]) started.
Resolve mutations for :app:generateReleaseResValues (Thread[Execution worker Thread 5,5,main]) started.
:app:generateReleaseResValues (Thread[Execution worker Thread 5,5,main]) started.

> Task :app:generateReleaseResValues
Caching disabled for task ':app:generateReleaseResValues' because:
  Build cache is disabled
Task ':app:generateReleaseResValues' is not up-to-date because:
  Output property 'outputDirectory' file D:\Projects\mp7\app\build\generated\res\resValues\release has been removed.
Resolve mutations for :app:mapReleaseSourceSetPaths (Thread[Execution worker Thread 5,5,main]) started.
:app:mapReleaseSourceSetPaths (Thread[Execution worker Thread 5,5,main]) started.

> Task :app:mergeLibDexDebug
Caching disabled for task ':app:mergeLibDexDebug' because:
  Build cache is disabled
Task ':app:mergeLibDexDebug' is not up-to-date because:
  Output property 'outputDir' file D:\Projects\mp7\app\build\intermediates\dex\debug\mergeLibDexDebug has been removed.
  Output property 'outputDir' file D:\Projects\mp7\app\build\intermediates\dex\debug\mergeLibDexDebug\0 has been removed.
  Output property 'outputDir' file D:\Projects\mp7\app\build\intermediates\dex\debug\mergeLibDexDebug\1 has been removed.
  and more...
The input changes require a full rebuild for incremental task ':app:mergeLibDexDebug'.

> Task :app:mapReleaseSourceSetPaths
Caching disabled for task ':app:mapReleaseSourceSetPaths' because:
  Build cache is disabled
  Caching has been disabled for the task
Task ':app:mapReleaseSourceSetPaths' is not up-to-date because:
  Output property 'filepathMappingFile' file D:\Projects\mp7\app\build\intermediates\source_set_path_map\release\mapReleaseSourceSetPaths\file-map.txt has been removed.
Resolve mutations for :app:generateReleaseResources (Thread[Execution worker Thread 5,5,main]) started.
:app:generateReleaseResources (Thread[Execution worker Thread 5,5,main]) started.

> Task :app:generateReleaseResources
Caching disabled for task ':app:generateReleaseResources' because:
  Build cache is disabled
Task ':app:generateReleaseResources' is not up-to-date because:
  Output property 'validationReportFile' file D:\Projects\mp7\app\build\intermediates\nested_resources_validation_report\release\generateReleaseResources\nestedResourcesValidationReport.txt has been removed.
Resolve mutations for :app:mergeReleaseResources (Thread[Execution worker Thread 5,5,main]) started.
:app:mergeReleaseResources (Thread[Execution worker Thread 5,5,main]) started.

> Task :app:expandReleaseL8ArtProfileWildcards
Caching disabled for task ':app:expandReleaseL8ArtProfileWildcards' because:
  Build cache is disabled
Task ':app:expandReleaseL8ArtProfileWildcards' is not up-to-date because:
  Output property 'expandedArtProfile' file D:\Projects\mp7\app\build\intermediates\l8_art_profile\release\expandReleaseL8ArtProfileWildcards\baseline-prof.txt has been removed.

> Task :app:processDebugManifestForPackage
Custom actions are attached to task ':app:processDebugManifestForPackage'.
Caching disabled for task ':app:processDebugManifestForPackage' because:
  Build cache is disabled
Task ':app:processDebugManifestForPackage' is not up-to-date because:
  Output property 'packageManifests' file D:\Projects\mp7\app\build\intermediates\packaged_manifests\debug\processDebugManifestForPackage has been removed.
  Output property 'packageManifests' file D:\Projects\mp7\app\build\intermediates\packaged_manifests\debug\processDebugManifestForPackage\AndroidManifest.xml has been removed.
  Output property 'packageManifests' file D:\Projects\mp7\app\build\intermediates\packaged_manifests\debug\processDebugManifestForPackage\output-metadata.json has been removed.

Resolve mutations for :app:packageReleaseResources (Thread[Execution worker Thread 9,5,main]) started.
:app:packageReleaseResources (Thread[Execution worker Thread 9,5,main]) started.

> Task :app:l8DexDesugarLibDebug
Caching disabled for task ':app:l8DexDesugarLibDebug' because:
  Build cache is disabled
Task ':app:l8DexDesugarLibDebug' is not up-to-date because:
  Output property 'desugarLibDex' file D:\Projects\mp7\app\build\intermediates\desugar_lib_dex\debug\l8DexDesugarLibDebug has been removed.
  Output property 'desugarLibDex' file D:\Projects\mp7\app\build\intermediates\desugar_lib_dex\debug\l8DexDesugarLibDebug\classes1000.dex has been removed.

> Task :app:packageReleaseResources
Caching disabled for task ':app:packageReleaseResources' because:
  Build cache is disabled
Task ':app:packageReleaseResources' is not up-to-date because:
  Output property 'dataBindingLayoutInfoOutFolder' file D:\Projects\mp7\app\build\intermediates\data_binding_layout_info_type_package\release\packageReleaseResources\out has been removed.
  Output property 'incrementalFolder' file D:\Projects\mp7\app\build\intermediates\incremental\release\packageReleaseResources has been removed.
  Output property 'incrementalFolder' file D:\Projects\mp7\app\build\intermediates\incremental\release\packageReleaseResources\compile-file-map.properties has been removed.
  and more...
The input changes require a full rebuild for incremental task ':app:packageReleaseResources'.
[MergeResources] Inputs are non-incremental full task action.
Resolve mutations for :app:parseReleaseLocalResources (Thread[Execution worker Thread 9,5,main]) started.
:app:parseReleaseLocalResources (Thread[Execution worker Thread 9,5,main]) started.
Resolve mutations for :app:createReleaseCompatibleScreenManifests (Thread[Execution worker Thread 4,5,main]) started.
:app:createReleaseCompatibleScreenManifests (Thread[Execution worker Thread 4,5,main]) started.

> Task :app:createReleaseCompatibleScreenManifests
Caching disabled for task ':app:createReleaseCompatibleScreenManifests' because:
  Build cache is disabled
  Caching has been disabled for the task
Task ':app:createReleaseCompatibleScreenManifests' is not up-to-date because:
  Output property 'outputFolder' file D:\Projects\mp7\app\build\intermediates\compatible_screen_manifest\release\createReleaseCompatibleScreenManifests has been removed.
  Output property 'outputFolder' file D:\Projects\mp7\app\build\intermediates\compatible_screen_manifest\release\createReleaseCompatibleScreenManifests\output-metadata.json has been removed.
Resolve mutations for :app:extractDeepLinksRelease (Thread[Execution worker Thread 4,5,main]) started.
:app:extractDeepLinksRelease (Thread[Execution worker Thread 4,5,main]) started.

> Task :app:mergeExtDexDebug
Caching disabled for task ':app:mergeExtDexDebug' because:
  Build cache is disabled
Task ':app:mergeExtDexDebug' is not up-to-date because:
  Output property 'outputDir' file D:\Projects\mp7\app\build\intermediates\dex\debug\mergeExtDexDebug has been removed.
  Output property 'outputDir' file D:\Projects\mp7\app\build\intermediates\dex\debug\mergeExtDexDebug\classes.dex has been removed.
  Output property 'outputDir' file D:\Projects\mp7\app\build\intermediates\dex\debug\mergeExtDexDebug\classes2.dex has been removed.
  and more...
The input changes require a full rebuild for incremental task ':app:mergeExtDexDebug'.
Merging to 'D:\Projects\mp7\app\build\intermediates\dex\debug\mergeExtDexDebug' with D8 from all or a subset of dex files in C:\Users\omen\.gradle\caches\8.13\transforms\334ee6b0792a1217425b23e79566583d\transformed\coil-video-2.5.0-runtime\coil-video-2.5.0-runtime_dex, C:\Users\omen\.gradle\caches\8.13\transforms\1ecfe55805f1acfc1b0ea3887ba9efd1\transformed\media3-ui-1.2.1-runtime\media3-ui-1.2.1-runtime_dex, C:\Users\omen\.gradle\caches\8.13\transforms\f51b0616716db138d388ef72fdef3882\transformed\media3-session-1.2.1-runtime\media3-session-1.2.1-runtime_dex, C:\Users\omen\.gradle\caches\8.13\transforms\0104667993d6f2e863b63ffb92439246\transformed\media3-extractor-1.2.1-runtime\media3-extractor-1.2.1-runtime_dex, C:\Users\omen\.gradle\caches\8.13\transforms\e06125eed7164663f7e40bbf28874ebf\transformed\media3-container-1.2.1-runtime\media3-container-1.2.1-runtime_dex, C:\Users\omen\.gradle\caches\8.13\transforms\299b203ff9cc1d62b2b22fe43920760b\transformed\media3-datasource-1.2.1-runtime\media3-datasource-1.2.1-runtime_dex, C:\Users\omen\.gradle\caches\8.13\transforms\ae933ac2ca5f2cb4cfe5bd71aea03a26\transformed\media3-decoder-1.2.1-runtime\media3-decoder-1.2.1-runtime_dex, C:\Users\omen\.gradle\caches\8.13\transforms\dd39f0ecf3dfc637e5d09a220f73834e\transformed\media3-database-1.2.1-runtime\media3-database-1.2.1-runtime_dex, C:\Users\omen\.gradle\caches\8.13\transforms\370680b771a75594ec372a669d80137f\transformed\media3-common-1.2.1-runtime\media3-common-1.2.1-runtime_dex, C:\Users\omen\.gradle\caches\8.13\transforms\1b1a598e4bf035dac790422941448af8\transformed\media3-exoplayer-dash-1.2.1-runtime\media3-exoplayer-dash-1.2.1-runtime_dex, C:\Users\omen\.gradle\caches\8.13\transforms\6f4710712e75ee93da4ec6cb8bf43fd2\transformed\media3-exoplayer-1.2.1-runtime\media3-exoplayer-1.2.1-runtime_dex, C:\Users\omen\.gradle\caches\8.13\transforms\0d5205dfd617c0b60c71053210cfec44\transformed\media-1.6.0-runtime\media-1.6.0-runtime_dex, C:\Users\omen\.gradle\caches\8.13\transforms\ec380abdffaf9cc1190106e30c6f1d6b\transformed\recyclerview-1.3.0-runtime\recyclerview-1.3.0-runtime_dex, C:\Users\omen\.gradle\caches\8.13\transforms\e366372b66e17a069d4bd78875d71c3e\transformed\navigation-common-2.7.6-runtime\navigation-common-2.7.6-runtime_dex, C:\Users\omen\.gradle\caches\8.13\transforms\42c75cb53043221d078fb12b868c5c93\transformed\navigation-runtime-2.7.6-runtime\navigation-runtime-2.7.6-runtime_dex, C:\Users\omen\.gradle\caches\8.13\transforms\ae4185474d58e35523e35c48b23775d4\transformed\navigation-compose-2.7.6-runtime\navigation-compose-2.7.6-runtime_dex, C:\Users\omen\.gradle\caches\8.13\transforms\fe165a685857a88ea54664b1946f4bc0\transformed\accompanist-permissions-0.32.0-runtime\accompanist-permissions-0.32.0-runtime_dex, C:\Users\omen\.gradle\caches\8.13\transforms\3d517013627a31c06b4b3ac9614914af\transformed\activity-1.8.2-runtime\activity-1.8.2-runtime_dex, C:\Users\omen\.gradle\caches\8.13\transforms\ca00c5824d6969ca8fac2b4673d988f4\transformed\activity-ktx-1.8.2-runtime\activity-ktx-1.8.2-runtime_dex, C:\Users\omen\.gradle\caches\8.13\transforms\8274da6ccc1986b36948b472c180c31a\transformed\material3-release-runtime\material3-release-runtime_dex, C:\Users\omen\.gradle\caches\8.13\transforms\e031aacb72defbd6bdfe827105bab1f9\transformed\room-common-2.6.1\room-common-2.6.1_dex, C:\Users\omen\.gradle\caches\8.13\transforms\d694cfd6d5028c5649dff95f8d439a4d\transformed\room-ktx-2.6.1-runtime\room-ktx-2.6.1-runtime_dex, C:\Users\omen\.gradle\caches\8.13\transforms\97b1f8005da7f231086269b8e8f4236a\transformed\room-runtime-2.6.1-runtime\room-runtime-2.6.1-runtime_dex, C:\Users\omen\.gradle\caches\8.13\transforms\f22ee8a6c6d484fc24e9ef6bfb39bcfa\transformed\room-paging-2.6.1-runtime\room-paging-2.6.1-runtime_dex, C:\Users\omen\.gradle\caches\8.13\transforms\a8b33697e48d621b5fbc42f5a7d2e9f5\transformed\paging-common-3.2.1\paging-common-3.2.1_dex, C:\Users\omen\.gradle\caches\8.13\transforms\160729a922d029e1064d8b311e1743a0\transformed\paging-compose-3.2.1-runtime\paging-compose-3.2.1-runtime_dex, C:\Users\omen\.gradle\caches\8.13\transforms\6fcf55daef272ee5638583831d4d334a\transformed\coil-compose-2.5.0-runtime\coil-compose-2.5.0-runtime_dex, C:\Users\omen\.gradle\caches\8.13\transforms\b04f2659b8321cd29f19129b3982cf93\transformed\coil-compose-base-2.5.0-runtime\coil-compose-base-2.5.0-runtime_dex, C:\Users\omen\.gradle\caches\8.13\transforms\c04cbf13536112363408322fbb37b06b\transformed\material-release-runtime\material-release-runtime_dex, C:\Users\omen\.gradle\caches\8.13\transforms\8bb9b473d4186e40523e276406b3e6e2\transformed\material-icons-core-release-runtime\material-icons-core-release-runtime_dex, C:\Users\omen\.gradle\caches\8.13\transforms\0eef1f56c1cfbd6ba957a87004c27060\transformed\material-icons-extended-release-runtime\material-icons-extended-release-runtime_dex, C:\Users\omen\.gradle\caches\8.13\transforms\fe605b5e465832bf4b36fc9dd89e7db6\transformed\material-ripple-release-runtime\material-ripple-release-runtime_dex, C:\Users\omen\.gradle\caches\8.13\transforms\f79eb4cf39162116f1f946090fccc124\transformed\animation-core-release-runtime\animation-core-release-runtime_dex, C:\Users\omen\.gradle\caches\8.13\transforms\5e3a9910109c7bac7be772bc114cbef7\transformed\animation-release-runtime\animation-release-runtime_dex, C:\Users\omen\.gradle\caches\8.13\transforms\9b54b235b96b589a6d61b8cb00b439b6\transformed\foundation-layout-release-runtime\foundation-layout-release-runtime_dex, C:\Users\omen\.gradle\caches\8.13\transforms\af403c46cdc2f668a3fe37cfec6e3335\transformed\foundation-release-runtime\foundation-release-runtime_dex, C:\Users\omen\.gradle\caches\8.13\transforms\c07d82fbe3ab9aa63497207548ff008c\transformed\ui-tooling-data-release-runtime\ui-tooling-data-release-runtime_dex, C:\Users\omen\.gradle\caches\8.13\transforms\5d65ab665ae45074377cd3af7c7a674d\transformed\ui-unit-release-runtime\ui-unit-release-runtime_dex, C:\Users\omen\.gradle\caches\8.13\transforms\f0743264be88909b202db4b9c7937abb\transformed\ui-geometry-release-runtime\ui-geometry-release-runtime_dex, C:\Users\omen\.gradle\caches\8.13\transforms\e93b88997b991ba73520e9d61f7756e0\transformed\ui-util-release-runtime\ui-util-release-runtime_dex, C:\Users\omen\.gradle\caches\8.13\transforms\9b8261ab9f66f6fde2904a4cfa4ea5b1\transformed\ui-text-release-runtime\ui-text-release-runtime_dex, C:\Users\omen\.gradle\caches\8.13\transforms\ea0b1f62fbd239d987f1a4dce9b36e09\transformed\ui-tooling-preview-release-runtime\ui-tooling-preview-release-runtime_dex, C:\Users\omen\.gradle\caches\8.13\transforms\6f73496060dc1e78d2dca2cb67fffee7\transformed\ui-graphics-release-runtime\ui-graphics-release-runtime_dex, C:\Users\omen\.gradle\caches\8.13\transforms\cf2f4581846e68c33f64a891dfc3f238\transformed\ui-tooling-release-runtime\ui-tooling-release-runtime_dex, C:\Users\omen\.gradle\caches\8.13\transforms\ed387252933c0b6b0ae2f0852c4a3cd7\transformed\activity-compose-1.8.2-runtime\activity-compose-1.8.2-runtime_dex, C:\Users\omen\.gradle\caches\8.13\transforms\d2c4e4deead3ffd71675014e81453bff\transformed\emoji2-1.3.0-runtime\emoji2-1.3.0-runtime_dex, C:\Users\omen\.gradle\caches\8.13\transforms\7a01e5f9a170405066e273e970c718f7\transformed\lifecycle-process-2.7.0-runtime\lifecycle-process-2.7.0-runtime_dex, C:\Users\omen\.gradle\caches\8.13\transforms\649dd467c0ccf2345a8a20d9c1d085a1\transformed\lifecycle-livedata-core-2.7.0-runtime\lifecycle-livedata-core-2.7.0-runtime_dex, C:\Users\omen\.gradle\caches\8.13\transforms\4d663f65ea4e69580919d551eccd57fc\transformed\savedstate-ktx-1.2.1-runtime\savedstate-ktx-1.2.1-runtime_dex, C:\Users\omen\.gradle\caches\8.13\transforms\294da7c0ce965547769c3c408ed72cd2\transformed\savedstate-1.2.1-runtime\savedstate-1.2.1-runtime_dex, C:\Users\omen\.gradle\caches\8.13\transforms\407e50f86577fae723b031608b00ce1a\transformed\lifecycle-common-2.7.0\lifecycle-common-2.7.0_dex, C:\Users\omen\.gradle\caches\8.13\transforms\371a82c338a4187b91dbbced8af6f902\transformed\lifecycle-viewmodel-2.7.0-runtime\lifecycle-viewmodel-2.7.0-runtime_dex, C:\Users\omen\.gradle\caches\8.13\transforms\e4cfc63df14d08332cad8fb1d5fec428\transformed\lifecycle-viewmodel-savedstate-2.7.0-runtime\lifecycle-viewmodel-savedstate-2.7.0-runtime_dex, C:\Users\omen\.gradle\caches\8.13\transforms\92a6bf269a27f13b7a5db1312017b43c\transformed\lifecycle-viewmodel-ktx-2.7.0-runtime\lifecycle-viewmodel-ktx-2.7.0-runtime_dex, C:\Users\omen\.gradle\caches\8.13\transforms\1f9e18dbbe0325dd3a451b3b24383fb7\transformed\coil-2.5.0-runtime\coil-2.5.0-runtime_dex, C:\Users\omen\.gradle\caches\8.13\transforms\dd0b9a6d36abb2d11bf89ffb499e0ed3\transformed\coil-base-2.5.0-runtime\coil-base-2.5.0-runtime_dex, C:\Users\omen\.gradle\caches\8.13\transforms\cce1f9a1098e2c50639bb69b3bc42d2e\transformed\lifecycle-runtime-2.7.0-runtime\lifecycle-runtime-2.7.0-runtime_dex, C:\Users\omen\.gradle\caches\8.13\transforms\b11dcfe46ecdec99b582adf04e8097aa\transformed\lifecycle-runtime-compose-2.7.0-runtime\lifecycle-runtime-compose-2.7.0-runtime_dex, C:\Users\omen\.gradle\caches\8.13\transforms\0f5c25a9f2fdbd0e71a9ae9e06c177eb\transformed\lifecycle-runtime-ktx-2.7.0-runtime\lifecycle-runtime-ktx-2.7.0-runtime_dex, C:\Users\omen\.gradle\caches\8.13\transforms\8fa6ba5069eba0c5d6b9bd2c3561e065\transformed\lifecycle-viewmodel-compose-2.7.0-runtime\lifecycle-viewmodel-compose-2.7.0-runtime_dex, C:\Users\omen\.gradle\caches\8.13\transforms\3fb160fff1022f5284bd4ba297fd596a\transformed\accompanist-drawablepainter-0.32.0-runtime\accompanist-drawablepainter-0.32.0-runtime_dex, C:\Users\omen\.gradle\caches\8.13\transforms\ee9e4b1d89b78b2620e9912138f8245e\transformed\ui-release-runtime\ui-release-runtime_dex, C:\Users\omen\.gradle\caches\8.13\transforms\7b4f8a1c39b0a6a1744c2996e8c05793\transformed\customview-1.0.0-runtime\customview-1.0.0-runtime_dex, C:\Users\omen\.gradle\caches\8.13\transforms\d381d8705cba4bc472a74fee72926c49\transformed\appcompat-resources-1.6.1-runtime\appcompat-resources-1.6.1-runtime_dex, C:\Users\omen\.gradle\caches\8.13\transforms\7d20ac21f96f6bf6db838b6f57c2a6a4\transformed\autofill-1.0.0-runtime\autofill-1.0.0-runtime_dex, C:\Users\omen\.gradle\caches\8.13\transforms\37d213b434164786f3f1514dfc7fac0a\transformed\vectordrawable-animated-1.1.0-runtime\vectordrawable-animated-1.1.0-runtime_dex, C:\Users\omen\.gradle\caches\8.13\transforms\ff0bc8f934ab9e764b5cddd2acce4f42\transformed\vectordrawable-1.1.0-runtime\vectordrawable-1.1.0-runtime_dex, C:\Users\omen\.gradle\caches\8.13\transforms\512740522e233f55bf359d4556c745b6\transformed\core-1.12.0-runtime\core-1.12.0-runtime_dex, C:\Users\omen\.gradle\caches\8.13\transforms\dd86f50e46819a9f175c539ff733345d\transformed\customview-poolingcontainer-1.0.0-runtime\customview-poolingcontainer-1.0.0-runtime_dex, C:\Users\omen\.gradle\caches\8.13\transforms\da5f2c6ef25eaf119c13591006c8fc65\transformed\core-ktx-1.12.0-runtime\core-ktx-1.12.0-runtime_dex, C:\Users\omen\.gradle\caches\8.13\transforms\7568e95d73a5c02127acc81f5a88541a\transformed\datastore-preferences-1.0.0-runtime\datastore-preferences-1.0.0-runtime_dex, C:\Users\omen\.gradle\caches\8.13\transforms\fc72cb1fa5210f78e3b20d8e56750333\transformed\datastore-1.0.0-runtime\datastore-1.0.0-runtime_dex, C:\Users\omen\.gradle\caches\8.13\transforms\6b9a427468eebf36e5c21c24af8b7907\transformed\datastore-preferences-core-1.0.0\datastore-preferences-core-1.0.0_dex, C:\Users\omen\.gradle\caches\8.13\transforms\456e937c7f493e3274da1d3f334da1c0\transformed\datastore-core-1.0.0\datastore-core-1.0.0_dex, C:\Users\omen\.gradle\caches\8.13\transforms\4a517ca97dea9561dd3c6b9a16774762\transformed\sqlite-framework-2.4.0-runtime\sqlite-framework-2.4.0-runtime_dex, C:\Users\omen\.gradle\caches\8.13\transforms\a1bd0d08a901274cacc08003df8b3fc3\transformed\sqlite-2.4.0-runtime\sqlite-2.4.0-runtime_dex, C:\Users\omen\.gradle\caches\8.13\transforms\c63a29534216887161c53cdfbc0df78f\transformed\kotlinx-serialization-core-jvm-1.6.2\kotlinx-serialization-core-jvm-1.6.2_dex, C:\Users\omen\.gradle\caches\8.13\transforms\8a5c2d624ceb4acc024af3b048eed588\transformed\kotlinx-serialization-json-jvm-1.6.2\kotlinx-serialization-json-jvm-1.6.2_dex, C:\Users\omen\.gradle\caches\8.13\transforms\9a07077ddd8d15a6b4ff415e3bd06f44\transformed\retrofit-2.9.0\retrofit-2.9.0_dex, C:\Users\omen\.gradle\caches\8.13\transforms\be572d8a2b1b906b4b167de5770c8b91\transformed\okhttp-4.12.0\okhttp-4.12.0_dex, C:\Users\omen\.gradle\caches\8.13\transforms\81f693575908ace699f4d3c3f50e4599\transformed\runtime-saveable-release-runtime\runtime-saveable-release-runtime_dex, C:\Users\omen\.gradle\caches\8.13\transforms\684c6474912622e9f14e7a766c5d378b\transformed\runtime-release-runtime\runtime-release-runtime_dex, C:\Users\omen\.gradle\caches\8.13\transforms\cab368e7a2c73ff3d2d06dcba3884756\transformed\kotlinx-coroutines-android-1.7.3\kotlinx-coroutines-android-1.7.3_dex, C:\Users\omen\.gradle\caches\8.13\transforms\ea22628ea0c25d550821af5260ab0ae5\transformed\kotlinx-coroutines-core-jvm-1.7.3\kotlinx-coroutines-core-jvm-1.7.3_dex, C:\Users\omen\.gradle\caches\8.13\transforms\2a0704902b2ddfdce4344039dd8f1e6e\transformed\okio-jvm-3.6.0\okio-jvm-3.6.0_dex, C:\Users\omen\.gradle\caches\8.13\transforms\82aa7d597fe5ad76a0673be0d2b54c80\transformed\napier-debug-runtime\napier-debug-runtime_dex, C:\Users\omen\.gradle\caches\8.13\transforms\a84f2482eacf057543bdb7568000cf54\transformed\annotation-experimental-1.4.0-runtime\annotation-experimental-1.4.0-runtime_dex, C:\Users\omen\.gradle\caches\8.13\transforms\922517975b0ae351b979533dabf9641e\transformed\exifinterface-1.3.6-runtime\exifinterface-1.3.6-runtime_dex, C:\Users\omen\.gradle\caches\8.13\transforms\abff53b94ba170bba5aeccf854b1e90d\transformed\core-runtime-2.2.0-runtime\core-runtime-2.2.0-runtime_dex, C:\Users\omen\.gradle\caches\8.13\transforms\b226020ab3cbf24c08db136dc8ccf39b\transformed\interpolator-1.0.0-runtime\interpolator-1.0.0-runtime_dex, C:\Users\omen\.gradle\caches\8.13\transforms\06ece895985fc1061234d5090e928e24\transformed\versionedparcelable-1.1.1-runtime\versionedparcelable-1.1.1-runtime_dex, C:\Users\omen\.gradle\caches\8.13\transforms\7579c84b9c3ec65d7fc79564b84fbc71\transformed\core-common-2.2.0\core-common-2.2.0_dex, C:\Users\omen\.gradle\caches\8.13\transforms\3e2e6b45ebe46a2171097ca0f27074d1\transformed\profileinstaller-1.3.1-runtime\profileinstaller-1.3.1-runtime_dex, C:\Users\omen\.gradle\caches\8.13\transforms\527c569a29ac0b6c266a88c44ec15633\transformed\startup-runtime-1.1.1-runtime\startup-runtime-1.1.1-runtime_dex, C:\Users\omen\.gradle\caches\8.13\transforms\7377bf0e86ea3e8e75948ea424b71740\transformed\tracing-1.0.0-runtime\tracing-1.0.0-runtime_dex, C:\Users\omen\.gradle\caches\8.13\transforms\f6c97380edcf2b10d02923da577c56fd\transformed\concurrent-futures-1.1.0\concurrent-futures-1.1.0_dex, C:\Users\omen\.gradle\caches\8.13\transforms\daab7ff7775c664bf4c353134be7ef59\transformed\collection-jvm-1.4.0\collection-jvm-1.4.0_dex, C:\Users\omen\.gradle\caches\8.13\transforms\5c561bcd063bfda23420bd4776aa10a8\transformed\annotation-jvm-1.7.0\annotation-jvm-1.7.0_dex, C:\Users\omen\.gradle\caches\8.13\transforms\842c8b2081df2c6bd12f24b571695d5a\transformed\kotlin-stdlib-1.9.22\kotlin-stdlib-1.9.22_dex, C:\Users\omen\.gradle\caches\8.13\transforms\9ca7bc5296f1a91bb91e9d469fbeb918\transformed\disklrucache-2.0.2\disklrucache-2.0.2_dex, C:\Users\omen\.gradle\caches\8.13\transforms\b3eb629c9810a95d4fb4cafd88dc7e5b\transformed\annotations-23.0.0\annotations-23.0.0_dex, C:\Users\omen\.gradle\caches\8.13\transforms\f7b05f7682b5af4035950be386cea54e\transformed\guava-31.1-android\guava-31.1-android_dex, C:\Users\omen\.gradle\caches\8.13\transforms\62d522019202085ea1c541f2994a7b8f\transformed\failureaccess-1.0.1\failureaccess-1.0.1_dex, and from all global synthetics files in 

> Task :app:extractDeepLinksRelease
Caching disabled for task ':app:extractDeepLinksRelease' because:
  Build cache is disabled
Task ':app:extractDeepLinksRelease' is not up-to-date because:
  Output property 'navigationJson' file D:\Projects\mp7\app\build\intermediates\navigation_json\release\extractDeepLinksRelease\navigation.json has been removed.
Resolve mutations for :app:processReleaseMainManifest (Thread[Execution worker Thread 4,5,main]) started.
:app:processReleaseMainManifest (Thread[Execution worker Thread 4,5,main]) started.

> Task :app:parseReleaseLocalResources
Caching disabled for task ':app:parseReleaseLocalResources' because:
  Build cache is disabled
Task ':app:parseReleaseLocalResources' is not up-to-date because:
  Output property 'librarySymbolsFile' file D:\Projects\mp7\app\build\intermediates\local_only_symbol_list\release\parseReleaseLocalResources\R-def.txt has been removed.
The input changes require a full rebuild for incremental task ':app:parseReleaseLocalResources'.

> Task :app:mergeReleaseResources
Caching disabled for task ':app:mergeReleaseResources' because:
  Build cache is disabled
Task ':app:mergeReleaseResources' is not up-to-date because:
  Output property 'blameLogOutputFolder' file D:\Projects\mp7\app\build\intermediates\merged_res_blame_folder\release\mergeReleaseResources\out has been removed.
  Output property 'blameLogOutputFolder' file D:\Projects\mp7\app\build\intermediates\merged_res_blame_folder\release\mergeReleaseResources\out\multi-v2 has been removed.
  Output property 'blameLogOutputFolder' file D:\Projects\mp7\app\build\intermediates\merged_res_blame_folder\release\mergeReleaseResources\out\multi-v2\mergeReleaseResources.json has been removed.
  and more...
The input changes require a full rebuild for incremental task ':app:mergeReleaseResources'.
[MergeResources] Inputs are non-incremental full task action.
Compiling XML table D:\Projects\mp7\app\build\intermediates\incremental\release\mergeReleaseResources\merged.dir\values\values.xml to D:\Projects\mp7\app\build\intermediates\merged_res\release\mergeReleaseResources\values_values.arsc.flat
Compiling XML table D:\Projects\mp7\app\build\intermediates\incremental\release\mergeReleaseResources\merged.dir\values-hi\values-hi.xml to D:\Projects\mp7\app\build\intermediates\merged_res\release\mergeReleaseResources\values-hi_values-hi.arsc.flat
Compiling XML table D:\Projects\mp7\app\build\intermediates\incremental\release\mergeReleaseResources\merged.dir\values-de\values-de.xml to D:\Projects\mp7\app\build\intermediates\merged_res\release\mergeReleaseResources\values-de_values-de.arsc.flat
Compiling XML table D:\Projects\mp7\app\build\intermediates\incremental\release\mergeReleaseResources\merged.dir\values-lo\values-lo.xml to D:\Projects\mp7\app\build\intermediates\merged_res\release\mergeReleaseResources\values-lo_values-lo.arsc.flat
Compiling XML table D:\Projects\mp7\app\build\intermediates\incremental\release\mergeReleaseResources\merged.dir\values-pt\values-pt.xml to D:\Projects\mp7\app\build\intermediates\merged_res\release\mergeReleaseResources\values-pt_values-pt.arsc.flat
Compiling XML table D:\Projects\mp7\app\build\intermediates\incremental\release\mergeReleaseResources\merged.dir\values-lt\values-lt.xml to D:\Projects\mp7\app\build\intermediates\merged_res\release\mergeReleaseResources\values-lt_values-lt.arsc.flat
Compiling XML table D:\Projects\mp7\app\build\intermediates\incremental\release\mergeReleaseResources\merged.dir\values-ml\values-ml.xml to D:\Projects\mp7\app\build\intermediates\merged_res\release\mergeReleaseResources\values-ml_values-ml.arsc.flat
Compiling XML table D:\Projects\mp7\app\build\intermediates\incremental\release\mergeReleaseResources\merged.dir\values-mk\values-mk.xml to D:\Projects\mp7\app\build\intermediates\merged_res\release\mergeReleaseResources\values-mk_values-mk.arsc.flat
Compiling XML table D:\Projects\mp7\app\build\intermediates\incremental\release\mergeReleaseResources\merged.dir\values-ur\values-ur.xml to D:\Projects\mp7\app\build\intermediates\merged_res\release\mergeReleaseResources\values-ur_values-ur.arsc.flat
Compiling XML table D:\Projects\mp7\app\build\intermediates\incremental\release\mergeReleaseResources\merged.dir\values-hr\values-hr.xml to D:\Projects\mp7\app\build\intermediates\merged_res\release\mergeReleaseResources\values-hr_values-hr.arsc.flat
Compiling XML table D:\Projects\mp7\app\build\intermediates\incremental\release\mergeReleaseResources\merged.dir\values-mn\values-mn.xml to D:\Projects\mp7\app\build\intermediates\merged_res\release\mergeReleaseResources\values-mn_values-mn.arsc.flat
Compiling XML table D:\Projects\mp7\app\build\intermediates\incremental\release\mergeReleaseResources\merged.dir\values-af\values-af.xml to D:\Projects\mp7\app\build\intermediates\merged_res\release\mergeReleaseResources\values-af_values-af.arsc.flat
Compiling XML table D:\Projects\mp7\app\build\intermediates\incremental\release\mergeReleaseResources\merged.dir\values-it\values-it.xml to D:\Projects\mp7\app\build\intermediates\merged_res\release\mergeReleaseResources\values-it_values-it.arsc.flat
Compiling XML table D:\Projects\mp7\app\build\intermediates\incremental\release\mergeReleaseResources\merged.dir\values-lv\values-lv.xml to D:\Projects\mp7\app\build\intermediates\merged_res\release\mergeReleaseResources\values-lv_values-lv.arsc.flat
Compiling XML table D:\Projects\mp7\app\build\intermediates\incremental\release\mergeReleaseResources\merged.dir\values-hu\values-hu.xml to D:\Projects\mp7\app\build\intermediates\merged_res\release\mergeReleaseResources\values-hu_values-hu.arsc.flat
Compiling XML table D:\Projects\mp7\app\build\intermediates\incremental\release\mergeReleaseResources\merged.dir\values-fr-rCA\values-fr-rCA.xml to D:\Projects\mp7\app\build\intermediates\merged_res\release\mergeReleaseResources\values-fr-rCA_values-fr-rCA.arsc.flat
Compiling XML table D:\Projects\mp7\app\build\intermediates\incremental\release\mergeReleaseResources\merged.dir\values-my\values-my.xml to D:\Projects\mp7\app\build\intermediates\merged_res\release\mergeReleaseResources\values-my_values-my.arsc.flat
Compiling XML table D:\Projects\mp7\app\build\intermediates\incremental\release\mergeReleaseResources\merged.dir\values-zh-rHK\values-zh-rHK.xml to D:\Projects\mp7\app\build\intermediates\merged_res\release\mergeReleaseResources\values-zh-rHK_values-zh-rHK.arsc.flat
Compiling XML table D:\Projects\mp7\app\build\intermediates\incremental\release\mergeReleaseResources\merged.dir\values-v21\values-v21.xml to D:\Projects\mp7\app\build\intermediates\merged_res\release\mergeReleaseResources\values-v21_values-v21.arsc.flat
Compiling XML table D:\Projects\mp7\app\build\intermediates\incremental\release\mergeReleaseResources\merged.dir\values-is\values-is.xml to D:\Projects\mp7\app\build\intermediates\merged_res\release\mergeReleaseResources\values-is_values-is.arsc.flat
Compiling XML table D:\Projects\mp7\app\build\intermediates\incremental\release\mergeReleaseResources\merged.dir\values-uz\values-uz.xml to D:\Projects\mp7\app\build\intermediates\merged_res\release\mergeReleaseResources\values-uz_values-uz.arsc.flat
Compiling XML table D:\Projects\mp7\app\build\intermediates\incremental\release\mergeReleaseResources\merged.dir\values-mr\values-mr.xml to D:\Projects\mp7\app\build\intermediates\merged_res\release\mergeReleaseResources\values-mr_values-mr.arsc.flat
Compiling XML table D:\Projects\mp7\app\build\intermediates\incremental\release\mergeReleaseResources\merged.dir\values-iw\values-iw.xml to D:\Projects\mp7\app\build\intermediates\merged_res\release\mergeReleaseResources\values-iw_values-iw.arsc.flat
Compiling XML table D:\Projects\mp7\app\build\intermediates\incremental\release\mergeReleaseResources\merged.dir\values-v16\values-v16.xml to D:\Projects\mp7\app\build\intermediates\merged_res\release\mergeReleaseResources\values-v16_values-v16.arsc.flat
Compiling XML table D:\Projects\mp7\app\build\intermediates\incremental\release\mergeReleaseResources\merged.dir\values-am\values-am.xml to D:\Projects\mp7\app\build\intermediates\merged_res\release\mergeReleaseResources\values-am_values-am.arsc.flat
Compiling XML table D:\Projects\mp7\app\build\intermediates\incremental\release\mergeReleaseResources\merged.dir\values-zh-rTW\values-zh-rTW.xml to D:\Projects\mp7\app\build\intermediates\merged_res\release\mergeReleaseResources\values-zh-rTW_values-zh-rTW.arsc.flat
Compiling XML table D:\Projects\mp7\app\build\intermediates\incremental\release\mergeReleaseResources\merged.dir\values-ja\values-ja.xml to D:\Projects\mp7\app\build\intermediates\merged_res\release\mergeReleaseResources\values-ja_values-ja.arsc.flat
Compiling XML table D:\Projects\mp7\app\build\intermediates\incremental\release\mergeReleaseResources\merged.dir\values-nb\values-nb.xml to D:\Projects\mp7\app\build\intermediates\merged_res\release\mergeReleaseResources\values-nb_values-nb.arsc.flat
Compiling XML table D:\Projects\mp7\app\build\intermediates\incremental\release\mergeReleaseResources\merged.dir\values-b+sr+Latn\values-b+sr+Latn.xml to D:\Projects\mp7\app\build\intermediates\merged_res\release\mergeReleaseResources\values-b+sr+Latn_values-b+sr+Latn.arsc.flat
Compiling XML table D:\Projects\mp7\app\build\intermediates\incremental\release\mergeReleaseResources\merged.dir\values-es\values-es.xml to D:\Projects\mp7\app\build\intermediates\merged_res\release\mergeReleaseResources\values-es_values-es.arsc.flat
Compiling XML table D:\Projects\mp7\app\build\intermediates\incremental\release\mergeReleaseResources\merged.dir\values-en-rXC\values-en-rXC.xml to D:\Projects\mp7\app\build\intermediates\merged_res\release\mergeReleaseResources\values-en-rXC_values-en-rXC.arsc.flat
Compiling XML table D:\Projects\mp7\app\build\intermediates\incremental\release\mergeReleaseResources\merged.dir\values-zh-rCN\values-zh-rCN.xml to D:\Projects\mp7\app\build\intermediates\merged_res\release\mergeReleaseResources\values-zh-rCN_values-zh-rCN.arsc.flat
Compiling XML table D:\Projects\mp7\app\build\intermediates\incremental\release\mergeReleaseResources\merged.dir\values-vi\values-vi.xml to D:\Projects\mp7\app\build\intermediates\merged_res\release\mergeReleaseResources\values-vi_values-vi.arsc.flat
Compiling XML table D:\Projects\mp7\app\build\intermediates\incremental\release\mergeReleaseResources\merged.dir\values-az\values-az.xml to D:\Projects\mp7\app\build\intermediates\merged_res\release\mergeReleaseResources\values-az_values-az.arsc.flat
Compiling XML table D:\Projects\mp7\app\build\intermediates\incremental\release\mergeReleaseResources\merged.dir\values-ne\values-ne.xml to D:\Projects\mp7\app\build\intermediates\merged_res\release\mergeReleaseResources\values-ne_values-ne.arsc.flat
Compiling XML table D:\Projects\mp7\app\build\intermediates\incremental\release\mergeReleaseResources\merged.dir\values-v24\values-v24.xml to D:\Projects\mp7\app\build\intermediates\merged_res\release\mergeReleaseResources\values-v24_values-v24.arsc.flat
Compiling XML table D:\Projects\mp7\app\build\intermediates\incremental\release\mergeReleaseResources\merged.dir\values-bn\values-bn.xml to D:\Projects\mp7\app\build\intermediates\merged_res\release\mergeReleaseResources\values-bn_values-bn.arsc.flat
Compiling XML table D:\Projects\mp7\app\build\intermediates\incremental\release\mergeReleaseResources\merged.dir\values-si\values-si.xml to D:\Projects\mp7\app\build\intermediates\merged_res\release\mergeReleaseResources\values-si_values-si.arsc.flat
Compiling XML table D:\Projects\mp7\app\build\intermediates\incremental\release\mergeReleaseResources\merged.dir\values-ca\values-ca.xml to D:\Projects\mp7\app\build\intermediates\merged_res\release\mergeReleaseResources\values-ca_values-ca.arsc.flat
Compiling XML table D:\Projects\mp7\app\build\intermediates\incremental\release\mergeReleaseResources\merged.dir\values-ru\values-ru.xml to D:\Projects\mp7\app\build\intermediates\merged_res\release\mergeReleaseResources\values-ru_values-ru.arsc.flat
Compiling XML table D:\Projects\mp7\app\build\intermediates\incremental\release\mergeReleaseResources\merged.dir\values-bg\values-bg.xml to D:\Projects\mp7\app\build\intermediates\merged_res\release\mergeReleaseResources\values-bg_values-bg.arsc.flat
Compiling XML table D:\Projects\mp7\app\build\intermediates\incremental\release\mergeReleaseResources\merged.dir\values-es-rUS\values-es-rUS.xml to D:\Projects\mp7\app\build\intermediates\merged_res\release\mergeReleaseResources\values-es-rUS_values-es-rUS.arsc.flat
Compiling XML table D:\Projects\mp7\app\build\intermediates\incremental\release\mergeReleaseResources\merged.dir\values-as\values-as.xml to D:\Projects\mp7\app\build\intermediates\merged_res\release\mergeReleaseResources\values-as_values-as.arsc.flat
Compiling XML table D:\Projects\mp7\app\build\intermediates\incremental\release\mergeReleaseResources\merged.dir\values-pt-rBR\values-pt-rBR.xml to D:\Projects\mp7\app\build\intermediates\merged_res\release\mergeReleaseResources\values-pt-rBR_values-pt-rBR.arsc.flat
Compiling XML table D:\Projects\mp7\app\build\intermediates\incremental\release\mergeReleaseResources\merged.dir\values-sr\values-sr.xml to D:\Projects\mp7\app\build\intermediates\merged_res\release\mergeReleaseResources\values-sr_values-sr.arsc.flat
Compiling XML table D:\Projects\mp7\app\build\intermediates\incremental\release\mergeReleaseResources\merged.dir\values-nl\values-nl.xml to D:\Projects\mp7\app\build\intermediates\merged_res\release\mergeReleaseResources\values-nl_values-nl.arsc.flat
Compiling XML table D:\Projects\mp7\app\build\intermediates\incremental\release\mergeReleaseResources\merged.dir\values-fi\values-fi.xml to D:\Projects\mp7\app\build\intermediates\merged_res\release\mergeReleaseResources\values-fi_values-fi.arsc.flat
Compiling XML table D:\Projects\mp7\app\build\intermediates\incremental\release\mergeReleaseResources\merged.dir\values-kk\values-kk.xml to D:\Projects\mp7\app\build\intermediates\merged_res\release\mergeReleaseResources\values-kk_values-kk.arsc.flat
Compiling XML table D:\Projects\mp7\app\build\intermediates\incremental\release\mergeReleaseResources\merged.dir\values-sq\values-sq.xml to D:\Projects\mp7\app\build\intermediates\merged_res\release\mergeReleaseResources\values-sq_values-sq.arsc.flat
Compiling XML table D:\Projects\mp7\app\build\intermediates\incremental\release\mergeReleaseResources\merged.dir\values-be\values-be.xml to D:\Projects\mp7\app\build\intermediates\merged_res\release\mergeReleaseResources\values-be_values-be.arsc.flat
Compiling XML table D:\Projects\mp7\app\build\intermediates\incremental\release\mergeReleaseResources\merged.dir\values-gu\values-gu.xml to D:\Projects\mp7\app\build\intermediates\merged_res\release\mergeReleaseResources\values-gu_values-gu.arsc.flat
Compiling XML table D:\Projects\mp7\app\build\intermediates\incremental\release\mergeReleaseResources\merged.dir\values-sw\values-sw.xml to D:\Projects\mp7\app\build\intermediates\merged_res\release\mergeReleaseResources\values-sw_values-sw.arsc.flat
Compiling file C:\Users\omen\.gradle\caches\8.13\transforms\a8861f765d7eda3e56c5758752ca20cf\transformed\media3-ui-1.2.1\res\font\roboto_medium_numbers.ttf to D:\Projects\mp7\app\build\intermediates\merged_res\release\mergeReleaseResources\font_roboto_medium_numbers.ttf.flat
Compiling XML table D:\Projects\mp7\app\build\intermediates\incremental\release\mergeReleaseResources\merged.dir\values-sl\values-sl.xml to D:\Projects\mp7\app\build\intermediates\merged_res\release\mergeReleaseResources\values-sl_values-sl.arsc.flat
Compiling XML table D:\Projects\mp7\app\build\intermediates\incremental\release\mergeReleaseResources\merged.dir\values-ro\values-ro.xml to D:\Projects\mp7\app\build\intermediates\merged_res\release\mergeReleaseResources\values-ro_values-ro.arsc.flat
Compiling XML table D:\Projects\mp7\app\build\intermediates\incremental\release\mergeReleaseResources\merged.dir\values-ka\values-ka.xml to D:\Projects\mp7\app\build\intermediates\merged_res\release\mergeReleaseResources\values-ka_values-ka.arsc.flat
Compiling XML table D:\Projects\mp7\app\build\intermediates\incremental\release\mergeReleaseResources\merged.dir\values-cs\values-cs.xml to D:\Projects\mp7\app\build\intermediates\merged_res\release\mergeReleaseResources\values-cs_values-cs.arsc.flat
Compiling XML table D:\Projects\mp7\app\build\intermediates\incremental\release\mergeReleaseResources\merged.dir\values-ky\values-ky.xml to D:\Projects\mp7\app\build\intermediates\merged_res\release\mergeReleaseResources\values-ky_values-ky.arsc.flat
Compiling XML table D:\Projects\mp7\app\build\intermediates\incremental\release\mergeReleaseResources\merged.dir\values-sk\values-sk.xml to D:\Projects\mp7\app\build\intermediates\merged_res\release\mergeReleaseResources\values-sk_values-sk.arsc.flat
Compiling xml file C:\Users\omen\.gradle\caches\8.13\transforms\ae9f31356854e4ae630d97445b3f1ae9\transformed\core-1.12.0\res\drawable-anydpi-v21\ic_call_answer_video.xml to D:\Projects\mp7\app\build\intermediates\merged_res\release\mergeReleaseResources\drawable-anydpi-v21_ic_call_answer_video.xml.flat
Compiling xml file C:\Users\omen\.gradle\caches\8.13\transforms\a8861f765d7eda3e56c5758752ca20cf\transformed\media3-ui-1.2.1\res\layout\exo_track_selection_dialog.xml to D:\Projects\mp7\app\build\intermediates\merged_res\release\mergeReleaseResources\layout_exo_track_selection_dialog.xml.flat
Compiling xml file C:\Users\omen\.gradle\caches\8.13\transforms\8d020bdbdcbba806d7ae42d1944de2c9\transformed\media-1.6.0\res\layout\notification_template_lines_media.xml to D:\Projects\mp7\app\build\intermediates\merged_res\release\mergeReleaseResources\layout_notification_template_lines_media.xml.flat
Compiling xml file C:\Users\omen\.gradle\caches\8.13\transforms\a8861f765d7eda3e56c5758752ca20cf\transformed\media3-ui-1.2.1\res\drawable-anydpi-v21\exo_ic_subtitle_on.xml to D:\Projects\mp7\app\build\intermediates\merged_res\release\mergeReleaseResources\drawable-anydpi-v21_exo_ic_subtitle_on.xml.flat
Compiling xml file C:\Users\omen\.gradle\caches\8.13\transforms\a8861f765d7eda3e56c5758752ca20cf\transformed\media3-ui-1.2.1\res\drawable-anydpi-v21\exo_ic_skip_next.xml to D:\Projects\mp7\app\build\intermediates\merged_res\release\mergeReleaseResources\drawable-anydpi-v21_exo_ic_skip_next.xml.flat
Compiling XML table D:\Projects\mp7\app\build\intermediates\incremental\release\mergeReleaseResources\merged.dir\values-en-rGB\values-en-rGB.xml to D:\Projects\mp7\app\build\intermediates\merged_res\release\mergeReleaseResources\values-en-rGB_values-en-rGB.arsc.flat
Compiling xml file C:\Users\omen\.gradle\caches\8.13\transforms\ae9f31356854e4ae630d97445b3f1ae9\transformed\core-1.12.0\res\drawable-anydpi-v21\ic_call_answer.xml to D:\Projects\mp7\app\build\intermediates\merged_res\release\mergeReleaseResources\drawable-anydpi-v21_ic_call_answer.xml.flat
Compiling XML table D:\Projects\mp7\app\build\intermediates\incremental\release\mergeReleaseResources\merged.dir\values-ta\values-ta.xml to D:\Projects\mp7\app\build\intermediates\merged_res\release\mergeReleaseResources\values-ta_values-ta.arsc.flat
Compiling xml file C:\Users\omen\.gradle\caches\8.13\transforms\8d020bdbdcbba806d7ae42d1944de2c9\transformed\media-1.6.0\res\layout\notification_template_big_media.xml to D:\Projects\mp7\app\build\intermediates\merged_res\release\mergeReleaseResources\layout_notification_template_big_media.xml.flat
Compiling xml file D:\Projects\mp7\app\src\main\res\drawable\ic_launcher_foreground.xml to D:\Projects\mp7\app\build\intermediates\merged_res\release\mergeReleaseResources\drawable_ic_launcher_foreground.xml.flat
Compiling file D:\Projects\mp7\app\src\main\res\mipmap-xxhdpi\ic_launcher.webp to D:\Projects\mp7\app\build\intermediates\merged_res\release\mergeReleaseResources\mipmap-xxhdpi_ic_launcher.webp.flat
Compiling XML table D:\Projects\mp7\app\build\intermediates\incremental\release\mergeReleaseResources\merged.dir\values-gl\values-gl.xml to D:\Projects\mp7\app\build\intermediates\merged_res\release\mergeReleaseResources\values-gl_values-gl.arsc.flat
Compiling xml file D:\Projects\mp7\app\src\main\res\xml\data_extraction_rules.xml to D:\Projects\mp7\app\build\intermediates\merged_res\release\mergeReleaseResources\xml_data_extraction_rules.xml.flat
Compiling XML table D:\Projects\mp7\app\build\intermediates\incremental\release\mergeReleaseResources\merged.dir\values-ko\values-ko.xml to D:\Projects\mp7\app\build\intermediates\merged_res\release\mergeReleaseResources\values-ko_values-ko.arsc.flat
Compiling xml file C:\Users\omen\.gradle\caches\8.13\transforms\a8861f765d7eda3e56c5758752ca20cf\transformed\media3-ui-1.2.1\res\drawable-anydpi-v21\exo_icon_play.xml to D:\Projects\mp7\app\build\intermediates\merged_res\release\mergeReleaseResources\drawable-anydpi-v21_exo_icon_play.xml.flat
Compiling XML table D:\Projects\mp7\app\build\intermediates\incremental\release\mergeReleaseResources\merged.dir\values-da\values-da.xml to D:\Projects\mp7\app\build\intermediates\merged_res\release\mergeReleaseResources\values-da_values-da.arsc.flat
Compiling xml file D:\Projects\mp7\app\src\main\res\mipmap-anydpi-v26\ic_launcher.xml to D:\Projects\mp7\app\build\intermediates\merged_res\release\mergeReleaseResources\mipmap-anydpi-v26_ic_launcher.xml.flat
Compiling xml file C:\Users\omen\.gradle\caches\8.13\transforms\a8861f765d7eda3e56c5758752ca20cf\transformed\media3-ui-1.2.1\res\drawable-anydpi-v21\exo_ic_default_album_image.xml to D:\Projects\mp7\app\build\intermediates\merged_res\release\mergeReleaseResources\drawable-anydpi-v21_exo_ic_default_album_image.xml.flat
Compiling xml file D:\Projects\mp7\app\src\main\res\drawable\ic_launcher_background.xml to D:\Projects\mp7\app\build\intermediates\merged_res\release\mergeReleaseResources\drawable_ic_launcher_background.xml.flat
Compiling xml file C:\Users\omen\.gradle\caches\8.13\transforms\a8861f765d7eda3e56c5758752ca20cf\transformed\media3-ui-1.2.1\res\drawable-anydpi-v21\exo_icon_shuffle_off.xml to D:\Projects\mp7\app\build\intermediates\merged_res\release\mergeReleaseResources\drawable-anydpi-v21_exo_icon_shuffle_off.xml.flat
Compiling XML table D:\Projects\mp7\app\build\intermediates\incremental\release\mergeReleaseResources\merged.dir\values-or\values-or.xml to D:\Projects\mp7\app\build\intermediates\merged_res\release\mergeReleaseResources\values-or_values-or.arsc.flat
Compiling XML table D:\Projects\mp7\app\build\intermediates\incremental\release\mergeReleaseResources\merged.dir\values-tr\values-tr.xml to D:\Projects\mp7\app\build\intermediates\merged_res\release\mergeReleaseResources\values-tr_values-tr.arsc.flat
Compiling xml file C:\Users\omen\.gradle\caches\8.13\transforms\a8861f765d7eda3e56c5758752ca20cf\transformed\media3-ui-1.2.1\res\drawable-anydpi-v21\exo_ic_check.xml to D:\Projects\mp7\app\build\intermediates\merged_res\release\mergeReleaseResources\drawable-anydpi-v21_exo_ic_check.xml.flat
Compiling XML table D:\Projects\mp7\app\build\intermediates\incremental\release\mergeReleaseResources\merged.dir\values-en-rAU\values-en-rAU.xml to D:\Projects\mp7\app\build\intermediates\merged_res\release\mergeReleaseResources\values-en-rAU_values-en-rAU.arsc.flat
Compiling xml file C:\Users\omen\.gradle\caches\8.13\transforms\ae9f31356854e4ae630d97445b3f1ae9\transformed\core-1.12.0\res\drawable-anydpi-v21\ic_call_answer_video_low.xml to D:\Projects\mp7\app\build\intermediates\merged_res\release\mergeReleaseResources\drawable-anydpi-v21_ic_call_answer_video_low.xml.flat
Compiling xml file C:\Users\omen\.gradle\caches\8.13\transforms\a8861f765d7eda3e56c5758752ca20cf\transformed\media3-ui-1.2.1\res\drawable-anydpi-v21\exo_icon_fastforward.xml to D:\Projects\mp7\app\build\intermediates\merged_res\release\mergeReleaseResources\drawable-anydpi-v21_exo_icon_fastforward.xml.flat
Compiling xml file C:\Users\omen\.gradle\caches\8.13\transforms\edff57631b7880ee207381b66033b9c7\transformed\media3-session-1.2.1\res\drawable-anydpi-v21\media_session_service_notification_ic_music_note.xml to D:\Projects\mp7\app\build\intermediates\merged_res\release\mergeReleaseResources\drawable-anydpi-v21_media_session_service_notification_ic_music_note.xml.flat
Compiling XML table D:\Projects\mp7\app\build\intermediates\incremental\release\mergeReleaseResources\merged.dir\values-tl\values-tl.xml to D:\Projects\mp7\app\build\intermediates\merged_res\release\mergeReleaseResources\values-tl_values-tl.arsc.flat
Compiling xml file C:\Users\omen\.gradle\caches\8.13\transforms\ae9f31356854e4ae630d97445b3f1ae9\transformed\core-1.12.0\res\layout-v21\notification_template_custom_big.xml to D:\Projects\mp7\app\build\intermediates\merged_res\release\mergeReleaseResources\layout-v21_notification_template_custom_big.xml.flat
Compiling xml file C:\Users\omen\.gradle\caches\8.13\transforms\a8861f765d7eda3e56c5758752ca20cf\transformed\media3-ui-1.2.1\res\drawable-anydpi-v21\exo_icon_next.xml to D:\Projects\mp7\app\build\intermediates\merged_res\release\mergeReleaseResources\drawable-anydpi-v21_exo_icon_next.xml.flat
Compiling xml file C:\Users\omen\.gradle\caches\8.13\transforms\a8861f765d7eda3e56c5758752ca20cf\transformed\media3-ui-1.2.1\res\drawable-anydpi-v21\exo_ic_speed.xml to D:\Projects\mp7\app\build\intermediates\merged_res\release\mergeReleaseResources\drawable-anydpi-v21_exo_ic_speed.xml.flat
Compiling xml file C:\Users\omen\.gradle\caches\8.13\transforms\a8861f765d7eda3e56c5758752ca20cf\transformed\media3-ui-1.2.1\res\drawable-anydpi-v21\exo_ic_fullscreen_exit.xml to D:\Projects\mp7\app\build\intermediates\merged_res\release\mergeReleaseResources\drawable-anydpi-v21_exo_ic_fullscreen_exit.xml.flat
Compiling xml file C:\Users\omen\.gradle\caches\8.13\transforms\a8861f765d7eda3e56c5758752ca20cf\transformed\media3-ui-1.2.1\res\layout-v23\exo_player_control_ffwd_button.xml to D:\Projects\mp7\app\build\intermediates\merged_res\release\mergeReleaseResources\layout-v23_exo_player_control_ffwd_button.xml.flat
Compiling xml file C:\Users\omen\.gradle\caches\8.13\transforms\a8861f765d7eda3e56c5758752ca20cf\transformed\media3-ui-1.2.1\res\drawable-anydpi-v21\exo_icon_rewind.xml to D:\Projects\mp7\app\build\intermediates\merged_res\release\mergeReleaseResources\drawable-anydpi-v21_exo_icon_rewind.xml.flat
Compiling XML table D:\Projects\mp7\app\build\intermediates\incremental\release\mergeReleaseResources\merged.dir\values-hy\values-hy.xml to D:\Projects\mp7\app\build\intermediates\merged_res\release\mergeReleaseResources\values-hy_values-hy.arsc.flat
Compiling file D:\Projects\mp7\app\src\main\res\drawable\amrinder_gill.jpg to D:\Projects\mp7\app\build\intermediates\merged_res\release\mergeReleaseResources\drawable_amrinder_gill.jpg.flat
Compiling XML table D:\Projects\mp7\app\build\intermediates\incremental\release\mergeReleaseResources\merged.dir\values-en-rIN\values-en-rIN.xml to D:\Projects\mp7\app\build\intermediates\merged_res\release\mergeReleaseResources\values-en-rIN_values-en-rIN.arsc.flat
Compiling file D:\Projects\mp7\app\src\main\res\mipmap-mdpi\ic_launcher.webp to D:\Projects\mp7\app\build\intermediates\merged_res\release\mergeReleaseResources\mipmap-mdpi_ic_launcher.webp.flat
Compiling file D:\Projects\mp7\app\src\main\res\mipmap-xhdpi\ic_launcher_round.webp to D:\Projects\mp7\app\build\intermediates\merged_res\release\mergeReleaseResources\mipmap-xhdpi_ic_launcher_round.webp.flat
Compiling xml file C:\Users\omen\.gradle\caches\8.13\transforms\ae9f31356854e4ae630d97445b3f1ae9\transformed\core-1.12.0\res\drawable\notification_bg_low.xml to D:\Projects\mp7\app\build\intermediates\merged_res\release\mergeReleaseResources\drawable_notification_bg_low.xml.flat
Compiling file D:\Projects\mp7\app\src\main\res\drawable\starlord.jpg to D:\Projects\mp7\app\build\intermediates\merged_res\release\mergeReleaseResources\drawable_starlord.jpg.flat
Compiling XML table D:\Projects\mp7\app\build\intermediates\incremental\release\mergeReleaseResources\merged.dir\values-ms\values-ms.xml to D:\Projects\mp7\app\build\intermediates\merged_res\release\mergeReleaseResources\values-ms_values-ms.arsc.flat
Compiling xml file C:\Users\omen\.gradle\caches\8.13\transforms\ae9f31356854e4ae630d97445b3f1ae9\transformed\core-1.12.0\res\drawable\notification_icon_background.xml to D:\Projects\mp7\app\build\intermediates\merged_res\release\mergeReleaseResources\drawable_notification_icon_background.xml.flat
Compiling xml file C:\Users\omen\.gradle\caches\8.13\transforms\954e40ea5ad653448c0453c7f73b4b42\transformed\ui-release\res\color\vector_tint_color.xml to D:\Projects\mp7\app\build\intermediates\merged_res\release\mergeReleaseResources\color_vector_tint_color.xml.flat
Compiling xml file C:\Users\omen\.gradle\caches\8.13\transforms\a8861f765d7eda3e56c5758752ca20cf\transformed\media3-ui-1.2.1\res\layout\exo_styled_settings_list_item.xml to D:\Projects\mp7\app\build\intermediates\merged_res\release\mergeReleaseResources\layout_exo_styled_settings_list_item.xml.flat
Compiling xml file C:\Users\omen\.gradle\caches\8.13\transforms\954e40ea5ad653448c0453c7f73b4b42\transformed\ui-release\res\color\vector_tint_theme_color.xml to D:\Projects\mp7\app\build\intermediates\merged_res\release\mergeReleaseResources\color_vector_tint_theme_color.xml.flat
Compiling XML table D:\Projects\mp7\app\build\intermediates\incremental\release\mergeReleaseResources\merged.dir\values-in\values-in.xml to D:\Projects\mp7\app\build\intermediates\merged_res\release\mergeReleaseResources\values-in_values-in.arsc.flat
Compiling xml file C:\Users\omen\.gradle\caches\8.13\transforms\a8861f765d7eda3e56c5758752ca20cf\transformed\media3-ui-1.2.1\res\layout\exo_list_divider.xml to D:\Projects\mp7\app\build\intermediates\merged_res\release\mergeReleaseResources\layout_exo_list_divider.xml.flat
Compiling xml file C:\Users\omen\.gradle\caches\8.13\transforms\ae9f31356854e4ae630d97445b3f1ae9\transformed\core-1.12.0\res\layout\ime_base_split_test_activity.xml to D:\Projects\mp7\app\build\intermediates\merged_res\release\mergeReleaseResources\layout_ime_base_split_test_activity.xml.flat
Compiling xml file C:\Users\omen\.gradle\caches\8.13\transforms\a8861f765d7eda3e56c5758752ca20cf\transformed\media3-ui-1.2.1\res\drawable-anydpi-v21\exo_ic_rewind.xml to D:\Projects\mp7\app\build\intermediates\merged_res\release\mergeReleaseResources\drawable-anydpi-v21_exo_ic_rewind.xml.flat
Compiling xml file C:\Users\omen\.gradle\caches\8.13\transforms\a8861f765d7eda3e56c5758752ca20cf\transformed\media3-ui-1.2.1\res\drawable-anydpi-v21\exo_ic_fullscreen_enter.xml to D:\Projects\mp7\app\build\intermediates\merged_res\release\mergeReleaseResources\drawable-anydpi-v21_exo_ic_fullscreen_enter.xml.flat
Compiling xml file C:\Users\omen\.gradle\caches\8.13\transforms\8d020bdbdcbba806d7ae42d1944de2c9\transformed\media-1.6.0\res\layout\notification_media_action.xml to D:\Projects\mp7\app\build\intermediates\merged_res\release\mergeReleaseResources\layout_notification_media_action.xml.flat
Compiling xml file C:\Users\omen\.gradle\caches\8.13\transforms\a8861f765d7eda3e56c5758752ca20cf\transformed\media3-ui-1.2.1\res\drawable-anydpi-v21\exo_icon_shuffle_on.xml to D:\Projects\mp7\app\build\intermediates\merged_res\release\mergeReleaseResources\drawable-anydpi-v21_exo_icon_shuffle_on.xml.flat
Compiling XML table D:\Projects\mp7\app\build\intermediates\incremental\release\mergeReleaseResources\merged.dir\values-pl\values-pl.xml to D:\Projects\mp7\app\build\intermediates\merged_res\release\mergeReleaseResources\values-pl_values-pl.arsc.flat
Compiling xml file C:\Users\omen\.gradle\caches\8.13\transforms\8d020bdbdcbba806d7ae42d1944de2c9\transformed\media-1.6.0\res\layout\notification_template_media.xml to D:\Projects\mp7\app\build\intermediates\merged_res\release\mergeReleaseResources\layout_notification_template_media.xml.flat
Compiling xml file C:\Users\omen\.gradle\caches\8.13\transforms\ae9f31356854e4ae630d97445b3f1ae9\transformed\core-1.12.0\res\drawable-anydpi-v21\ic_call_decline.xml to D:\Projects\mp7\app\build\intermediates\merged_res\release\mergeReleaseResources\drawable-anydpi-v21_ic_call_decline.xml.flat
Compiling xml file C:\Users\omen\.gradle\caches\8.13\transforms\a8861f765d7eda3e56c5758752ca20cf\transformed\media3-ui-1.2.1\res\layout\exo_styled_sub_settings_list_item.xml to D:\Projects\mp7\app\build\intermediates\merged_res\release\mergeReleaseResources\layout_exo_styled_sub_settings_list_item.xml.flat
Compiling XML table D:\Projects\mp7\app\build\intermediates\incremental\release\mergeReleaseResources\merged.dir\values-eu\values-eu.xml to D:\Projects\mp7\app\build\intermediates\merged_res\release\mergeReleaseResources\values-eu_values-eu.arsc.flat
Compiling xml file C:\Users\omen\.gradle\caches\8.13\transforms\a8861f765d7eda3e56c5758752ca20cf\transformed\media3-ui-1.2.1\res\drawable-anydpi-v21\exo_ic_pause_circle_filled.xml to D:\Projects\mp7\app\build\intermediates\merged_res\release\mergeReleaseResources\drawable-anydpi-v21_exo_ic_pause_circle_filled.xml.flat
Compiling xml file C:\Users\omen\.gradle\caches\8.13\transforms\ae9f31356854e4ae630d97445b3f1ae9\transformed\core-1.12.0\res\drawable\notification_tile_bg.xml to D:\Projects\mp7\app\build\intermediates\merged_res\release\mergeReleaseResources\drawable_notification_tile_bg.xml.flat
Compiling xml file C:\Users\omen\.gradle\caches\8.13\transforms\a8861f765d7eda3e56c5758752ca20cf\transformed\media3-ui-1.2.1\res\drawable-anydpi-v21\exo_ic_settings.xml to D:\Projects\mp7\app\build\intermediates\merged_res\release\mergeReleaseResources\drawable-anydpi-v21_exo_ic_settings.xml.flat
Compiling XML table D:\Projects\mp7\app\build\intermediates\incremental\release\mergeReleaseResources\merged.dir\values-et\values-et.xml to D:\Projects\mp7\app\build\intermediates\merged_res\release\mergeReleaseResources\values-et_values-et.arsc.flat
Compiling xml file C:\Users\omen\.gradle\caches\8.13\transforms\ae9f31356854e4ae630d97445b3f1ae9\transformed\core-1.12.0\res\drawable-anydpi-v21\ic_call_decline_low.xml to D:\Projects\mp7\app\build\intermediates\merged_res\release\mergeReleaseResources\drawable-anydpi-v21_ic_call_decline_low.xml.flat
Compiling xml file D:\Projects\mp7\app\src\main\res\xml\file_paths.xml to D:\Projects\mp7\app\build\intermediates\merged_res\release\mergeReleaseResources\xml_file_paths.xml.flat
Compiling xml file C:\Users\omen\.gradle\caches\8.13\transforms\ae9f31356854e4ae630d97445b3f1ae9\transformed\core-1.12.0\res\layout\notification_template_part_time.xml to D:\Projects\mp7\app\build\intermediates\merged_res\release\mergeReleaseResources\layout_notification_template_part_time.xml.flat
Compiling xml file C:\Users\omen\.gradle\caches\8.13\transforms\a8861f765d7eda3e56c5758752ca20cf\transformed\media3-ui-1.2.1\res\drawable-anydpi-v21\exo_icon_repeat_all.xml to D:\Projects\mp7\app\build\intermediates\merged_res\release\mergeReleaseResources\drawable-anydpi-v21_exo_icon_repeat_all.xml.flat
Compiling file D:\Projects\mp7\app\src\main\res\drawable\jam.jpg to D:\Projects\mp7\app\build\intermediates\merged_res\release\mergeReleaseResources\drawable_jam.jpg.flat
Compiling XML table D:\Projects\mp7\app\build\intermediates\incremental\release\mergeReleaseResources\merged.dir\values-zu\values-zu.xml to D:\Projects\mp7\app\build\intermediates\merged_res\release\mergeReleaseResources\values-zu_values-zu.arsc.flat
Compiling XML table D:\Projects\mp7\app\build\intermediates\incremental\release\mergeReleaseResources\merged.dir\values-pt-rPT\values-pt-rPT.xml to D:\Projects\mp7\app\build\intermediates\merged_res\release\mergeReleaseResources\values-pt-rPT_values-pt-rPT.arsc.flat
Compiling XML table D:\Projects\mp7\app\build\intermediates\incremental\release\mergeReleaseResources\merged.dir\values-uk\values-uk.xml to D:\Projects\mp7\app\build\intermediates\merged_res\release\mergeReleaseResources\values-uk_values-uk.arsc.flat
Compiling xml file C:\Users\omen\.gradle\caches\8.13\transforms\a8861f765d7eda3e56c5758752ca20cf\transformed\media3-ui-1.2.1\res\drawable-anydpi-v21\exo_icon_repeat_off.xml to D:\Projects\mp7\app\build\intermediates\merged_res\release\mergeReleaseResources\drawable-anydpi-v21_exo_icon_repeat_off.xml.flat
Compiling file D:\Projects\mp7\app\src\main\res\mipmap-hdpi\ic_launcher_round.webp to D:\Projects\mp7\app\build\intermediates\merged_res\release\mergeReleaseResources\mipmap-hdpi_ic_launcher_round.webp.flat
Compiling xml file C:\Users\omen\.gradle\caches\8.13\transforms\a8861f765d7eda3e56c5758752ca20cf\transformed\media3-ui-1.2.1\res\layout\exo_styled_settings_list.xml to D:\Projects\mp7\app\build\intermediates\merged_res\release\mergeReleaseResources\layout_exo_styled_settings_list.xml.flat
Compiling xml file C:\Users\omen\.gradle\caches\8.13\transforms\ae9f31356854e4ae630d97445b3f1ae9\transformed\core-1.12.0\res\layout\notification_template_part_chronometer.xml to D:\Projects\mp7\app\build\intermediates\merged_res\release\mergeReleaseResources\layout_notification_template_part_chronometer.xml.flat
Compiling xml file C:\Users\omen\.gradle\caches\8.13\transforms\ae9f31356854e4ae630d97445b3f1ae9\transformed\core-1.12.0\res\layout-v21\notification_template_icon_group.xml to D:\Projects\mp7\app\build\intermediates\merged_res\release\mergeReleaseResources\layout-v21_notification_template_icon_group.xml.flat
Compiling xml file C:\Users\omen\.gradle\caches\8.13\transforms\a8861f765d7eda3e56c5758752ca20cf\transformed\media3-ui-1.2.1\res\drawable\exo_rounded_rectangle.xml to D:\Projects\mp7\app\build\intermediates\merged_res\release\mergeReleaseResources\drawable_exo_rounded_rectangle.xml.flat
Compiling xml file C:\Users\omen\.gradle\caches\8.13\transforms\a8861f765d7eda3e56c5758752ca20cf\transformed\media3-ui-1.2.1\res\drawable-anydpi-v21\exo_ic_forward.xml to D:\Projects\mp7\app\build\intermediates\merged_res\release\mergeReleaseResources\drawable-anydpi-v21_exo_ic_forward.xml.flat
Compiling file D:\Projects\mp7\app\src\main\res\drawable\aujla.jpg to D:\Projects\mp7\app\build\intermediates\merged_res\release\mergeReleaseResources\drawable_aujla.jpg.flat
Compiling xml file C:\Users\omen\.gradle\caches\8.13\transforms\8d020bdbdcbba806d7ae42d1944de2c9\transformed\media-1.6.0\res\layout\notification_template_media_custom.xml to D:\Projects\mp7\app\build\intermediates\merged_res\release\mergeReleaseResources\layout_notification_template_media_custom.xml.flat
Compiling XML table D:\Projects\mp7\app\build\intermediates\incremental\release\mergeReleaseResources\merged.dir\values-el\values-el.xml to D:\Projects\mp7\app\build\intermediates\merged_res\release\mergeReleaseResources\values-el_values-el.arsc.flat
Compiling XML table D:\Projects\mp7\app\build\intermediates\incremental\release\mergeReleaseResources\merged.dir\values-en-rCA\values-en-rCA.xml to D:\Projects\mp7\app\build\intermediates\merged_res\release\mergeReleaseResources\values-en-rCA_values-en-rCA.arsc.flat
Compiling XML table D:\Projects\mp7\app\build\intermediates\incremental\release\mergeReleaseResources\merged.dir\values-fr\values-fr.xml to D:\Projects\mp7\app\build\intermediates\merged_res\release\mergeReleaseResources\values-fr_values-fr.arsc.flat
Compiling xml file C:\Users\omen\.gradle\caches\8.13\transforms\a8861f765d7eda3e56c5758752ca20cf\transformed\media3-ui-1.2.1\res\drawable-anydpi-v21\exo_icon_fullscreen_exit.xml to D:\Projects\mp7\app\build\intermediates\merged_res\release\mergeReleaseResources\drawable-anydpi-v21_exo_icon_fullscreen_exit.xml.flat
Compiling file D:\Projects\mp7\app\src\main\res\mipmap-xxhdpi\ic_launcher_round.webp to D:\Projects\mp7\app\build\intermediates\merged_res\release\mergeReleaseResources\mipmap-xxhdpi_ic_launcher_round.webp.flat
Compiling xml file C:\Users\omen\.gradle\caches\8.13\transforms\8d020bdbdcbba806d7ae42d1944de2c9\transformed\media-1.6.0\res\layout\notification_template_big_media_custom.xml to D:\Projects\mp7\app\build\intermediates\merged_res\release\mergeReleaseResources\layout_notification_template_big_media_custom.xml.flat
Compiling xml file C:\Users\omen\.gradle\caches\8.13\transforms\8d020bdbdcbba806d7ae42d1944de2c9\transformed\media-1.6.0\res\layout\notification_media_cancel_action.xml to D:\Projects\mp7\app\build\intermediates\merged_res\release\mergeReleaseResources\layout_notification_media_cancel_action.xml.flat
Compiling file D:\Projects\mp7\app\src\main\res\mipmap-xxxhdpi\ic_launcher_round.webp to D:\Projects\mp7\app\build\intermediates\merged_res\release\mergeReleaseResources\mipmap-xxxhdpi_ic_launcher_round.webp.flat
Compiling XML table D:\Projects\mp7\app\build\intermediates\incremental\release\mergeReleaseResources\merged.dir\values-kn\values-kn.xml to D:\Projects\mp7\app\build\intermediates\merged_res\release\mergeReleaseResources\values-kn_values-kn.arsc.flat
Compiling xml file C:\Users\omen\.gradle\caches\8.13\transforms\a8861f765d7eda3e56c5758752ca20cf\transformed\media3-ui-1.2.1\res\drawable-anydpi-v21\exo_edit_mode_logo.xml to D:\Projects\mp7\app\build\intermediates\merged_res\release\mergeReleaseResources\drawable-anydpi-v21_exo_edit_mode_logo.xml.flat
Compiling XML table D:\Projects\mp7\app\build\intermediates\incremental\release\mergeReleaseResources\merged.dir\values-ar\values-ar.xml to D:\Projects\mp7\app\build\intermediates\merged_res\release\mergeReleaseResources\values-ar_values-ar.arsc.flat
Compiling XML table D:\Projects\mp7\app\build\intermediates\incremental\release\mergeReleaseResources\merged.dir\values-pa\values-pa.xml to D:\Projects\mp7\app\build\intermediates\merged_res\release\mergeReleaseResources\values-pa_values-pa.arsc.flat
Compiling xml file C:\Users\omen\.gradle\caches\8.13\transforms\ae9f31356854e4ae630d97445b3f1ae9\transformed\core-1.12.0\res\drawable\notification_bg.xml to D:\Projects\mp7\app\build\intermediates\merged_res\release\mergeReleaseResources\drawable_notification_bg.xml.flat
Compiling xml file C:\Users\omen\.gradle\caches\8.13\transforms\ae9f31356854e4ae630d97445b3f1ae9\transformed\core-1.12.0\res\drawable-v21\notification_action_background.xml to D:\Projects\mp7\app\build\intermediates\merged_res\release\mergeReleaseResources\drawable-v21_notification_action_background.xml.flat
Compiling xml file C:\Users\omen\.gradle\caches\8.13\transforms\a8861f765d7eda3e56c5758752ca20cf\transformed\media3-ui-1.2.1\res\drawable-anydpi-v21\exo_ic_play_circle_filled.xml to D:\Projects\mp7\app\build\intermediates\merged_res\release\mergeReleaseResources\drawable-anydpi-v21_exo_ic_play_circle_filled.xml.flat
Compiling XML table D:\Projects\mp7\app\build\intermediates\incremental\release\mergeReleaseResources\merged.dir\values-fa\values-fa.xml to D:\Projects\mp7\app\build\intermediates\merged_res\release\mergeReleaseResources\values-fa_values-fa.arsc.flat
Compiling xml file C:\Users\omen\.gradle\caches\8.13\transforms\a8861f765d7eda3e56c5758752ca20cf\transformed\media3-ui-1.2.1\res\layout\exo_player_view.xml to D:\Projects\mp7\app\build\intermediates\merged_res\release\mergeReleaseResources\layout_exo_player_view.xml.flat
Compiling XML table D:\Projects\mp7\app\build\intermediates\incremental\release\mergeReleaseResources\merged.dir\values-km\values-km.xml to D:\Projects\mp7\app\build\intermediates\merged_res\release\mergeReleaseResources\values-km_values-km.arsc.flat
Compiling xml file C:\Users\omen\.gradle\caches\8.13\transforms\8d020bdbdcbba806d7ae42d1944de2c9\transformed\media-1.6.0\res\layout\notification_template_big_media_narrow.xml to D:\Projects\mp7\app\build\intermediates\merged_res\release\mergeReleaseResources\layout_notification_template_big_media_narrow.xml.flat
Compiling xml file C:\Users\omen\.gradle\caches\8.13\transforms\a8861f765d7eda3e56c5758752ca20cf\transformed\media3-ui-1.2.1\res\layout-v23\exo_player_control_rewind_button.xml to D:\Projects\mp7\app\build\intermediates\merged_res\release\mergeReleaseResources\layout-v23_exo_player_control_rewind_button.xml.flat
Compiling XML table D:\Projects\mp7\app\build\intermediates\incremental\release\mergeReleaseResources\merged.dir\values-bs\values-bs.xml to D:\Projects\mp7\app\build\intermediates\merged_res\release\mergeReleaseResources\values-bs_values-bs.arsc.flat
Compiling xml file C:\Users\omen\.gradle\caches\8.13\transforms\ae9f31356854e4ae630d97445b3f1ae9\transformed\core-1.12.0\res\layout-v21\notification_action_tombstone.xml to D:\Projects\mp7\app\build\intermediates\merged_res\release\mergeReleaseResources\layout-v21_notification_action_tombstone.xml.flat
Compiling XML table D:\Projects\mp7\app\build\intermediates\incremental\release\mergeReleaseResources\merged.dir\values-te\values-te.xml to D:\Projects\mp7\app\build\intermediates\merged_res\release\mergeReleaseResources\values-te_values-te.arsc.flat
Compiling file D:\Projects\mp7\app\src\main\res\drawable\shubh.jpg to D:\Projects\mp7\app\build\intermediates\merged_res\release\mergeReleaseResources\drawable_shubh.jpg.flat
Compiling xml file C:\Users\omen\.gradle\caches\8.13\transforms\ae9f31356854e4ae630d97445b3f1ae9\transformed\core-1.12.0\res\drawable-anydpi-v21\ic_call_answer_low.xml to D:\Projects\mp7\app\build\intermediates\merged_res\release\mergeReleaseResources\drawable-anydpi-v21_ic_call_answer_low.xml.flat
Compiling XML table D:\Projects\mp7\app\build\intermediates\incremental\release\mergeReleaseResources\merged.dir\values-sv\values-sv.xml to D:\Projects\mp7\app\build\intermediates\merged_res\release\mergeReleaseResources\values-sv_values-sv.arsc.flat
Compiling xml file C:\Users\omen\.gradle\caches\8.13\transforms\a8861f765d7eda3e56c5758752ca20cf\transformed\media3-ui-1.2.1\res\drawable-anydpi-v21\exo_icon_stop.xml to D:\Projects\mp7\app\build\intermediates\merged_res\release\mergeReleaseResources\drawable-anydpi-v21_exo_icon_stop.xml.flat
Compiling xml file C:\Users\omen\.gradle\caches\8.13\transforms\ae9f31356854e4ae630d97445b3f1ae9\transformed\core-1.12.0\res\layout-v21\notification_action.xml to D:\Projects\mp7\app\build\intermediates\merged_res\release\mergeReleaseResources\layout-v21_notification_action.xml.flat
Compiling xml file C:\Users\omen\.gradle\caches\8.13\transforms\ae9f31356854e4ae630d97445b3f1ae9\transformed\core-1.12.0\res\layout\ime_secondary_split_test_activity.xml to D:\Projects\mp7\app\build\intermediates\merged_res\release\mergeReleaseResources\layout_ime_secondary_split_test_activity.xml.flat
Compiling xml file C:\Users\omen\.gradle\caches\8.13\transforms\a8861f765d7eda3e56c5758752ca20cf\transformed\media3-ui-1.2.1\res\drawable-anydpi-v21\exo_ic_subtitle_off.xml to D:\Projects\mp7\app\build\intermediates\merged_res\release\mergeReleaseResources\drawable-anydpi-v21_exo_ic_subtitle_off.xml.flat
Compiling xml file D:\Projects\mp7\app\src\main\res\mipmap-anydpi-v26\ic_launcher_round.xml to D:\Projects\mp7\app\build\intermediates\merged_res\release\mergeReleaseResources\mipmap-anydpi-v26_ic_launcher_round.xml.flat
Compiling XML table D:\Projects\mp7\app\build\intermediates\incremental\release\mergeReleaseResources\merged.dir\values-th\values-th.xml to D:\Projects\mp7\app\build\intermediates\merged_res\release\mergeReleaseResources\values-th_values-th.arsc.flat
Compiling xml file C:\Users\omen\.gradle\caches\8.13\transforms\a8861f765d7eda3e56c5758752ca20cf\transformed\media3-ui-1.2.1\res\drawable-anydpi-v21\exo_icon_previous.xml to D:\Projects\mp7\app\build\intermediates\merged_res\release\mergeReleaseResources\drawable-anydpi-v21_exo_icon_previous.xml.flat
Compiling file D:\Projects\mp7\app\src\main\res\mipmap-xhdpi\ic_launcher.webp to D:\Projects\mp7\app\build\intermediates\merged_res\release\mergeReleaseResources\mipmap-xhdpi_ic_launcher.webp.flat
Compiling file D:\Projects\mp7\app\src\main\res\mipmap-mdpi\ic_launcher_round.webp to D:\Projects\mp7\app\build\intermediates\merged_res\release\mergeReleaseResources\mipmap-mdpi_ic_launcher_round.webp.flat
Compiling xml file D:\Projects\mp7\app\src\main\res\xml\backup_rules.xml to D:\Projects\mp7\app\build\intermediates\merged_res\release\mergeReleaseResources\xml_backup_rules.xml.flat
Compiling file D:\Projects\mp7\app\src\main\res\mipmap-xxxhdpi\ic_launcher.webp to D:\Projects\mp7\app\build\intermediates\merged_res\release\mergeReleaseResources\mipmap-xxxhdpi_ic_launcher.webp.flat
Compiling xml file C:\Users\omen\.gradle\caches\8.13\transforms\a8861f765d7eda3e56c5758752ca20cf\transformed\media3-ui-1.2.1\res\layout\exo_player_control_view.xml to D:\Projects\mp7\app\build\intermediates\merged_res\release\mergeReleaseResources\layout_exo_player_control_view.xml.flat
Compiling xml file C:\Users\omen\.gradle\caches\8.13\transforms\a8861f765d7eda3e56c5758752ca20cf\transformed\media3-ui-1.2.1\res\drawable-anydpi-v21\exo_ic_chevron_right.xml to D:\Projects\mp7\app\build\intermediates\merged_res\release\mergeReleaseResources\drawable-anydpi-v21_exo_ic_chevron_right.xml.flat
Compiling xml file C:\Users\omen\.gradle\caches\8.13\transforms\a8861f765d7eda3e56c5758752ca20cf\transformed\media3-ui-1.2.1\res\drawable-anydpi-v21\exo_ic_chevron_left.xml to D:\Projects\mp7\app\build\intermediates\merged_res\release\mergeReleaseResources\drawable-anydpi-v21_exo_ic_chevron_left.xml.flat
Compiling xml file C:\Users\omen\.gradle\caches\8.13\transforms\a8861f765d7eda3e56c5758752ca20cf\transformed\media3-ui-1.2.1\res\drawable-anydpi-v21\exo_icon_repeat_one.xml to D:\Projects\mp7\app\build\intermediates\merged_res\release\mergeReleaseResources\drawable-anydpi-v21_exo_icon_repeat_one.xml.flat
Compiling xml file C:\Users\omen\.gradle\caches\8.13\transforms\a8861f765d7eda3e56c5758752ca20cf\transformed\media3-ui-1.2.1\res\drawable-anydpi-v21\exo_icon_fullscreen_enter.xml to D:\Projects\mp7\app\build\intermediates\merged_res\release\mergeReleaseResources\drawable-anydpi-v21_exo_icon_fullscreen_enter.xml.flat
Compiling file D:\Projects\mp7\app\src\main\res\mipmap-hdpi\ic_launcher.webp to D:\Projects\mp7\app\build\intermediates\merged_res\release\mergeReleaseResources\mipmap-hdpi_ic_launcher.webp.flat
Compiling xml file C:\Users\omen\.gradle\caches\8.13\transforms\a8861f765d7eda3e56c5758752ca20cf\transformed\media3-ui-1.2.1\res\drawable-anydpi-v21\exo_icon_pause.xml to D:\Projects\mp7\app\build\intermediates\merged_res\release\mergeReleaseResources\drawable-anydpi-v21_exo_icon_pause.xml.flat
Compiling xml file C:\Users\omen\.gradle\caches\8.13\transforms\ae9f31356854e4ae630d97445b3f1ae9\transformed\core-1.12.0\res\layout\custom_dialog.xml to D:\Projects\mp7\app\build\intermediates\merged_res\release\mergeReleaseResources\layout_custom_dialog.xml.flat
Compiling xml file C:\Users\omen\.gradle\caches\8.13\transforms\7e39a364d6bf8ebfbae048494e2a1df2\transformed\appcompat-resources-1.6.1\res\drawable\abc_vector_test.xml to D:\Projects\mp7\app\build\intermediates\merged_res\release\mergeReleaseResources\drawable_abc_vector_test.xml.flat
Compiling xml file C:\Users\omen\.gradle\caches\8.13\transforms\8d020bdbdcbba806d7ae42d1944de2c9\transformed\media-1.6.0\res\layout\notification_template_big_media_narrow_custom.xml to D:\Projects\mp7\app\build\intermediates\merged_res\release\mergeReleaseResources\layout_notification_template_big_media_narrow_custom.xml.flat
Compiling xml file C:\Users\omen\.gradle\caches\8.13\transforms\a8861f765d7eda3e56c5758752ca20cf\transformed\media3-ui-1.2.1\res\drawable-anydpi-v21\exo_ic_skip_previous.xml to D:\Projects\mp7\app\build\intermediates\merged_res\release\mergeReleaseResources\drawable-anydpi-v21_exo_ic_skip_previous.xml.flat
Compiling xml file C:\Users\omen\.gradle\caches\8.13\transforms\a8861f765d7eda3e56c5758752ca20cf\transformed\media3-ui-1.2.1\res\drawable-anydpi-v21\exo_ic_audiotrack.xml to D:\Projects\mp7\app\build\intermediates\merged_res\release\mergeReleaseResources\drawable-anydpi-v21_exo_ic_audiotrack.xml.flat
Compiling xml file C:\Users\omen\.gradle\caches\8.13\transforms\a8861f765d7eda3e56c5758752ca20cf\transformed\media3-ui-1.2.1\res\layout\exo_legacy_player_control_view.xml to D:\Projects\mp7\app\build\intermediates\merged_res\release\mergeReleaseResources\layout_exo_legacy_player_control_view.xml.flat
AAPT2 aapt2-8.11.1-12782657-windows Daemon #0: starting
AAPT2 aapt2-8.11.1-12782657-windows Daemon #1: starting
AAPT2 aapt2-8.11.1-12782657-windows Daemon #2: starting
AAPT2 aapt2-8.11.1-12782657-windows Daemon #3: starting
AAPT2 aapt2-8.11.1-12782657-windows Daemon #4: starting
AAPT2 aapt2-8.11.1-12782657-windows Daemon #5: starting
AAPT2 aapt2-8.11.1-12782657-windows Daemon #6: starting
AAPT2 aapt2-8.11.1-12782657-windows Daemon #7: starting

> Task :app:processReleaseMainManifest
Caching disabled for task ':app:processReleaseMainManifest' because:
  Build cache is disabled
Task ':app:processReleaseMainManifest' is not up-to-date because:
  Output property 'mergeBlameFile' file D:\Projects\mp7\app\build\intermediates\manifest_merge_blame_file\release\processReleaseMainManifest\manifest-merger-blame-release-report.txt has been removed.
  Output property 'mergedManifest' file D:\Projects\mp7\app\build\intermediates\merged_manifest\release\processReleaseMainManifest\AndroidManifest.xml has been removed.
  Output property 'reportFile' file D:\Projects\mp7\app\build\outputs\logs\manifest-merger-release-report.txt has been removed.
Loading library manifest C:\Users\omen\.gradle\caches\8.13\transforms\03b94bf8978d9d56a4259b1489eccd1e\transformed\coil-video-2.5.0\AndroidManifest.xml
Loading library manifest C:\Users\omen\.gradle\caches\8.13\transforms\a8861f765d7eda3e56c5758752ca20cf\transformed\media3-ui-1.2.1\AndroidManifest.xml
Loading library manifest C:\Users\omen\.gradle\caches\8.13\transforms\edff57631b7880ee207381b66033b9c7\transformed\media3-session-1.2.1\AndroidManifest.xml
Loading library manifest C:\Users\omen\.gradle\caches\8.13\transforms\800b067ac4300b2f937c22ae911df4fa\transformed\media3-extractor-1.2.1\AndroidManifest.xml
Loading library manifest C:\Users\omen\.gradle\caches\8.13\transforms\84917d1dc5673c5239a038bdd3509e4a\transformed\media3-container-1.2.1\AndroidManifest.xml
Loading library manifest C:\Users\omen\.gradle\caches\8.13\transforms\1bea708d528084fdb4e1101cee84e3bb\transformed\media3-datasource-1.2.1\AndroidManifest.xml
Loading library manifest C:\Users\omen\.gradle\caches\8.13\transforms\a505f7a5812ddedac405ab1ccef13f49\transformed\media3-decoder-1.2.1\AndroidManifest.xml
Loading library manifest C:\Users\omen\.gradle\caches\8.13\transforms\46a5fc31f608306eb51505b0700013ca\transformed\media3-database-1.2.1\AndroidManifest.xml
Loading library manifest C:\Users\omen\.gradle\caches\8.13\transforms\c81a28e349ad71c41e04e43fe24d0a80\transformed\media3-common-1.2.1\AndroidManifest.xml
Loading library manifest C:\Users\omen\.gradle\caches\8.13\transforms\82c9c3fcb9b0b02cf59f430d765a3651\transformed\media3-exoplayer-dash-1.2.1\AndroidManifest.xml
Loading library manifest C:\Users\omen\.gradle\caches\8.13\transforms\c5e4c944fc14b2c72eeef32aaf12fdad\transformed\media3-exoplayer-1.2.1\AndroidManifest.xml
Loading library manifest C:\Users\omen\.gradle\caches\8.13\transforms\8d020bdbdcbba806d7ae42d1944de2c9\transformed\media-1.6.0\AndroidManifest.xml
Loading library manifest C:\Users\omen\.gradle\caches\8.13\transforms\fc680cfcfd279a3359a6cf1237b1eb61\transformed\recyclerview-1.3.0\AndroidManifest.xml
Loading library manifest C:\Users\omen\.gradle\caches\8.13\transforms\ec090fabd9b7f7d512d3e5e8adf52099\transformed\navigation-common-2.7.6\AndroidManifest.xml
Loading library manifest C:\Users\omen\.gradle\caches\8.13\transforms\a1f64888656f5152657c8f4bad999340\transformed\navigation-runtime-2.7.6\AndroidManifest.xml
Loading library manifest C:\Users\omen\.gradle\caches\8.13\transforms\3586ae9c3f4d201623f47d9af35f12ae\transformed\navigation-common-ktx-2.7.6\AndroidManifest.xml
Loading library manifest C:\Users\omen\.gradle\caches\8.13\transforms\64160308c4e8212cb7de001b03bc0944\transformed\navigation-runtime-ktx-2.7.6\AndroidManifest.xml
Loading library manifest C:\Users\omen\.gradle\caches\8.13\transforms\1a3b23b6d0141fe3de7d67d7cd60160a\transformed\navigation-compose-2.7.6\AndroidManifest.xml
Loading library manifest C:\Users\omen\.gradle\caches\8.13\transforms\4a58646f9d53d6465cb1528a471bc23d\transformed\accompanist-permissions-0.32.0\AndroidManifest.xml
Loading library manifest C:\Users\omen\.gradle\caches\8.13\transforms\7703590ee1525993d342f6e7879cbb52\transformed\activity-1.8.2\AndroidManifest.xml
Loading library manifest C:\Users\omen\.gradle\caches\8.13\transforms\a90c7783f069749e9e168bb5c4a00263\transformed\activity-ktx-1.8.2\AndroidManifest.xml
Loading library manifest C:\Users\omen\.gradle\caches\8.13\transforms\cceb82e95a1cb811403b3a07ac57f49a\transformed\material3-release\AndroidManifest.xml
Loading library manifest C:\Users\omen\.gradle\caches\8.13\transforms\56362a07ec0074c476c5b48643e5bfb5\transformed\activity-compose-1.8.2\AndroidManifest.xml
Loading library manifest C:\Users\omen\.gradle\caches\8.13\transforms\6d1f81643cf21890209fc3a726483498\transformed\room-ktx-2.6.1\AndroidManifest.xml
Loading library manifest C:\Users\omen\.gradle\caches\8.13\transforms\1d51782db17121ac77d25a5c6c0117cb\transformed\room-runtime-2.6.1\AndroidManifest.xml
Loading library manifest C:\Users\omen\.gradle\caches\8.13\transforms\4c766fd3a92a00f1fad05af9782d7de0\transformed\room-paging-2.6.1\AndroidManifest.xml
Loading library manifest C:\Users\omen\.gradle\caches\8.13\transforms\c7597868c8790da86a6cc7205e8778bf\transformed\paging-compose-3.2.1\AndroidManifest.xml
Loading library manifest C:\Users\omen\.gradle\caches\8.13\transforms\11fdd353cbdf8d7a4b09a2f4c2887ab8\transformed\coil-compose-2.5.0\AndroidManifest.xml
Loading library manifest C:\Users\omen\.gradle\caches\8.13\transforms\a23ec258eb4d0c02943d4774e06be74e\transformed\coil-compose-base-2.5.0\AndroidManifest.xml
Loading library manifest C:\Users\omen\.gradle\caches\8.13\transforms\a6855f697980741085d30b95d8c71b03\transformed\material-icons-core-release\AndroidManifest.xml
Loading library manifest C:\Users\omen\.gradle\caches\8.13\transforms\8d9c7a2f144a1f069e281a282a4df9b0\transformed\material-icons-extended-release\AndroidManifest.xml
Loading library manifest C:\Users\omen\.gradle\caches\8.13\transforms\32d937cc8c04384f959f3f02b6734d96\transformed\material-ripple-release\AndroidManifest.xml
Loading library manifest C:\Users\omen\.gradle\caches\8.13\transforms\91bcc1832bb7a993a17825f90fa44ea1\transformed\animation-core-release\AndroidManifest.xml
Loading library manifest C:\Users\omen\.gradle\caches\8.13\transforms\e674acba1e63f6f56d052abeafff6f9a\transformed\animation-release\AndroidManifest.xml
Loading library manifest C:\Users\omen\.gradle\caches\8.13\transforms\51e7c5e4c99037a4b434fcb7ac849e67\transformed\foundation-layout-release\AndroidManifest.xml
Loading library manifest C:\Users\omen\.gradle\caches\8.13\transforms\e0090242881e5bcd31481b0db0171891\transformed\foundation-release\AndroidManifest.xml
Loading library manifest C:\Users\omen\.gradle\caches\8.13\transforms\cebdb64bb8640e64856c64f6fe4eb43c\transformed\ui-unit-release\AndroidManifest.xml
Loading library manifest C:\Users\omen\.gradle\caches\8.13\transforms\1cabc3fc1f5c4414545b998751389359\transformed\ui-geometry-release\AndroidManifest.xml
Loading library manifest C:\Users\omen\.gradle\caches\8.13\transforms\bde1123c3e4f530dd58f76543a1775f0\transformed\ui-util-release\AndroidManifest.xml
Loading library manifest C:\Users\omen\.gradle\caches\8.13\transforms\a8a7773845e7ca8963ab123baf76a7ae\transformed\ui-tooling-preview-release\AndroidManifest.xml
Loading library manifest C:\Users\omen\.gradle\caches\8.13\transforms\5bb93e740322a925f566947f048b28d7\transformed\ui-graphics-release\AndroidManifest.xml
Loading library manifest C:\Users\omen\.gradle\caches\8.13\transforms\0f9aa4511f3e86dcbfde481eb9f1434d\transformed\ui-text-release\AndroidManifest.xml
Loading library manifest C:\Users\omen\.gradle\caches\8.13\transforms\ae1e568a369b9367fb0167fad67a2a0b\transformed\emoji2-1.3.0\AndroidManifest.xml
Loading library manifest C:\Users\omen\.gradle\caches\8.13\transforms\b505187b6ba824062ffe4b20e42d8d88\transformed\lifecycle-process-2.7.0\AndroidManifest.xml
Loading library manifest C:\Users\omen\.gradle\caches\8.13\transforms\42d4280a3537c9fef0b1b91d9c419b1b\transformed\lifecycle-livedata-core-2.7.0\AndroidManifest.xml
Loading library manifest C:\Users\omen\.gradle\caches\8.13\transforms\e20d0a9bde5adb2a7354109fc1f1b150\transformed\savedstate-ktx-1.2.1\AndroidManifest.xml
Loading library manifest C:\Users\omen\.gradle\caches\8.13\transforms\bd091555620d6860bae23fce65266edc\transformed\savedstate-1.2.1\AndroidManifest.xml
Loading library manifest C:\Users\omen\.gradle\caches\8.13\transforms\cdaacd425e012f2b45d003f472fb0be4\transformed\lifecycle-viewmodel-2.7.0\AndroidManifest.xml
Loading library manifest C:\Users\omen\.gradle\caches\8.13\transforms\05a64f0a01cb77139182ee20bb64e68e\transformed\lifecycle-viewmodel-savedstate-2.7.0\AndroidManifest.xml
Loading library manifest C:\Users\omen\.gradle\caches\8.13\transforms\3b17f453311b063096fdf87b08773c7e\transformed\lifecycle-viewmodel-ktx-2.7.0\AndroidManifest.xml
Loading library manifest C:\Users\omen\.gradle\caches\8.13\transforms\48b4af0dc4e4548b7d67c1fdeff32c05\transformed\coil-2.5.0\AndroidManifest.xml
Loading library manifest C:\Users\omen\.gradle\caches\8.13\transforms\fa765d317cb89d36587552faeb4cf595\transformed\coil-base-2.5.0\AndroidManifest.xml
Loading library manifest C:\Users\omen\.gradle\caches\8.13\transforms\6a337f0ce9b799889edbd38d79e44683\transformed\lifecycle-runtime-2.7.0\AndroidManifest.xml
Loading library manifest C:\Users\omen\.gradle\caches\8.13\transforms\1150f68c3d3280fbe9416c35eef542f1\transformed\lifecycle-runtime-compose-2.7.0\AndroidManifest.xml
Loading library manifest C:\Users\omen\.gradle\caches\8.13\transforms\9b915689c7395aa50b46ff5439ba107f\transformed\lifecycle-runtime-ktx-2.7.0\AndroidManifest.xml
Loading library manifest C:\Users\omen\.gradle\caches\8.13\transforms\79787338a94067a458d98c31ce72a188\transformed\lifecycle-viewmodel-compose-2.7.0\AndroidManifest.xml
Loading library manifest C:\Users\omen\.gradle\caches\8.13\transforms\1ac45da368068c2ff7840f80c3e4865b\transformed\accompanist-drawablepainter-0.32.0\AndroidManifest.xml
Loading library manifest C:\Users\omen\.gradle\caches\8.13\transforms\954e40ea5ad653448c0453c7f73b4b42\transformed\ui-release\AndroidManifest.xml
Loading library manifest C:\Users\omen\.gradle\caches\8.13\transforms\ae7103a6de77320c91efb94699b07b07\transformed\customview-1.0.0\AndroidManifest.xml
Loading library manifest C:\Users\omen\.gradle\caches\8.13\transforms\7e39a364d6bf8ebfbae048494e2a1df2\transformed\appcompat-resources-1.6.1\AndroidManifest.xml
Loading library manifest C:\Users\omen\.gradle\caches\8.13\transforms\b55c0eda0e095382c34a21efa47f8e28\transformed\autofill-1.0.0\AndroidManifest.xml
Loading library manifest C:\Users\omen\.gradle\caches\8.13\transforms\adcc19054cc796382bc44fb4dd0efbe7\transformed\vectordrawable-animated-1.1.0\AndroidManifest.xml
Loading library manifest C:\Users\omen\.gradle\caches\8.13\transforms\ae64d36709869f8d3dffae43053b9f1e\transformed\vectordrawable-1.1.0\AndroidManifest.xml
Loading library manifest C:\Users\omen\.gradle\caches\8.13\transforms\ae9f31356854e4ae630d97445b3f1ae9\transformed\core-1.12.0\AndroidManifest.xml
Loading library manifest C:\Users\omen\.gradle\caches\8.13\transforms\2f9908f953b43655843b7db06310ea59\transformed\customview-poolingcontainer-1.0.0\AndroidManifest.xml
Loading library manifest C:\Users\omen\.gradle\caches\8.13\transforms\8ab89c0f4b0b254ff9f0015f0d727fda\transformed\core-ktx-1.12.0\AndroidManifest.xml
Loading library manifest C:\Users\omen\.gradle\caches\8.13\transforms\fb9526f3fece886796f7ed28f7a4ee33\transformed\datastore-preferences-1.0.0\AndroidManifest.xml
Loading library manifest C:\Users\omen\.gradle\caches\8.13\transforms\3ddc14fa6b98a44b6ea96ffa032f8352\transformed\datastore-1.0.0\AndroidManifest.xml
Loading library manifest C:\Users\omen\.gradle\caches\8.13\transforms\fba5bc6172431c95d3e80927dd32abcf\transformed\sqlite-framework-2.4.0\AndroidManifest.xml
Loading library manifest C:\Users\omen\.gradle\caches\8.13\transforms\faae75b5f58c106821fdb043edb4e8e3\transformed\sqlite-2.4.0\AndroidManifest.xml
Loading library manifest C:\Users\omen\.gradle\caches\8.13\transforms\1fd425f3c59c8c1ddbda98d5970a0a1e\transformed\runtime-saveable-release\AndroidManifest.xml
Loading library manifest C:\Users\omen\.gradle\caches\8.13\transforms\433c681292842fda3dc28c60e6d1c623\transformed\runtime-release\AndroidManifest.xml
Loading library manifest C:\Users\omen\.gradle\caches\8.13\transforms\80d51154dec48804d6a6993eefff9df3\transformed\napier-release\AndroidManifest.xml
Loading library manifest C:\Users\omen\.gradle\caches\8.13\transforms\873ceb3456d03fc550f45f6a0845edf3\transformed\annotation-experimental-1.4.0\AndroidManifest.xml
Loading library manifest C:\Users\omen\.gradle\caches\8.13\transforms\43d90abe01e359e0d37e8e101ce0a280\transformed\exifinterface-1.3.6\AndroidManifest.xml
Loading library manifest C:\Users\omen\.gradle\caches\8.13\transforms\0673459c1f822876ef21a9df8f1a417c\transformed\core-runtime-2.2.0\AndroidManifest.xml
Loading library manifest C:\Users\omen\.gradle\caches\8.13\transforms\bc43a0940f17e2bb1b037ee34d1bcc79\transformed\interpolator-1.0.0\AndroidManifest.xml
Loading library manifest C:\Users\omen\.gradle\caches\8.13\transforms\0f6c1e9a918987ff02876dad41ff80e1\transformed\versionedparcelable-1.1.1\AndroidManifest.xml
Loading library manifest C:\Users\omen\.gradle\caches\8.13\transforms\b5d15b135874bff5b39497d2a1ef3de8\transformed\profileinstaller-1.3.1\AndroidManifest.xml
Loading library manifest C:\Users\omen\.gradle\caches\8.13\transforms\cc94dff58707f1feb45b37e384e2db7e\transformed\startup-runtime-1.1.1\AndroidManifest.xml
Loading library manifest C:\Users\omen\.gradle\caches\8.13\transforms\b74f74003e205f51d7e746c740d9aec6\transformed\tracing-1.0.0\AndroidManifest.xml
Merging main manifest D:\Projects\mp7\app\src\main\AndroidManifest.xml

Merging library manifest C:\Users\omen\.gradle\caches\8.13\transforms\03b94bf8978d9d56a4259b1489eccd1e\transformed\coil-video-2.5.0\AndroidManifest.xml
Merging manifest with lower [io.coil-kt:coil-video:2.5.0] AndroidManifest.xml:2:1-7:12
uses-sdk defined in both files...
Merging uses-sdk with lower [io.coil-kt:coil-video:2.5.0] AndroidManifest.xml:5:5-44
Merging library manifest C:\Users\omen\.gradle\caches\8.13\transforms\a8861f765d7eda3e56c5758752ca20cf\transformed\media3-ui-1.2.1\AndroidManifest.xml
Merging manifest with lower [androidx.media3:media3-ui:1.2.1] AndroidManifest.xml:17:1-22:12
uses-sdk defined in both files...
Merging uses-sdk with lower [androidx.media3:media3-ui:1.2.1] AndroidManifest.xml:20:5-44
Merging library manifest C:\Users\omen\.gradle\caches\8.13\transforms\edff57631b7880ee207381b66033b9c7\transformed\media3-session-1.2.1\AndroidManifest.xml
Merging manifest with lower [androidx.media3:media3-session:1.2.1] AndroidManifest.xml:17:1-22:12
uses-sdk defined in both files...
Merging uses-sdk with lower [androidx.media3:media3-session:1.2.1] AndroidManifest.xml:20:5-44
Merging library manifest C:\Users\omen\.gradle\caches\8.13\transforms\800b067ac4300b2f937c22ae911df4fa\transformed\media3-extractor-1.2.1\AndroidManifest.xml
Merging manifest with lower [androidx.media3:media3-extractor:1.2.1] AndroidManifest.xml:17:1-22:12
uses-sdk defined in both files...
Merging uses-sdk with lower [androidx.media3:media3-extractor:1.2.1] AndroidManifest.xml:20:5-44
Merging library manifest C:\Users\omen\.gradle\caches\8.13\transforms\84917d1dc5673c5239a038bdd3509e4a\transformed\media3-container-1.2.1\AndroidManifest.xml
Merging manifest with lower [androidx.media3:media3-container:1.2.1] AndroidManifest.xml:17:1-22:12
uses-sdk defined in both files...
Merging uses-sdk with lower [androidx.media3:media3-container:1.2.1] AndroidManifest.xml:20:5-44
Merging library manifest C:\Users\omen\.gradle\caches\8.13\transforms\1bea708d528084fdb4e1101cee84e3bb\transformed\media3-datasource-1.2.1\AndroidManifest.xml
Merging manifest with lower [androidx.media3:media3-datasource:1.2.1] AndroidManifest.xml:17:1-22:12
uses-sdk defined in both files...
Merging uses-sdk with lower [androidx.media3:media3-datasource:1.2.1] AndroidManifest.xml:20:5-44
Merging library manifest C:\Users\omen\.gradle\caches\8.13\transforms\a505f7a5812ddedac405ab1ccef13f49\transformed\media3-decoder-1.2.1\AndroidManifest.xml
Merging manifest with lower [androidx.media3:media3-decoder:1.2.1] AndroidManifest.xml:17:1-22:12
uses-sdk defined in both files...
Merging uses-sdk with lower [androidx.media3:media3-decoder:1.2.1] AndroidManifest.xml:20:5-44
Merging library manifest C:\Users\omen\.gradle\caches\8.13\transforms\46a5fc31f608306eb51505b0700013ca\transformed\media3-database-1.2.1\AndroidManifest.xml
Merging manifest with lower [androidx.media3:media3-database:1.2.1] AndroidManifest.xml:17:1-22:12
uses-sdk defined in both files...
Merging uses-sdk with lower [androidx.media3:media3-database:1.2.1] AndroidManifest.xml:20:5-44
Merging library manifest C:\Users\omen\.gradle\caches\8.13\transforms\c81a28e349ad71c41e04e43fe24d0a80\transformed\media3-common-1.2.1\AndroidManifest.xml
Merging manifest with lower [androidx.media3:media3-common:1.2.1] AndroidManifest.xml:17:1-24:12
uses-sdk defined in both files...
Merging uses-sdk with lower [androidx.media3:media3-common:1.2.1] AndroidManifest.xml:20:5-44
Adopted [uses-permission: null]
Merging library manifest C:\Users\omen\.gradle\caches\8.13\transforms\82c9c3fcb9b0b02cf59f430d765a3651\transformed\media3-exoplayer-dash-1.2.1\AndroidManifest.xml
Merging manifest with lower [androidx.media3:media3-exoplayer-dash:1.2.1] AndroidManifest.xml:17:1-22:12
uses-sdk defined in both files...
Merging uses-sdk with lower [androidx.media3:media3-exoplayer-dash:1.2.1] AndroidManifest.xml:20:5-44
Merging library manifest C:\Users\omen\.gradle\caches\8.13\transforms\c5e4c944fc14b2c72eeef32aaf12fdad\transformed\media3-exoplayer-1.2.1\AndroidManifest.xml
Merging manifest with lower [androidx.media3:media3-exoplayer:1.2.1] AndroidManifest.xml:17:1-24:12
uses-sdk defined in both files...
Merging uses-sdk with lower [androidx.media3:media3-exoplayer:1.2.1] AndroidManifest.xml:20:5-44
uses-permission#android.permission.ACCESS_NETWORK_STATE defined in both files...
Merging uses-permission#android.permission.ACCESS_NETWORK_STATE with lower [androidx.media3:media3-exoplayer:1.2.1] AndroidManifest.xml:22:5-79
Merging library manifest C:\Users\omen\.gradle\caches\8.13\transforms\8d020bdbdcbba806d7ae42d1944de2c9\transformed\media-1.6.0\AndroidManifest.xml
Merging manifest with lower [androidx.media:media:1.6.0] AndroidManifest.xml:17:1-24:12
uses-sdk defined in both files...
Merging uses-sdk with lower [androidx.media:media:1.6.0] AndroidManifest.xml:20:5-22:41
Merging library manifest C:\Users\omen\.gradle\caches\8.13\transforms\fc680cfcfd279a3359a6cf1237b1eb61\transformed\recyclerview-1.3.0\AndroidManifest.xml
Merging manifest with lower [androidx.recyclerview:recyclerview:1.3.0] AndroidManifest.xml:17:1-22:12
uses-sdk defined in both files...
Merging uses-sdk with lower [androidx.recyclerview:recyclerview:1.3.0] AndroidManifest.xml:20:5-44
Merging library manifest C:\Users\omen\.gradle\caches\8.13\transforms\ec090fabd9b7f7d512d3e5e8adf52099\transformed\navigation-common-2.7.6\AndroidManifest.xml
Merging manifest with lower [androidx.navigation:navigation-common:2.7.6] AndroidManifest.xml:17:1-22:12
uses-sdk defined in both files...
Merging uses-sdk with lower [androidx.navigation:navigation-common:2.7.6] AndroidManifest.xml:20:5-44
Merging library manifest C:\Users\omen\.gradle\caches\8.13\transforms\a1f64888656f5152657c8f4bad999340\transformed\navigation-runtime-2.7.6\AndroidManifest.xml
Merging manifest with lower [androidx.navigation:navigation-runtime:2.7.6] AndroidManifest.xml:17:1-22:12
uses-sdk defined in both files...
Merging uses-sdk with lower [androidx.navigation:navigation-runtime:2.7.6] AndroidManifest.xml:20:5-44
Merging library manifest C:\Users\omen\.gradle\caches\8.13\transforms\3586ae9c3f4d201623f47d9af35f12ae\transformed\navigation-common-ktx-2.7.6\AndroidManifest.xml
Merging manifest with lower [androidx.navigation:navigation-common-ktx:2.7.6] AndroidManifest.xml:2:1-7:12
uses-sdk defined in both files...
Merging uses-sdk with lower [androidx.navigation:navigation-common-ktx:2.7.6] AndroidManifest.xml:5:5-44
Merging library manifest C:\Users\omen\.gradle\caches\8.13\transforms\64160308c4e8212cb7de001b03bc0944\transformed\navigation-runtime-ktx-2.7.6\AndroidManifest.xml
Merging manifest with lower [androidx.navigation:navigation-runtime-ktx:2.7.6] AndroidManifest.xml:2:1-7:12
uses-sdk defined in both files...
Merging uses-sdk with lower [androidx.navigation:navigation-runtime-ktx:2.7.6] AndroidManifest.xml:5:5-44
Merging library manifest C:\Users\omen\.gradle\caches\8.13\transforms\1a3b23b6d0141fe3de7d67d7cd60160a\transformed\navigation-compose-2.7.6\AndroidManifest.xml
Merging manifest with lower [androidx.navigation:navigation-compose:2.7.6] AndroidManifest.xml:2:1-7:12
uses-sdk defined in both files...
Merging uses-sdk with lower [androidx.navigation:navigation-compose:2.7.6] AndroidManifest.xml:5:5-44
Merging library manifest C:\Users\omen\.gradle\caches\8.13\transforms\4a58646f9d53d6465cb1528a471bc23d\transformed\accompanist-permissions-0.32.0\AndroidManifest.xml
Merging manifest with lower [com.google.accompanist:accompanist-permissions:0.32.0] AndroidManifest.xml:17:1-23:12
uses-sdk defined in both files...
Merging uses-sdk with lower [com.google.accompanist:accompanist-permissions:0.32.0] AndroidManifest.xml:21:5-44
Merging library manifest C:\Users\omen\.gradle\caches\8.13\transforms\7703590ee1525993d342f6e7879cbb52\transformed\activity-1.8.2\AndroidManifest.xml
Merging manifest with lower [androidx.activity:activity:1.8.2] AndroidManifest.xml:17:1-22:12
uses-sdk defined in both files...
Merging uses-sdk with lower [androidx.activity:activity:1.8.2] AndroidManifest.xml:20:5-44
Merging library manifest C:\Users\omen\.gradle\caches\8.13\transforms\a90c7783f069749e9e168bb5c4a00263\transformed\activity-ktx-1.8.2\AndroidManifest.xml
Merging manifest with lower [androidx.activity:activity-ktx:1.8.2] AndroidManifest.xml:2:1-7:12
uses-sdk defined in both files...
Merging uses-sdk with lower [androidx.activity:activity-ktx:1.8.2] AndroidManifest.xml:5:5-44
Merging library manifest C:\Users\omen\.gradle\caches\8.13\transforms\cceb82e95a1cb811403b3a07ac57f49a\transformed\material3-release\AndroidManifest.xml
Merging manifest with lower [androidx.compose.material3:material3-android:1.2.0] AndroidManifest.xml:17:1-22:12
uses-sdk defined in both files...
Merging uses-sdk with lower [androidx.compose.material3:material3-android:1.2.0] AndroidManifest.xml:20:5-44
Merging library manifest C:\Users\omen\.gradle\caches\8.13\transforms\56362a07ec0074c476c5b48643e5bfb5\transformed\activity-compose-1.8.2\AndroidManifest.xml
Merging manifest with lower [androidx.activity:activity-compose:1.8.2] AndroidManifest.xml:2:1-7:12
uses-sdk defined in both files...
Merging uses-sdk with lower [androidx.activity:activity-compose:1.8.2] AndroidManifest.xml:5:5-44
Merging library manifest C:\Users\omen\.gradle\caches\8.13\transforms\6d1f81643cf21890209fc3a726483498\transformed\room-ktx-2.6.1\AndroidManifest.xml
Merging manifest with lower [androidx.room:room-ktx:2.6.1] AndroidManifest.xml:17:1-22:12
uses-sdk defined in both files...
Merging uses-sdk with lower [androidx.room:room-ktx:2.6.1] AndroidManifest.xml:20:5-44
Merging library manifest C:\Users\omen\.gradle\caches\8.13\transforms\1d51782db17121ac77d25a5c6c0117cb\transformed\room-runtime-2.6.1\AndroidManifest.xml
Merging manifest with lower [androidx.room:room-runtime:2.6.1] AndroidManifest.xml:17:1-31:12
uses-sdk defined in both files...
Merging uses-sdk with lower [androidx.room:room-runtime:2.6.1] AndroidManifest.xml:21:5-44
application defined in both files...
Merging application with lower [androidx.room:room-runtime:2.6.1] AndroidManifest.xml:23:5-29:19
Adopted [service: null]
Merging library manifest C:\Users\omen\.gradle\caches\8.13\transforms\4c766fd3a92a00f1fad05af9782d7de0\transformed\room-paging-2.6.1\AndroidManifest.xml
Merging manifest with lower [androidx.room:room-paging:2.6.1] AndroidManifest.xml:17:1-22:12
uses-sdk defined in both files...
Merging uses-sdk with lower [androidx.room:room-paging:2.6.1] AndroidManifest.xml:20:5-44
Merging library manifest C:\Users\omen\.gradle\caches\8.13\transforms\c7597868c8790da86a6cc7205e8778bf\transformed\paging-compose-3.2.1\AndroidManifest.xml
Merging manifest with lower [androidx.paging:paging-compose:3.2.1] AndroidManifest.xml:2:1-7:12
uses-sdk defined in both files...
Merging uses-sdk with lower [androidx.paging:paging-compose:3.2.1] AndroidManifest.xml:5:5-44
Merging library manifest C:\Users\omen\.gradle\caches\8.13\transforms\11fdd353cbdf8d7a4b09a2f4c2887ab8\transformed\coil-compose-2.5.0\AndroidManifest.xml
Merging manifest with lower [io.coil-kt:coil-compose:2.5.0] AndroidManifest.xml:2:1-7:12
uses-sdk defined in both files...
Merging uses-sdk with lower [io.coil-kt:coil-compose:2.5.0] AndroidManifest.xml:5:5-44
Merging library manifest C:\Users\omen\.gradle\caches\8.13\transforms\a23ec258eb4d0c02943d4774e06be74e\transformed\coil-compose-base-2.5.0\AndroidManifest.xml
Merging manifest with lower [io.coil-kt:coil-compose-base:2.5.0] AndroidManifest.xml:2:1-7:12
uses-sdk defined in both files...
Merging uses-sdk with lower [io.coil-kt:coil-compose-base:2.5.0] AndroidManifest.xml:5:5-44
Merging library manifest C:\Users\omen\.gradle\caches\8.13\transforms\a6855f697980741085d30b95d8c71b03\transformed\material-icons-core-release\AndroidManifest.xml
Merging manifest with lower [androidx.compose.material:material-icons-core-android:1.6.1] AndroidManifest.xml:2:1-7:12
uses-sdk defined in both files...
Merging uses-sdk with lower [androidx.compose.material:material-icons-core-android:1.6.1] AndroidManifest.xml:5:5-44
Merging library manifest C:\Users\omen\.gradle\caches\8.13\transforms\8d9c7a2f144a1f069e281a282a4df9b0\transformed\material-icons-extended-release\AndroidManifest.xml
Merging manifest with lower [androidx.compose.material:material-icons-extended-android:1.6.1] AndroidManifest.xml:2:1-7:12
uses-sdk defined in both files...
Merging uses-sdk with lower [androidx.compose.material:material-icons-extended-android:1.6.1] AndroidManifest.xml:5:5-44
Merging library manifest C:\Users\omen\.gradle\caches\8.13\transforms\32d937cc8c04384f959f3f02b6734d96\transformed\material-ripple-release\AndroidManifest.xml
Merging manifest with lower [androidx.compose.material:material-ripple-android:1.6.1] AndroidManifest.xml:2:1-7:12
uses-sdk defined in both files...
Merging uses-sdk with lower [androidx.compose.material:material-ripple-android:1.6.1] AndroidManifest.xml:5:5-44
Merging library manifest C:\Users\omen\.gradle\caches\8.13\transforms\91bcc1832bb7a993a17825f90fa44ea1\transformed\animation-core-release\AndroidManifest.xml
Merging manifest with lower [androidx.compose.animation:animation-core-android:1.6.1] AndroidManifest.xml:2:1-7:12
uses-sdk defined in both files...
Merging uses-sdk with lower [androidx.compose.animation:animation-core-android:1.6.1] AndroidManifest.xml:5:5-44
Merging library manifest C:\Users\omen\.gradle\caches\8.13\transforms\e674acba1e63f6f56d052abeafff6f9a\transformed\animation-release\AndroidManifest.xml
Merging manifest with lower [androidx.compose.animation:animation-android:1.6.1] AndroidManifest.xml:2:1-7:12
uses-sdk defined in both files...
Merging uses-sdk with lower [androidx.compose.animation:animation-android:1.6.1] AndroidManifest.xml:5:5-44
Merging library manifest C:\Users\omen\.gradle\caches\8.13\transforms\51e7c5e4c99037a4b434fcb7ac849e67\transformed\foundation-layout-release\AndroidManifest.xml
Merging manifest with lower [androidx.compose.foundation:foundation-layout-android:1.6.1] AndroidManifest.xml:2:1-7:12
uses-sdk defined in both files...
Merging uses-sdk with lower [androidx.compose.foundation:foundation-layout-android:1.6.1] AndroidManifest.xml:5:5-44
Merging library manifest C:\Users\omen\.gradle\caches\8.13\transforms\e0090242881e5bcd31481b0db0171891\transformed\foundation-release\AndroidManifest.xml
Merging manifest with lower [androidx.compose.foundation:foundation-android:1.6.1] AndroidManifest.xml:2:1-7:12
uses-sdk defined in both files...
Merging uses-sdk with lower [androidx.compose.foundation:foundation-android:1.6.1] AndroidManifest.xml:5:5-44
Merging library manifest C:\Users\omen\.gradle\caches\8.13\transforms\cebdb64bb8640e64856c64f6fe4eb43c\transformed\ui-unit-release\AndroidManifest.xml
Merging manifest with lower [androidx.compose.ui:ui-unit-android:1.6.1] AndroidManifest.xml:2:1-7:12
uses-sdk defined in both files...
Merging uses-sdk with lower [androidx.compose.ui:ui-unit-android:1.6.1] AndroidManifest.xml:5:5-44
Merging library manifest C:\Users\omen\.gradle\caches\8.13\transforms\1cabc3fc1f5c4414545b998751389359\transformed\ui-geometry-release\AndroidManifest.xml
Merging manifest with lower [androidx.compose.ui:ui-geometry-android:1.6.1] AndroidManifest.xml:2:1-7:12
uses-sdk defined in both files...
Merging uses-sdk with lower [androidx.compose.ui:ui-geometry-android:1.6.1] AndroidManifest.xml:5:5-44
Merging library manifest C:\Users\omen\.gradle\caches\8.13\transforms\bde1123c3e4f530dd58f76543a1775f0\transformed\ui-util-release\AndroidManifest.xml
Merging manifest with lower [androidx.compose.ui:ui-util-android:1.6.1] AndroidManifest.xml:2:1-7:12
uses-sdk defined in both files...
Merging uses-sdk with lower [androidx.compose.ui:ui-util-android:1.6.1] AndroidManifest.xml:5:5-44
Merging library manifest C:\Users\omen\.gradle\caches\8.13\transforms\a8a7773845e7ca8963ab123baf76a7ae\transformed\ui-tooling-preview-release\AndroidManifest.xml
Merging manifest with lower [androidx.compose.ui:ui-tooling-preview-android:1.6.1] AndroidManifest.xml:17:1-22:12
uses-sdk defined in both files...
Merging uses-sdk with lower [androidx.compose.ui:ui-tooling-preview-android:1.6.1] AndroidManifest.xml:20:5-44
Merging library manifest C:\Users\omen\.gradle\caches\8.13\transforms\5bb93e740322a925f566947f048b28d7\transformed\ui-graphics-release\AndroidManifest.xml
Merging manifest with lower [androidx.compose.ui:ui-graphics-android:1.6.1] AndroidManifest.xml:2:1-7:12
uses-sdk defined in both files...
Merging uses-sdk with lower [androidx.compose.ui:ui-graphics-android:1.6.1] AndroidManifest.xml:5:5-44
Merging library manifest C:\Users\omen\.gradle\caches\8.13\transforms\0f9aa4511f3e86dcbfde481eb9f1434d\transformed\ui-text-release\AndroidManifest.xml
Merging manifest with lower [androidx.compose.ui:ui-text-android:1.6.1] AndroidManifest.xml:2:1-7:12
uses-sdk defined in both files...
Merging uses-sdk with lower [androidx.compose.ui:ui-text-android:1.6.1] AndroidManifest.xml:5:5-44
Merging library manifest C:\Users\omen\.gradle\caches\8.13\transforms\ae1e568a369b9367fb0167fad67a2a0b\transformed\emoji2-1.3.0\AndroidManifest.xml
Merging manifest with lower [androidx.emoji2:emoji2:1.3.0] AndroidManifest.xml:17:1-35:12
uses-sdk defined in both files...
Merging uses-sdk with lower [androidx.emoji2:emoji2:1.3.0] AndroidManifest.xml:21:5-44
application defined in both files...
Merging application with lower [androidx.emoji2:emoji2:1.3.0] AndroidManifest.xml:23:5-33:19
Adopted [provider: null]
Merging library manifest C:\Users\omen\.gradle\caches\8.13\transforms\b505187b6ba824062ffe4b20e42d8d88\transformed\lifecycle-process-2.7.0\AndroidManifest.xml
Merging manifest with lower [androidx.lifecycle:lifecycle-process:2.7.0] AndroidManifest.xml:17:1-35:12
uses-sdk defined in both files...
Merging uses-sdk with lower [androidx.lifecycle:lifecycle-process:2.7.0] AndroidManifest.xml:21:5-44
application defined in both files...
Merging application with lower [androidx.lifecycle:lifecycle-process:2.7.0] AndroidManifest.xml:23:5-33:19
provider#androidx.startup.InitializationProvider defined in both files...
Merging provider#androidx.startup.InitializationProvider with lower [androidx.lifecycle:lifecycle-process:2.7.0] AndroidManifest.xml:24:9-32:20
Adopted [meta-data: null]
Merging library manifest C:\Users\omen\.gradle\caches\8.13\transforms\42d4280a3537c9fef0b1b91d9c419b1b\transformed\lifecycle-livedata-core-2.7.0\AndroidManifest.xml
Merging manifest with lower [androidx.lifecycle:lifecycle-livedata-core:2.7.0] AndroidManifest.xml:17:1-22:12
uses-sdk defined in both files...
Merging uses-sdk with lower [androidx.lifecycle:lifecycle-livedata-core:2.7.0] AndroidManifest.xml:20:5-44
Merging library manifest C:\Users\omen\.gradle\caches\8.13\transforms\e20d0a9bde5adb2a7354109fc1f1b150\transformed\savedstate-ktx-1.2.1\AndroidManifest.xml
Merging manifest with lower [androidx.savedstate:savedstate-ktx:1.2.1] AndroidManifest.xml:17:1-22:12
uses-sdk defined in both files...
Merging uses-sdk with lower [androidx.savedstate:savedstate-ktx:1.2.1] AndroidManifest.xml:20:5-44
Merging library manifest C:\Users\omen\.gradle\caches\8.13\transforms\bd091555620d6860bae23fce65266edc\transformed\savedstate-1.2.1\AndroidManifest.xml
Merging manifest with lower [androidx.savedstate:savedstate:1.2.1] AndroidManifest.xml:17:1-22:12
uses-sdk defined in both files...
Merging uses-sdk with lower [androidx.savedstate:savedstate:1.2.1] AndroidManifest.xml:20:5-44
Merging library manifest C:\Users\omen\.gradle\caches\8.13\transforms\cdaacd425e012f2b45d003f472fb0be4\transformed\lifecycle-viewmodel-2.7.0\AndroidManifest.xml
Merging manifest with lower [androidx.lifecycle:lifecycle-viewmodel:2.7.0] AndroidManifest.xml:17:1-22:12
uses-sdk defined in both files...
Merging uses-sdk with lower [androidx.lifecycle:lifecycle-viewmodel:2.7.0] AndroidManifest.xml:20:5-44
Merging library manifest C:\Users\omen\.gradle\caches\8.13\transforms\05a64f0a01cb77139182ee20bb64e68e\transformed\lifecycle-viewmodel-savedstate-2.7.0\AndroidManifest.xml
Merging manifest with lower [androidx.lifecycle:lifecycle-viewmodel-savedstate:2.7.0] AndroidManifest.xml:17:1-22:12
uses-sdk defined in both files...
Merging uses-sdk with lower [androidx.lifecycle:lifecycle-viewmodel-savedstate:2.7.0] AndroidManifest.xml:20:5-44
Merging library manifest C:\Users\omen\.gradle\caches\8.13\transforms\3b17f453311b063096fdf87b08773c7e\transformed\lifecycle-viewmodel-ktx-2.7.0\AndroidManifest.xml
Merging manifest with lower [androidx.lifecycle:lifecycle-viewmodel-ktx:2.7.0] AndroidManifest.xml:2:1-7:12
uses-sdk defined in both files...
Merging uses-sdk with lower [androidx.lifecycle:lifecycle-viewmodel-ktx:2.7.0] AndroidManifest.xml:5:5-44
Merging library manifest C:\Users\omen\.gradle\caches\8.13\transforms\48b4af0dc4e4548b7d67c1fdeff32c05\transformed\coil-2.5.0\AndroidManifest.xml
Merging manifest with lower [io.coil-kt:coil:2.5.0] AndroidManifest.xml:2:1-7:12
uses-sdk defined in both files...
Merging uses-sdk with lower [io.coil-kt:coil:2.5.0] AndroidManifest.xml:5:5-44
Merging library manifest C:\Users\omen\.gradle\caches\8.13\transforms\fa765d317cb89d36587552faeb4cf595\transformed\coil-base-2.5.0\AndroidManifest.xml
Merging manifest with lower [io.coil-kt:coil-base:2.5.0] AndroidManifest.xml:2:1-7:12
uses-sdk defined in both files...
Merging uses-sdk with lower [io.coil-kt:coil-base:2.5.0] AndroidManifest.xml:5:5-44
Merging library manifest C:\Users\omen\.gradle\caches\8.13\transforms\6a337f0ce9b799889edbd38d79e44683\transformed\lifecycle-runtime-2.7.0\AndroidManifest.xml
Merging manifest with lower [androidx.lifecycle:lifecycle-runtime:2.7.0] AndroidManifest.xml:2:1-7:12
uses-sdk defined in both files...
Merging uses-sdk with lower [androidx.lifecycle:lifecycle-runtime:2.7.0] AndroidManifest.xml:5:5-44
Merging library manifest C:\Users\omen\.gradle\caches\8.13\transforms\1150f68c3d3280fbe9416c35eef542f1\transformed\lifecycle-runtime-compose-2.7.0\AndroidManifest.xml
Merging manifest with lower [androidx.lifecycle:lifecycle-runtime-compose:2.7.0] AndroidManifest.xml:2:1-7:12
uses-sdk defined in both files...
Merging uses-sdk with lower [androidx.lifecycle:lifecycle-runtime-compose:2.7.0] AndroidManifest.xml:5:5-44
Merging library manifest C:\Users\omen\.gradle\caches\8.13\transforms\9b915689c7395aa50b46ff5439ba107f\transformed\lifecycle-runtime-ktx-2.7.0\AndroidManifest.xml
Merging manifest with lower [androidx.lifecycle:lifecycle-runtime-ktx:2.7.0] AndroidManifest.xml:17:1-22:12
uses-sdk defined in both files...
Merging uses-sdk with lower [androidx.lifecycle:lifecycle-runtime-ktx:2.7.0] AndroidManifest.xml:20:5-44
Merging library manifest C:\Users\omen\.gradle\caches\8.13\transforms\79787338a94067a458d98c31ce72a188\transformed\lifecycle-viewmodel-compose-2.7.0\AndroidManifest.xml
Merging manifest with lower [androidx.lifecycle:lifecycle-viewmodel-compose:2.7.0] AndroidManifest.xml:2:1-7:12
uses-sdk defined in both files...
Merging uses-sdk with lower [androidx.lifecycle:lifecycle-viewmodel-compose:2.7.0] AndroidManifest.xml:5:5-44
Merging library manifest C:\Users\omen\.gradle\caches\8.13\transforms\1ac45da368068c2ff7840f80c3e4865b\transformed\accompanist-drawablepainter-0.32.0\AndroidManifest.xml
Merging manifest with lower [com.google.accompanist:accompanist-drawablepainter:0.32.0] AndroidManifest.xml:17:1-23:12
uses-sdk defined in both files...
Merging uses-sdk with lower [com.google.accompanist:accompanist-drawablepainter:0.32.0] AndroidManifest.xml:21:5-44
Merging library manifest C:\Users\omen\.gradle\caches\8.13\transforms\954e40ea5ad653448c0453c7f73b4b42\transformed\ui-release\AndroidManifest.xml
Merging manifest with lower [androidx.compose.ui:ui-android:1.6.1] AndroidManifest.xml:2:1-7:12
uses-sdk defined in both files...
Merging uses-sdk with lower [androidx.compose.ui:ui-android:1.6.1] AndroidManifest.xml:5:5-44
Merging library manifest C:\Users\omen\.gradle\caches\8.13\transforms\ae7103a6de77320c91efb94699b07b07\transformed\customview-1.0.0\AndroidManifest.xml
Merging manifest with lower [androidx.customview:customview:1.0.0] AndroidManifest.xml:17:1-22:12
uses-sdk defined in both files...
Merging uses-sdk with lower [androidx.customview:customview:1.0.0] AndroidManifest.xml:20:5-44
Merging library manifest C:\Users\omen\.gradle\caches\8.13\transforms\7e39a364d6bf8ebfbae048494e2a1df2\transformed\appcompat-resources-1.6.1\AndroidManifest.xml
Merging manifest with lower [androidx.appcompat:appcompat-resources:1.6.1] AndroidManifest.xml:17:1-22:12
uses-sdk defined in both files...
Merging uses-sdk with lower [androidx.appcompat:appcompat-resources:1.6.1] AndroidManifest.xml:20:5-44
Merging library manifest C:\Users\omen\.gradle\caches\8.13\transforms\b55c0eda0e095382c34a21efa47f8e28\transformed\autofill-1.0.0\AndroidManifest.xml
Merging manifest with lower [androidx.autofill:autofill:1.0.0] AndroidManifest.xml:17:1-24:12
uses-sdk defined in both files...
Merging uses-sdk with lower [androidx.autofill:autofill:1.0.0] AndroidManifest.xml:20:5-22:41
Merging library manifest C:\Users\omen\.gradle\caches\8.13\transforms\adcc19054cc796382bc44fb4dd0efbe7\transformed\vectordrawable-animated-1.1.0\AndroidManifest.xml
Merging manifest with lower [androidx.vectordrawable:vectordrawable-animated:1.1.0] AndroidManifest.xml:17:1-24:12
uses-sdk defined in both files...
Merging uses-sdk with lower [androidx.vectordrawable:vectordrawable-animated:1.1.0] AndroidManifest.xml:20:5-22:41
Merging library manifest C:\Users\omen\.gradle\caches\8.13\transforms\ae64d36709869f8d3dffae43053b9f1e\transformed\vectordrawable-1.1.0\AndroidManifest.xml
Merging manifest with lower [androidx.vectordrawable:vectordrawable:1.1.0] AndroidManifest.xml:17:1-24:12
uses-sdk defined in both files...
Merging uses-sdk with lower [androidx.vectordrawable:vectordrawable:1.1.0] AndroidManifest.xml:20:5-22:41
Merging library manifest C:\Users\omen\.gradle\caches\8.13\transforms\ae9f31356854e4ae630d97445b3f1ae9\transformed\core-1.12.0\AndroidManifest.xml
Merging manifest with lower [androidx.core:core:1.12.0] AndroidManifest.xml:17:1-30:12
uses-sdk defined in both files...
Merging uses-sdk with lower [androidx.core:core:1.12.0] AndroidManifest.xml:20:5-44
Adopted [permission: null]
Adopted [uses-permission: null]
application defined in both files...
Merging application with lower [androidx.core:core:1.12.0] AndroidManifest.xml:28:5-89
Merging library manifest C:\Users\omen\.gradle\caches\8.13\transforms\2f9908f953b43655843b7db06310ea59\transformed\customview-poolingcontainer-1.0.0\AndroidManifest.xml
Merging manifest with lower [androidx.customview:customview-poolingcontainer:1.0.0] AndroidManifest.xml:17:1-23:12
uses-sdk defined in both files...
Merging uses-sdk with lower [androidx.customview:customview-poolingcontainer:1.0.0] AndroidManifest.xml:20:5-21:38
Merging library manifest C:\Users\omen\.gradle\caches\8.13\transforms\8ab89c0f4b0b254ff9f0015f0d727fda\transformed\core-ktx-1.12.0\AndroidManifest.xml
Merging manifest with lower [androidx.core:core-ktx:1.12.0] AndroidManifest.xml:2:1-7:12
uses-sdk defined in both files...
Merging uses-sdk with lower [androidx.core:core-ktx:1.12.0] AndroidManifest.xml:5:5-44
Merging library manifest C:\Users\omen\.gradle\caches\8.13\transforms\fb9526f3fece886796f7ed28f7a4ee33\transformed\datastore-preferences-1.0.0\AndroidManifest.xml
Merging manifest with lower [androidx.datastore:datastore-preferences:1.0.0] AndroidManifest.xml:17:1-24:12
uses-sdk defined in both files...
Merging uses-sdk with lower [androidx.datastore:datastore-preferences:1.0.0] AndroidManifest.xml:20:5-22:41
Merging library manifest C:\Users\omen\.gradle\caches\8.13\transforms\3ddc14fa6b98a44b6ea96ffa032f8352\transformed\datastore-1.0.0\AndroidManifest.xml
Merging manifest with lower [androidx.datastore:datastore:1.0.0] AndroidManifest.xml:17:1-24:12
uses-sdk defined in both files...
Merging uses-sdk with lower [androidx.datastore:datastore:1.0.0] AndroidManifest.xml:20:5-22:41
Merging library manifest C:\Users\omen\.gradle\caches\8.13\transforms\fba5bc6172431c95d3e80927dd32abcf\transformed\sqlite-framework-2.4.0\AndroidManifest.xml
Merging manifest with lower [androidx.sqlite:sqlite-framework:2.4.0] AndroidManifest.xml:17:1-22:12
uses-sdk defined in both files...
Merging uses-sdk with lower [androidx.sqlite:sqlite-framework:2.4.0] AndroidManifest.xml:20:5-44
Merging library manifest C:\Users\omen\.gradle\caches\8.13\transforms\faae75b5f58c106821fdb043edb4e8e3\transformed\sqlite-2.4.0\AndroidManifest.xml
Merging manifest with lower [androidx.sqlite:sqlite:2.4.0] AndroidManifest.xml:17:1-22:12
uses-sdk defined in both files...
Merging uses-sdk with lower [androidx.sqlite:sqlite:2.4.0] AndroidManifest.xml:20:5-44
Merging library manifest C:\Users\omen\.gradle\caches\8.13\transforms\1fd425f3c59c8c1ddbda98d5970a0a1e\transformed\runtime-saveable-release\AndroidManifest.xml
Merging manifest with lower [androidx.compose.runtime:runtime-saveable-android:1.6.1] AndroidManifest.xml:2:1-7:12
uses-sdk defined in both files...
Merging uses-sdk with lower [androidx.compose.runtime:runtime-saveable-android:1.6.1] AndroidManifest.xml:5:5-44
Merging library manifest C:\Users\omen\.gradle\caches\8.13\transforms\433c681292842fda3dc28c60e6d1c623\transformed\runtime-release\AndroidManifest.xml
Merging manifest with lower [androidx.compose.runtime:runtime-android:1.6.1] AndroidManifest.xml:2:1-7:12
uses-sdk defined in both files...
Merging uses-sdk with lower [androidx.compose.runtime:runtime-android:1.6.1] AndroidManifest.xml:5:5-44
Merging library manifest C:\Users\omen\.gradle\caches\8.13\transforms\80d51154dec48804d6a6993eefff9df3\transformed\napier-release\AndroidManifest.xml
Merging manifest with lower [io.github.aakira:napier-android:1.4.1] AndroidManifest.xml:2:1-11:12
uses-sdk defined in both files...
Merging uses-sdk with lower [io.github.aakira:napier-android:1.4.1] AndroidManifest.xml:7:5-9:41
Merging library manifest C:\Users\omen\.gradle\caches\8.13\transforms\873ceb3456d03fc550f45f6a0845edf3\transformed\annotation-experimental-1.4.0\AndroidManifest.xml
Merging manifest with lower [androidx.annotation:annotation-experimental:1.4.0] AndroidManifest.xml:2:1-7:12
uses-sdk defined in both files...
Merging uses-sdk with lower [androidx.annotation:annotation-experimental:1.4.0] AndroidManifest.xml:5:5-44
Merging library manifest C:\Users\omen\.gradle\caches\8.13\transforms\43d90abe01e359e0d37e8e101ce0a280\transformed\exifinterface-1.3.6\AndroidManifest.xml
Merging manifest with lower [androidx.exifinterface:exifinterface:1.3.6] AndroidManifest.xml:17:1-24:12
uses-sdk defined in both files...
Merging uses-sdk with lower [androidx.exifinterface:exifinterface:1.3.6] AndroidManifest.xml:20:5-22:41
Merging library manifest C:\Users\omen\.gradle\caches\8.13\transforms\0673459c1f822876ef21a9df8f1a417c\transformed\core-runtime-2.2.0\AndroidManifest.xml
Merging manifest with lower [androidx.arch.core:core-runtime:2.2.0] AndroidManifest.xml:17:1-22:12
uses-sdk defined in both files...
Merging uses-sdk with lower [androidx.arch.core:core-runtime:2.2.0] AndroidManifest.xml:20:5-44
Merging library manifest C:\Users\omen\.gradle\caches\8.13\transforms\bc43a0940f17e2bb1b037ee34d1bcc79\transformed\interpolator-1.0.0\AndroidManifest.xml
Merging manifest with lower [androidx.interpolator:interpolator:1.0.0] AndroidManifest.xml:17:1-22:12
uses-sdk defined in both files...
Merging uses-sdk with lower [androidx.interpolator:interpolator:1.0.0] AndroidManifest.xml:20:5-44
Merging library manifest C:\Users\omen\.gradle\caches\8.13\transforms\0f6c1e9a918987ff02876dad41ff80e1\transformed\versionedparcelable-1.1.1\AndroidManifest.xml
Merging manifest with lower [androidx.versionedparcelable:versionedparcelable:1.1.1] AndroidManifest.xml:17:1-27:12
uses-sdk defined in both files...
Merging uses-sdk with lower [androidx.versionedparcelable:versionedparcelable:1.1.1] AndroidManifest.xml:20:5-22:41
application defined in both files...
Merging application with lower [androidx.versionedparcelable:versionedparcelable:1.1.1] AndroidManifest.xml:24:5-25:19
Merging library manifest C:\Users\omen\.gradle\caches\8.13\transforms\b5d15b135874bff5b39497d2a1ef3de8\transformed\profileinstaller-1.3.1\AndroidManifest.xml
Merging manifest with lower [androidx.profileinstaller:profileinstaller:1.3.1] AndroidManifest.xml:17:1-55:12
uses-sdk defined in both files...
Merging uses-sdk with lower [androidx.profileinstaller:profileinstaller:1.3.1] AndroidManifest.xml:21:5-44
application defined in both files...
Merging application with lower [androidx.profileinstaller:profileinstaller:1.3.1] AndroidManifest.xml:23:5-53:19
provider#androidx.startup.InitializationProvider defined in both files...
Merging provider#androidx.startup.InitializationProvider with lower [androidx.profileinstaller:profileinstaller:1.3.1] AndroidManifest.xml:24:9-32:20
Adopted [meta-data: null]
Adopted [receiver: null]
Merging library manifest C:\Users\omen\.gradle\caches\8.13\transforms\cc94dff58707f1feb45b37e384e2db7e\transformed\startup-runtime-1.1.1\AndroidManifest.xml
Merging manifest with lower [androidx.startup:startup-runtime:1.1.1] AndroidManifest.xml:17:1-33:12
uses-sdk defined in both files...
Merging uses-sdk with lower [androidx.startup:startup-runtime:1.1.1] AndroidManifest.xml:21:5-23:41
application defined in both files...
Merging application with lower [androidx.startup:startup-runtime:1.1.1] AndroidManifest.xml:25:5-31:19
provider#androidx.startup.InitializationProvider defined in both files...
Merging provider#androidx.startup.InitializationProvider with lower [androidx.startup:startup-runtime:1.1.1] AndroidManifest.xml:26:9-30:34
Merging library manifest C:\Users\omen\.gradle\caches\8.13\transforms\b74f74003e205f51d7e746c740d9aec6\transformed\tracing-1.0.0\AndroidManifest.xml
Merging manifest with lower [androidx.tracing:tracing:1.0.0] AndroidManifest.xml:17:1-24:12
uses-sdk defined in both files...
Merging uses-sdk with lower [androidx.tracing:tracing:1.0.0] AndroidManifest.xml:20:5-22:41
Merging result: SUCCESS
1<?xml version="1.0" encoding="utf-8"?>
2<manifest xmlns:android="http://schemas.android.com/apk/res/android"
3    package="com.lsj.mp7"
4    android:versionCode="1"
5    android:versionName="1.0" >
6
7    <uses-sdk
8        android:minSdkVersion="24"
9        android:targetSdkVersion="34" />
10
11    <uses-permission android:name="android.permission.READ_MEDIA_AUDIO" />
11-->D:\Projects\mp7\app\src\main\AndroidManifest.xml:5:5-75
11-->D:\Projects\mp7\app\src\main\AndroidManifest.xml:5:22-72
12    <uses-permission android:name="android.permission.READ_MEDIA_VIDEO" />
12-->D:\Projects\mp7\app\src\main\AndroidManifest.xml:6:5-75
12-->D:\Projects\mp7\app\src\main\AndroidManifest.xml:6:22-72
13    <uses-permission
13-->D:\Projects\mp7\app\src\main\AndroidManifest.xml:7:5-107
14        android:name="android.permission.READ_EXTERNAL_STORAGE"
14-->D:\Projects\mp7\app\src\main\AndroidManifest.xml:7:22-77
15        android:maxSdkVersion="32" />
15-->D:\Projects\mp7\app\src\main\AndroidManifest.xml:7:78-104
16    <uses-permission android:name="android.permission.FOREGROUND_SERVICE" />
16-->D:\Projects\mp7\app\src\main\AndroidManifest.xml:8:5-77
16-->D:\Projects\mp7\app\src\main\AndroidManifest.xml:8:22-74
17    <uses-permission android:name="android.permission.FOREGROUND_SERVICE_MEDIA_PLAYBACK" />
17-->D:\Projects\mp7\app\src\main\AndroidManifest.xml:9:5-92
17-->D:\Projects\mp7\app\src\main\AndroidManifest.xml:9:22-89
18    <uses-permission android:name="android.permission.BLUETOOTH" />
18-->D:\Projects\mp7\app\src\main\AndroidManifest.xml:10:5-68
18-->D:\Projects\mp7\app\src\main\AndroidManifest.xml:10:22-65
19    <uses-permission android:name="android.permission.BLUETOOTH_ADMIN" />
19-->D:\Projects\mp7\app\src\main\AndroidManifest.xml:11:5-74
19-->D:\Projects\mp7\app\src\main\AndroidManifest.xml:11:22-71
20    <uses-permission android:name="android.permission.BLUETOOTH_CONNECT" />
20-->D:\Projects\mp7\app\src\main\AndroidManifest.xml:12:5-76
20-->D:\Projects\mp7\app\src\main\AndroidManifest.xml:12:22-73
21    <uses-permission android:name="android.permission.WAKE_LOCK" />
21-->D:\Projects\mp7\app\src\main\AndroidManifest.xml:13:5-68
21-->D:\Projects\mp7\app\src\main\AndroidManifest.xml:13:22-65
22    <uses-permission android:name="android.permission.ACCESS_NETWORK_STATE" />
22-->[androidx.media3:media3-common:1.2.1] C:\Users\omen\.gradle\caches\8.13\transforms\c81a28e349ad71c41e04e43fe24d0a80\transformed\media3-common-1.2.1\AndroidManifest.xml:22:5-79
22-->[androidx.media3:media3-common:1.2.1] C:\Users\omen\.gradle\caches\8.13\transforms\c81a28e349ad71c41e04e43fe24d0a80\transformed\media3-common-1.2.1\AndroidManifest.xml:22:22-76
23
24    <permission
24-->[androidx.core:core:1.12.0] C:\Users\omen\.gradle\caches\8.13\transforms\ae9f31356854e4ae630d97445b3f1ae9\transformed\core-1.12.0\AndroidManifest.xml:22:5-24:47
25        android:name="com.lsj.mp7.DYNAMIC_RECEIVER_NOT_EXPORTED_PERMISSION"
25-->[androidx.core:core:1.12.0] C:\Users\omen\.gradle\caches\8.13\transforms\ae9f31356854e4ae630d97445b3f1ae9\transformed\core-1.12.0\AndroidManifest.xml:23:9-81
26        android:protectionLevel="signature" />
26-->[androidx.core:core:1.12.0] C:\Users\omen\.gradle\caches\8.13\transforms\ae9f31356854e4ae630d97445b3f1ae9\transformed\core-1.12.0\AndroidManifest.xml:24:9-44
27
28    <uses-permission android:name="com.lsj.mp7.DYNAMIC_RECEIVER_NOT_EXPORTED_PERMISSION" />
28-->[androidx.core:core:1.12.0] C:\Users\omen\.gradle\caches\8.13\transforms\ae9f31356854e4ae630d97445b3f1ae9\transformed\core-1.12.0\AndroidManifest.xml:26:5-97
28-->[androidx.core:core:1.12.0] C:\Users\omen\.gradle\caches\8.13\transforms\ae9f31356854e4ae630d97445b3f1ae9\transformed\core-1.12.0\AndroidManifest.xml:26:22-94
29
30    <application
30-->D:\Projects\mp7\app\src\main\AndroidManifest.xml:15:5-56:19
31        android:allowBackup="true"
31-->D:\Projects\mp7\app\src\main\AndroidManifest.xml:16:9-35
32        android:appComponentFactory="androidx.core.app.CoreComponentFactory"
32-->[androidx.core:core:1.12.0] C:\Users\omen\.gradle\caches\8.13\transforms\ae9f31356854e4ae630d97445b3f1ae9\transformed\core-1.12.0\AndroidManifest.xml:28:18-86
33        android:dataExtractionRules="@xml/data_extraction_rules"
33-->D:\Projects\mp7\app\src\main\AndroidManifest.xml:17:9-65
34        android:extractNativeLibs="false"
35        android:fullBackupContent="@xml/backup_rules"
35-->D:\Projects\mp7\app\src\main\AndroidManifest.xml:18:9-54
36        android:icon="@mipmap/ic_launcher"
36-->D:\Projects\mp7\app\src\main\AndroidManifest.xml:19:9-43
37        android:label="@string/app_name"
37-->D:\Projects\mp7\app\src\main\AndroidManifest.xml:20:9-41
38        android:roundIcon="@mipmap/ic_launcher_round"
38-->D:\Projects\mp7\app\src\main\AndroidManifest.xml:21:9-54
39        android:supportsRtl="true"
39-->D:\Projects\mp7\app\src\main\AndroidManifest.xml:22:9-35
40        android:theme="@style/Theme.Mp7" >
40-->D:\Projects\mp7\app\src\main\AndroidManifest.xml:23:9-41
41        <service
41-->D:\Projects\mp7\app\src\main\AndroidManifest.xml:24:9-31:19
42            android:name="com.lsj.mp7.player.MusicService"
42-->D:\Projects\mp7\app\src\main\AndroidManifest.xml:25:13-48
43            android:exported="false"
43-->D:\Projects\mp7\app\src\main\AndroidManifest.xml:26:13-37
44            android:foregroundServiceType="mediaPlayback" >
44-->D:\Projects\mp7\app\src\main\AndroidManifest.xml:27:13-58
45            <intent-filter>
45-->D:\Projects\mp7\app\src\main\AndroidManifest.xml:28:13-30:29
46                <action android:name="androidx.media3.session.MediaSessionService" />
46-->D:\Projects\mp7\app\src\main\AndroidManifest.xml:29:17-86
46-->D:\Projects\mp7\app\src\main\AndroidManifest.xml:29:25-83
47            </intent-filter>
48        </service>
49
50        <receiver
50-->D:\Projects\mp7\app\src\main\AndroidManifest.xml:32:9-38:20
51            android:name="com.lsj.mp7.player.HeadsetButtonReceiver"
51-->D:\Projects\mp7\app\src\main\AndroidManifest.xml:33:13-57
52            android:exported="true" >
52-->D:\Projects\mp7\app\src\main\AndroidManifest.xml:34:13-36
53            <intent-filter>
53-->D:\Projects\mp7\app\src\main\AndroidManifest.xml:35:13-37:29
54                <action android:name="android.intent.action.MEDIA_BUTTON" />
54-->D:\Projects\mp7\app\src\main\AndroidManifest.xml:36:17-77
54-->D:\Projects\mp7\app\src\main\AndroidManifest.xml:36:25-74
55            </intent-filter>
56        </receiver>
57
58        <activity
58-->D:\Projects\mp7\app\src\main\AndroidManifest.xml:39:9-49:20
59            android:name="com.lsj.mp7.MainActivity"
59-->D:\Projects\mp7\app\src\main\AndroidManifest.xml:40:13-41
60            android:exported="true"
60-->D:\Projects\mp7\app\src\main\AndroidManifest.xml:41:13-36
61            android:label="@string/app_name"
61-->D:\Projects\mp7\app\src\main\AndroidManifest.xml:42:13-45
62            android:theme="@style/Theme.Mp7" >
62-->D:\Projects\mp7\app\src\main\AndroidManifest.xml:43:13-45
63            <intent-filter>
63-->D:\Projects\mp7\app\src\main\AndroidManifest.xml:44:13-48:29
64                <action android:name="android.intent.action.MAIN" />
64-->D:\Projects\mp7\app\src\main\AndroidManifest.xml:45:17-69
64-->D:\Projects\mp7\app\src\main\AndroidManifest.xml:45:25-66
65
66                <category android:name="android.intent.category.LAUNCHER" />
66-->D:\Projects\mp7\app\src\main\AndroidManifest.xml:47:17-77
66-->D:\Projects\mp7\app\src\main\AndroidManifest.xml:47:27-74
67            </intent-filter>
68        </activity>
69        <activity
69-->D:\Projects\mp7\app\src\main\AndroidManifest.xml:50:9-55:48
70            android:name="com.lsj.mp7.ui.screens.VideoPlayerActivity"
70-->D:\Projects\mp7\app\src\main\AndroidManifest.xml:51:13-59
71            android:exported="false"
71-->D:\Projects\mp7\app\src\main\AndroidManifest.xml:53:13-37
72            android:label="@string/app_name"
72-->D:\Projects\mp7\app\src\main\AndroidManifest.xml:54:13-45
73            android:screenOrientation="landscape"
73-->D:\Projects\mp7\app\src\main\AndroidManifest.xml:52:13-50
74            android:theme="@style/Theme.Mp7" />
74-->D:\Projects\mp7\app\src\main\AndroidManifest.xml:55:13-45
75
76        <service
76-->[androidx.room:room-runtime:2.6.1] C:\Users\omen\.gradle\caches\8.13\transforms\1d51782db17121ac77d25a5c6c0117cb\transformed\room-runtime-2.6.1\AndroidManifest.xml:24:9-28:63
77            android:name="androidx.room.MultiInstanceInvalidationService"
77-->[androidx.room:room-runtime:2.6.1] C:\Users\omen\.gradle\caches\8.13\transforms\1d51782db17121ac77d25a5c6c0117cb\transformed\room-runtime-2.6.1\AndroidManifest.xml:25:13-74
78            android:directBootAware="true"
78-->[androidx.room:room-runtime:2.6.1] C:\Users\omen\.gradle\caches\8.13\transforms\1d51782db17121ac77d25a5c6c0117cb\transformed\room-runtime-2.6.1\AndroidManifest.xml:26:13-43
79            android:exported="false" />
79-->[androidx.room:room-runtime:2.6.1] C:\Users\omen\.gradle\caches\8.13\transforms\1d51782db17121ac77d25a5c6c0117cb\transformed\room-runtime-2.6.1\AndroidManifest.xml:27:13-37
80
81        <provider
81-->[androidx.emoji2:emoji2:1.3.0] C:\Users\omen\.gradle\caches\8.13\transforms\ae1e568a369b9367fb0167fad67a2a0b\transformed\emoji2-1.3.0\AndroidManifest.xml:24:9-32:20
82            android:name="androidx.startup.InitializationProvider"
82-->[androidx.emoji2:emoji2:1.3.0] C:\Users\omen\.gradle\caches\8.13\transforms\ae1e568a369b9367fb0167fad67a2a0b\transformed\emoji2-1.3.0\AndroidManifest.xml:25:13-67
83            android:authorities="com.lsj.mp7.androidx-startup"
83-->[androidx.emoji2:emoji2:1.3.0] C:\Users\omen\.gradle\caches\8.13\transforms\ae1e568a369b9367fb0167fad67a2a0b\transformed\emoji2-1.3.0\AndroidManifest.xml:26:13-68
84            android:exported="false" >
84-->[androidx.emoji2:emoji2:1.3.0] C:\Users\omen\.gradle\caches\8.13\transforms\ae1e568a369b9367fb0167fad67a2a0b\transformed\emoji2-1.3.0\AndroidManifest.xml:27:13-37
85            <meta-data
85-->[androidx.emoji2:emoji2:1.3.0] C:\Users\omen\.gradle\caches\8.13\transforms\ae1e568a369b9367fb0167fad67a2a0b\transformed\emoji2-1.3.0\AndroidManifest.xml:29:13-31:52
86                android:name="androidx.emoji2.text.EmojiCompatInitializer"
86-->[androidx.emoji2:emoji2:1.3.0] C:\Users\omen\.gradle\caches\8.13\transforms\ae1e568a369b9367fb0167fad67a2a0b\transformed\emoji2-1.3.0\AndroidManifest.xml:30:17-75
87                android:value="androidx.startup" />
87-->[androidx.emoji2:emoji2:1.3.0] C:\Users\omen\.gradle\caches\8.13\transforms\ae1e568a369b9367fb0167fad67a2a0b\transformed\emoji2-1.3.0\AndroidManifest.xml:31:17-49
88            <meta-data
88-->[androidx.lifecycle:lifecycle-process:2.7.0] C:\Users\omen\.gradle\caches\8.13\transforms\b505187b6ba824062ffe4b20e42d8d88\transformed\lifecycle-process-2.7.0\AndroidManifest.xml:29:13-31:52
89                android:name="androidx.lifecycle.ProcessLifecycleInitializer"
89-->[androidx.lifecycle:lifecycle-process:2.7.0] C:\Users\omen\.gradle\caches\8.13\transforms\b505187b6ba824062ffe4b20e42d8d88\transformed\lifecycle-process-2.7.0\AndroidManifest.xml:30:17-78
90                android:value="androidx.startup" />
90-->[androidx.lifecycle:lifecycle-process:2.7.0] C:\Users\omen\.gradle\caches\8.13\transforms\b505187b6ba824062ffe4b20e42d8d88\transformed\lifecycle-process-2.7.0\AndroidManifest.xml:31:17-49
91            <meta-data
91-->[androidx.profileinstaller:profileinstaller:1.3.1] C:\Users\omen\.gradle\caches\8.13\transforms\b5d15b135874bff5b39497d2a1ef3de8\transformed\profileinstaller-1.3.1\AndroidManifest.xml:29:13-31:52
92                android:name="androidx.profileinstaller.ProfileInstallerInitializer"
92-->[androidx.profileinstaller:profileinstaller:1.3.1] C:\Users\omen\.gradle\caches\8.13\transforms\b5d15b135874bff5b39497d2a1ef3de8\transformed\profileinstaller-1.3.1\AndroidManifest.xml:30:17-85
93                android:value="androidx.startup" />
93-->[androidx.profileinstaller:profileinstaller:1.3.1] C:\Users\omen\.gradle\caches\8.13\transforms\b5d15b135874bff5b39497d2a1ef3de8\transformed\profileinstaller-1.3.1\AndroidManifest.xml:31:17-49
94        </provider>
95
96        <receiver
96-->[androidx.profileinstaller:profileinstaller:1.3.1] C:\Users\omen\.gradle\caches\8.13\transforms\b5d15b135874bff5b39497d2a1ef3de8\transformed\profileinstaller-1.3.1\AndroidManifest.xml:34:9-52:20
97            android:name="androidx.profileinstaller.ProfileInstallReceiver"
97-->[androidx.profileinstaller:profileinstaller:1.3.1] C:\Users\omen\.gradle\caches\8.13\transforms\b5d15b135874bff5b39497d2a1ef3de8\transformed\profileinstaller-1.3.1\AndroidManifest.xml:35:13-76
98            android:directBootAware="false"
98-->[androidx.profileinstaller:profileinstaller:1.3.1] C:\Users\omen\.gradle\caches\8.13\transforms\b5d15b135874bff5b39497d2a1ef3de8\transformed\profileinstaller-1.3.1\AndroidManifest.xml:36:13-44
99            android:enabled="true"
99-->[androidx.profileinstaller:profileinstaller:1.3.1] C:\Users\omen\.gradle\caches\8.13\transforms\b5d15b135874bff5b39497d2a1ef3de8\transformed\profileinstaller-1.3.1\AndroidManifest.xml:37:13-35
100            android:exported="true"
100-->[androidx.profileinstaller:profileinstaller:1.3.1] C:\Users\omen\.gradle\caches\8.13\transforms\b5d15b135874bff5b39497d2a1ef3de8\transformed\profileinstaller-1.3.1\AndroidManifest.xml:38:13-36
101            android:permission="android.permission.DUMP" >
101-->[androidx.profileinstaller:profileinstaller:1.3.1] C:\Users\omen\.gradle\caches\8.13\transforms\b5d15b135874bff5b39497d2a1ef3de8\transformed\profileinstaller-1.3.1\AndroidManifest.xml:39:13-57
102            <intent-filter>
102-->[androidx.profileinstaller:profileinstaller:1.3.1] C:\Users\omen\.gradle\caches\8.13\transforms\b5d15b135874bff5b39497d2a1ef3de8\transformed\profileinstaller-1.3.1\AndroidManifest.xml:40:13-42:29
103                <action android:name="androidx.profileinstaller.action.INSTALL_PROFILE" />
103-->[androidx.profileinstaller:profileinstaller:1.3.1] C:\Users\omen\.gradle\caches\8.13\transforms\b5d15b135874bff5b39497d2a1ef3de8\transformed\profileinstaller-1.3.1\AndroidManifest.xml:41:17-91
103-->[androidx.profileinstaller:profileinstaller:1.3.1] C:\Users\omen\.gradle\caches\8.13\transforms\b5d15b135874bff5b39497d2a1ef3de8\transformed\profileinstaller-1.3.1\AndroidManifest.xml:41:25-88
104            </intent-filter>
105            <intent-filter>
105-->[androidx.profileinstaller:profileinstaller:1.3.1] C:\Users\omen\.gradle\caches\8.13\transforms\b5d15b135874bff5b39497d2a1ef3de8\transformed\profileinstaller-1.3.1\AndroidManifest.xml:43:13-45:29
106                <action android:name="androidx.profileinstaller.action.SKIP_FILE" />
106-->[androidx.profileinstaller:profileinstaller:1.3.1] C:\Users\omen\.gradle\caches\8.13\transforms\b5d15b135874bff5b39497d2a1ef3de8\transformed\profileinstaller-1.3.1\AndroidManifest.xml:44:17-85
106-->[androidx.profileinstaller:profileinstaller:1.3.1] C:\Users\omen\.gradle\caches\8.13\transforms\b5d15b135874bff5b39497d2a1ef3de8\transformed\profileinstaller-1.3.1\AndroidManifest.xml:44:25-82
107            </intent-filter>
108            <intent-filter>
108-->[androidx.profileinstaller:profileinstaller:1.3.1] C:\Users\omen\.gradle\caches\8.13\transforms\b5d15b135874bff5b39497d2a1ef3de8\transformed\profileinstaller-1.3.1\AndroidManifest.xml:46:13-48:29
109                <action android:name="androidx.profileinstaller.action.SAVE_PROFILE" />
109-->[androidx.profileinstaller:profileinstaller:1.3.1] C:\Users\omen\.gradle\caches\8.13\transforms\b5d15b135874bff5b39497d2a1ef3de8\transformed\profileinstaller-1.3.1\AndroidManifest.xml:47:17-88
109-->[androidx.profileinstaller:profileinstaller:1.3.1] C:\Users\omen\.gradle\caches\8.13\transforms\b5d15b135874bff5b39497d2a1ef3de8\transformed\profileinstaller-1.3.1\AndroidManifest.xml:47:25-85
110            </intent-filter>
111            <intent-filter>
111-->[androidx.profileinstaller:profileinstaller:1.3.1] C:\Users\omen\.gradle\caches\8.13\transforms\b5d15b135874bff5b39497d2a1ef3de8\transformed\profileinstaller-1.3.1\AndroidManifest.xml:49:13-51:29
112                <action android:name="androidx.profileinstaller.action.BENCHMARK_OPERATION" />
112-->[androidx.profileinstaller:profileinstaller:1.3.1] C:\Users\omen\.gradle\caches\8.13\transforms\b5d15b135874bff5b39497d2a1ef3de8\transformed\profileinstaller-1.3.1\AndroidManifest.xml:50:17-95
112-->[androidx.profileinstaller:profileinstaller:1.3.1] C:\Users\omen\.gradle\caches\8.13\transforms\b5d15b135874bff5b39497d2a1ef3de8\transformed\profileinstaller-1.3.1\AndroidManifest.xml:50:25-92
113            </intent-filter>
114        </receiver>
115    </application>
116
117</manifest>

Merged manifest saved to D:\Projects\mp7\app\build\intermediates\merged_manifest\release\processReleaseMainManifest\AndroidManifest.xml
Resolve mutations for :app:processReleaseManifest (Thread[Execution worker Thread 4,5,main]) started.
:app:processReleaseManifest (Thread[Execution worker Thread 4,5,main]) started.

> Task :app:processReleaseManifest
Caching disabled for task ':app:processReleaseManifest' because:
  Build cache is disabled
Task ':app:processReleaseManifest' is not up-to-date because:
  Output property 'multiApkManifestOutputDirectory' file D:\Projects\mp7\app\build\intermediates\merged_manifests\release\processReleaseManifest has been removed.
  Output property 'multiApkManifestOutputDirectory' file D:\Projects\mp7\app\build\intermediates\merged_manifests\release\processReleaseManifest\AndroidManifest.xml has been removed.
  Output property 'multiApkManifestOutputDirectory' file D:\Projects\mp7\app\build\intermediates\merged_manifests\release\processReleaseManifest\output-metadata.json has been removed.
Resolve mutations for :app:processReleaseManifestForPackage (Thread[Execution worker Thread 4,5,main]) started.
:app:processReleaseManifestForPackage (Thread[Execution worker Thread 4,5,main]) started.

> Task :app:processReleaseManifestForPackage
Custom actions are attached to task ':app:processReleaseManifestForPackage'.
Caching disabled for task ':app:processReleaseManifestForPackage' because:
  Build cache is disabled
Task ':app:processReleaseManifestForPackage' is not up-to-date because:
  Output property 'packageManifests' file D:\Projects\mp7\app\build\intermediates\packaged_manifests\release\processReleaseManifestForPackage has been removed.
  Output property 'packageManifests' file D:\Projects\mp7\app\build\intermediates\packaged_manifests\release\processReleaseManifestForPackage\AndroidManifest.xml has been removed.
  Output property 'packageManifests' file D:\Projects\mp7\app\build\intermediates\packaged_manifests\release\processReleaseManifestForPackage\output-metadata.json has been removed.
Resolve mutations for :app:javaPreCompileRelease (Thread[Execution worker Thread 4,5,main]) started.
:app:javaPreCompileRelease (Thread[Execution worker Thread 4,5,main]) started.
Resolve mutations for :app:extractProguardFiles (Thread[Execution worker Thread 3,5,main]) started.
:app:extractProguardFiles (Thread[Execution worker Thread 3,5,main]) started.

> Task :app:extractProguardFiles
Caching disabled for task ':app:extractProguardFiles' because:
  Build cache is disabled
  Fast task
Task ':app:extractProguardFiles' is not up-to-date because:
  Output property 'proguardFilesDir' file D:\Projects\mp7\app\build\intermediates\default_proguard_files\global has been removed.
  Output property 'proguardFilesDir' file D:\Projects\mp7\app\build\intermediates\default_proguard_files\global\proguard-android-optimize.txt-8.11.1 has been removed.
  Output property 'proguardFilesDir' file D:\Projects\mp7\app\build\intermediates\default_proguard_files\global\proguard-android.txt-8.11.1 has been removed.
  and more...
Resolve mutations for :app:mergeReleaseStartupProfile (Thread[Execution worker Thread 3,5,main]) started.
:app:mergeReleaseStartupProfile (Thread[Execution worker Thread 3,5,main]) started.

> Task :app:javaPreCompileRelease
Caching disabled for task ':app:javaPreCompileRelease' because:
  Build cache is disabled
Task ':app:javaPreCompileRelease' is not up-to-date because:
  Output property 'annotationProcessorListFile' file D:\Projects\mp7\app\build\intermediates\annotation_processor_list\release\javaPreCompileRelease\annotationProcessors.json has been removed.

> Task :app:mergeReleaseStartupProfile UP-TO-DATE
Caching disabled for task ':app:mergeReleaseStartupProfile' because:
  Build cache is disabled
  Simple merging task
Skipping task ':app:mergeReleaseStartupProfile' as it is up-to-date.
Resolve mutations for :app:mergeReleaseShaders (Thread[Execution worker Thread 4,5,main]) started.
:app:mergeReleaseShaders (Thread[Execution worker Thread 4,5,main]) started.

> Task :app:mergeReleaseShaders
Caching disabled for task ':app:mergeReleaseShaders' because:
  Build cache is disabled
  Simple merging task
Task ':app:mergeReleaseShaders' is not up-to-date because:
  Output property 'outputDir' file D:\Projects\mp7\app\build\intermediates\merged_shaders\release\mergeReleaseShaders\out has been removed.
The input changes require a full rebuild for incremental task ':app:mergeReleaseShaders'.
Resolve mutations for :app:compileReleaseShaders (Thread[Execution worker Thread 8,5,main]) started.
:app:compileReleaseShaders (Thread[Execution worker Thread 8,5,main]) started.

> Task :app:compileReleaseShaders NO-SOURCE
Skipping task ':app:compileReleaseShaders' as it has no source files and no previous output files.
Resolve mutations for :app:generateReleaseAssets (Thread[Execution worker Thread 8,5,main]) started.
:app:generateReleaseAssets (Thread[Execution worker Thread 8,5,main]) started.

> Task :app:generateReleaseAssets UP-TO-DATE
Skipping task ':app:generateReleaseAssets' as it has no actions.
Resolve mutations for :app:mergeReleaseAssets (Thread[Execution worker Thread 8,5,main]) started.
:app:mergeReleaseAssets (Thread[Execution worker Thread 8,5,main]) started.

> Task :app:mergeReleaseAssets
Caching disabled for task ':app:mergeReleaseAssets' because:
  Build cache is disabled
  Simple merging task
Task ':app:mergeReleaseAssets' is not up-to-date because:
  Output property 'outputDir' file D:\Projects\mp7\app\build\intermediates\assets\release\mergeReleaseAssets has been removed.
The input changes require a full rebuild for incremental task ':app:mergeReleaseAssets'.
Resolve mutations for :app:compressReleaseAssets (Thread[Execution worker Thread 8,5,main]) started.
:app:compressReleaseAssets (Thread[Execution worker Thread 8,5,main]) started.

> Task :app:compressReleaseAssets
Caching disabled for task ':app:compressReleaseAssets' because:
  Build cache is disabled
Task ':app:compressReleaseAssets' is not up-to-date because:
  Output property 'outputDir' file D:\Projects\mp7\app\build\intermediates\compressed_assets\release\compressReleaseAssets\out has been removed.
The input changes require a full rebuild for incremental task ':app:compressReleaseAssets'.
Resolve mutations for :app:extractReleaseVersionControlInfo (Thread[Execution worker Thread 8,5,main]) started.
:app:extractReleaseVersionControlInfo (Thread[Execution worker Thread 8,5,main]) started.

> Task :app:extractReleaseVersionControlInfo
Caching disabled for task ':app:extractReleaseVersionControlInfo' because:
  Build cache is disabled
  Caching has been disabled for the task
Task ':app:extractReleaseVersionControlInfo' is not up-to-date because:
  Output property 'vcInfoFile' file D:\Projects\mp7\app\build\intermediates\version_control_info_file\release\extractReleaseVersionControlInfo\version-control-info.textproto has been removed.
Resolve mutations for :app:collectReleaseDependencies (Thread[Execution worker Thread 8,5,main]) started.
:app:collectReleaseDependencies (Thread[Execution worker Thread 8,5,main]) started.

> Task :app:collectReleaseDependencies
Caching disabled for task ':app:collectReleaseDependencies' because:
  Build cache is disabled
  Caching has been disabled for the task
Task ':app:collectReleaseDependencies' is not up-to-date because:
  Output property 'dependencyReport' file D:\Projects\mp7\app\build\intermediates\metadata_library_dependencies_report\release\collectReleaseDependencies\dependencies.pb has been removed.
Resolve mutations for :app:sdkReleaseDependencyData (Thread[Execution worker Thread 8,5,main]) started.
:app:sdkReleaseDependencyData (Thread[Execution worker Thread 8,5,main]) started.

> Task :app:sdkReleaseDependencyData
Caching disabled for task ':app:sdkReleaseDependencyData' because:
  Build cache is disabled
  Caching has been disabled for the task
Task ':app:sdkReleaseDependencyData' is not up-to-date because:
  Output property 'sdkDependencyData' file D:\Projects\mp7\app\build\intermediates\sdk_dependency_data\release\sdkReleaseDependencyData\sdkDependencyData.pb has been removed.
  Output property 'sdkDependencyDataPublic' file D:\Projects\mp7\app\build\outputs\sdk-dependencies\release\sdkDependencies.txt has been removed.
Resolve mutations for :app:writeReleaseAppMetadata (Thread[Execution worker Thread 8,5,main]) started.
:app:writeReleaseAppMetadata (Thread[Execution worker Thread 8,5,main]) started.

> Task :app:writeReleaseAppMetadata
Caching disabled for task ':app:writeReleaseAppMetadata' because:
  Build cache is disabled
  Caching has been disabled for the task
Task ':app:writeReleaseAppMetadata' is not up-to-date because:
  Output property 'outputFile' file D:\Projects\mp7\app\build\intermediates\app_metadata\release\writeReleaseAppMetadata\app-metadata.properties has been removed.
Resolve mutations for :app:writeReleaseSigningConfigVersions (Thread[Execution worker Thread 8,5,main]) started.
:app:writeReleaseSigningConfigVersions (Thread[Execution worker Thread 8,5,main]) started.

> Task :app:writeReleaseSigningConfigVersions
Caching disabled for task ':app:writeReleaseSigningConfigVersions' because:
  Build cache is disabled
  Caching has been disabled for the task
Task ':app:writeReleaseSigningConfigVersions' is not up-to-date because:
  Output property 'outputFile' file D:\Projects\mp7\app\build\intermediates\signing_config_versions\release\writeReleaseSigningConfigVersions\signing-config-versions.json has been removed.
Resolve mutations for :app:preDebugAndroidTestBuild (Thread[Execution worker Thread 8,5,main]) started.
:app:preDebugAndroidTestBuild (Thread[Execution worker Thread 8,5,main]) started.

> Task :app:preDebugAndroidTestBuild SKIPPED
Skipping task ':app:preDebugAndroidTestBuild' as task onlyIf 'Task is enabled' is false.
Resolve mutations for :app:generateDebugAndroidTestResValues (Thread[Execution worker Thread 8,5,main]) started.
:app:generateDebugAndroidTestResValues (Thread[Execution worker Thread 8,5,main]) started.

> Task :app:generateDebugAndroidTestResValues
Caching disabled for task ':app:generateDebugAndroidTestResValues' because:
  Build cache is disabled
Task ':app:generateDebugAndroidTestResValues' is not up-to-date because:
  Output property 'outputDirectory' file D:\Projects\mp7\app\build\generated\res\resValues\androidTest\debug has been removed.
Resolve mutations for :app:preDebugUnitTestBuild (Thread[Execution worker Thread 8,5,main]) started.
:app:preDebugUnitTestBuild (Thread[Execution worker Thread 8,5,main]) started.

> Task :app:preDebugUnitTestBuild UP-TO-DATE
Skipping task ':app:preDebugUnitTestBuild' as it has no actions.
Resolve mutations for :app:javaPreCompileDebugUnitTest (Thread[Execution worker Thread 8,5,main]) started.
:app:javaPreCompileDebugUnitTest (Thread[Execution worker Thread 8,5,main]) started.
Resolve mutations for :app:preReleaseUnitTestBuild (Thread[Execution worker Thread 3,5,main]) started.
:app:preReleaseUnitTestBuild (Thread[Execution worker Thread 3,5,main]) started.

> Task :app:preReleaseUnitTestBuild UP-TO-DATE
Skipping task ':app:preReleaseUnitTestBuild' as it has no actions.
Resolve mutations for :app:javaPreCompileReleaseUnitTest (Thread[Execution worker Thread 3,5,main]) started.
:app:javaPreCompileReleaseUnitTest (Thread[Execution worker Thread 3,5,main]) started.

> Task :app:javaPreCompileDebugUnitTest
Caching disabled for task ':app:javaPreCompileDebugUnitTest' because:
  Build cache is disabled
Task ':app:javaPreCompileDebugUnitTest' is not up-to-date because:
  Output property 'annotationProcessorListFile' file D:\Projects\mp7\app\build\intermediates\annotation_processor_list\debugUnitTest\javaPreCompileDebugUnitTest\annotationProcessors.json has been removed.
Resolve mutations for :app:processReleaseResources (Thread[Execution worker Thread 8,5,main]) started.
:app:processReleaseResources (Thread[Execution worker Thread 8,5,main]) started.

> Task :app:javaPreCompileReleaseUnitTest
Caching disabled for task ':app:javaPreCompileReleaseUnitTest' because:
  Build cache is disabled
Task ':app:javaPreCompileReleaseUnitTest' is not up-to-date because:
  Output property 'annotationProcessorListFile' file D:\Projects\mp7\app\build\intermediates\annotation_processor_list\releaseUnitTest\javaPreCompileReleaseUnitTest\annotationProcessors.json has been removed.
Resolve mutations for :app:processDebugResources (Thread[Execution worker Thread 7,5,main]) started.
:app:processDebugResources (Thread[Execution worker Thread 7,5,main]) started.

> Task :app:processReleaseResources
Caching disabled for task ':app:processReleaseResources' because:
  Build cache is disabled
Task ':app:processReleaseResources' is not up-to-date because:
  Output property 'RClassOutputJar' file D:\Projects\mp7\app\build\intermediates\compile_and_runtime_not_namespaced_r_class_jar\release\processReleaseResources\R.jar has been removed.
  Output property 'linkedResourcesOutputDir' file D:\Projects\mp7\app\build\intermediates\linked_resources_proto_format\release\processReleaseResources has been removed.
  Output property 'linkedResourcesOutputDir' file D:\Projects\mp7\app\build\intermediates\linked_resources_proto_format\release\processReleaseResources\linked-resources-proto-format-release.ap_ has been removed.
  and more...
The input changes require a full rebuild for incremental task ':app:processReleaseResources'.
Aapt output file D:\Projects\mp7\app\build\intermediates\linked_resources_proto_format\release\processReleaseResources\linked-resources-proto-format-release.ap_

> Task :app:processDebugResources
Caching disabled for task ':app:processDebugResources' because:
  Build cache is disabled
Task ':app:processDebugResources' is not up-to-date because:
  Output property 'RClassOutputJar' file D:\Projects\mp7\app\build\intermediates\compile_and_runtime_not_namespaced_r_class_jar\debug\processDebugResources\R.jar has been removed.
  Output property 'linkedResourcesOutputDir' file D:\Projects\mp7\app\build\intermediates\linked_resources_binary_format\debug\processDebugResources has been removed.
  Output property 'linkedResourcesOutputDir' file D:\Projects\mp7\app\build\intermediates\linked_resources_binary_format\debug\processDebugResources\linked-resources-binary-format-debug.ap_ has been removed.
  and more...
The input changes require a full rebuild for incremental task ':app:processDebugResources'.
Aapt output file D:\Projects\mp7\app\build\intermediates\linked_resources_binary_format\debug\processDebugResources\linked-resources-binary-format-debug.ap_
Resolve mutations for :app:kaptGenerateStubsReleaseKotlin (Thread[Execution worker Thread 8,5,main]) started.
Resolve mutations for :app:kaptGenerateStubsDebugKotlin (Thread[Execution worker Thread 8,5,main]) started.
:app:kaptGenerateStubsDebugKotlin (Thread[Execution worker Thread 8,5,main]) started.
:app:kaptGenerateStubsReleaseKotlin (Thread[Execution worker Thread 7,5,main]) started.

> Task :app:kaptGenerateStubsDebugKotlin
Caching disabled for task ':app:kaptGenerateStubsDebugKotlin' because:
  Build cache is disabled
Task ':app:kaptGenerateStubsDebugKotlin' is not up-to-date because:
  Task has failed previously.
The input changes require a full rebuild for incremental task ':app:kaptGenerateStubsDebugKotlin'.
file or directory 'D:\Projects\mp7\app\src\debug\kotlin', not found
file or directory 'D:\Projects\mp7\app\src\debug\kotlin', not found
file or directory 'D:\Projects\mp7\app\src\debug\java', not found
file or directory 'D:\Projects\mp7\app\src\debug\kotlin', not found
file or directory 'D:\Projects\mp7\app\src\debug\java', not found
file or directory 'D:\Projects\mp7\app\src\main\kotlin', not found
file or directory 'D:\Projects\mp7\app\src\main\kotlin', not found
file or directory 'D:\Projects\mp7\app\src\main\kotlin', not found
file or directory 'D:\Projects\mp7\app\src\main\kotlin', not found
file or directory 'D:\Projects\mp7\app\src\main\kotlin', not found
file or directory 'D:\Projects\mp7\app\src\main\kotlin', not found
file or directory 'D:\Projects\mp7\app\src\debug\kotlin', not found
file or directory 'D:\Projects\mp7\app\src\debug\kotlin', not found
file or directory 'D:\Projects\mp7\app\src\debug\java', not found
file or directory 'D:\Projects\mp7\app\src\debug\kotlin', not found
file or directory 'D:\Projects\mp7\app\src\debug\java', not found
file or directory 'D:\Projects\mp7\app\src\debug\java', not found
file or directory 'D:\Projects\mp7\app\src\debug\kotlin', not found
file or directory 'D:\Projects\mp7\app\src\debug\kotlin', not found
file or directory 'D:\Projects\mp7\app\src\debug\java', not found
file or directory 'D:\Projects\mp7\app\src\debug\kotlin', not found
file or directory 'D:\Projects\mp7\app\src\debug\java', not found
file or directory 'D:\Projects\mp7\app\src\main\kotlin', not found
file or directory 'D:\Projects\mp7\app\src\main\kotlin', not found
file or directory 'D:\Projects\mp7\app\src\debug\kotlin', not found
file or directory 'D:\Projects\mp7\app\src\debug\kotlin', not found
file or directory 'D:\Projects\mp7\app\src\debug\java', not found
file or directory 'D:\Projects\mp7\app\src\debug\kotlin', not found
file or directory 'D:\Projects\mp7\app\src\debug\java', not found
file or directory 'D:\Projects\mp7\app\src\main\kotlin', not found
file or directory 'D:\Projects\mp7\app\src\main\kotlin', not found
file or directory 'D:\Projects\mp7\app\src\main\kotlin', not found
file or directory 'D:\Projects\mp7\app\src\main\kotlin', not found
file or directory 'D:\Projects\mp7\app\src\main\kotlin', not found
file or directory 'D:\Projects\mp7\app\src\main\kotlin', not found
file or directory 'D:\Projects\mp7\app\src\debug\kotlin', not found
file or directory 'D:\Projects\mp7\app\src\debug\kotlin', not found
file or directory 'D:\Projects\mp7\app\src\debug\java', not found
file or directory 'D:\Projects\mp7\app\src\debug\kotlin', not found
file or directory 'D:\Projects\mp7\app\src\debug\java', not found
file or directory 'D:\Projects\mp7\app\src\debug\java', not found
file or directory 'D:\Projects\mp7\app\src\debug\kotlin', not found
file or directory 'D:\Projects\mp7\app\src\debug\kotlin', not found
file or directory 'D:\Projects\mp7\app\src\debug\java', not found
file or directory 'D:\Projects\mp7\app\src\debug\kotlin', not found
file or directory 'D:\Projects\mp7\app\src\debug\java', not found
file or directory 'D:\Projects\mp7\app\src\main\kotlin', not found
file or directory 'D:\Projects\mp7\app\src\main\kotlin', not found
file or directory 'D:\Projects\mp7\app\src\main\kotlin', not found
file or directory 'D:\Projects\mp7\app\src\main\kotlin', not found
file or directory 'D:\Projects\mp7\app\src\main\kotlin', not found
file or directory 'D:\Projects\mp7\app\src\main\kotlin', not found
file or directory 'D:\Projects\mp7\app\src\debug\kotlin', not found
file or directory 'D:\Projects\mp7\app\src\debug\kotlin', not found
file or directory 'D:\Projects\mp7\app\src\debug\java', not found
file or directory 'D:\Projects\mp7\app\src\debug\kotlin', not found
file or directory 'D:\Projects\mp7\app\src\debug\java', not found
file or directory 'D:\Projects\mp7\app\src\debug\java', not found
Using Kotlin/JVM incremental compilation
[KOTLIN] Kotlin compilation 'jdkHome' argument: null
i: found daemon on port 17862 (10424647 ms old), trying to connect
i: connected to the daemon
Options for KOTLIN DAEMON: IncrementalCompilationOptions(super=CompilationOptions(compilerMode=INCREMENTAL_COMPILER, targetPlatform=JVM, reportCategories=[0, 3], reportSeverity=2, requestedCompilationResults=[0], kotlinScriptExtensions=[]), areFileChangesKnown=false, modifiedFiles=null, deletedFiles=null, classpathChanges=NotAvailableForNonIncrementalRun, workingDir=D:\Projects\mp7\app\build\kotlin\kaptGenerateStubsDebugKotlin\cacheable, multiModuleICSettings=MultiModuleICSettings(buildHistoryFile=D:\Projects\mp7\app\build\kotlin\kaptGenerateStubsDebugKotlin\local-state\build-history.bin, useModuleDetection=true), usePreciseJavaTracking=true, outputFiles=[D:\Projects\mp7\app\build\tmp\kapt3\incrementalData\debug, D:\Projects\mp7\app\build\tmp\kapt3\stubs\debug, D:\Projects\mp7\app\build\kotlin\kaptGenerateStubsDebugKotlin\cacheable, D:\Projects\mp7\app\build\kotlin\kaptGenerateStubsDebugKotlin\local-state])

> Task :app:kaptGenerateStubsReleaseKotlin FAILED
Caching disabled for task ':app:kaptGenerateStubsReleaseKotlin' because:
  Build cache is disabled
Task ':app:kaptGenerateStubsReleaseKotlin' is not up-to-date because:
  Task has failed previously.
The input changes require a full rebuild for incremental task ':app:kaptGenerateStubsReleaseKotlin'.
file or directory 'D:\Projects\mp7\app\src\release\kotlin', not found
file or directory 'D:\Projects\mp7\app\src\release\kotlin', not found
file or directory 'D:\Projects\mp7\app\src\release\java', not found
file or directory 'D:\Projects\mp7\app\src\release\kotlin', not found
file or directory 'D:\Projects\mp7\app\src\release\java', not found
file or directory 'D:\Projects\mp7\app\src\main\kotlin', not found
file or directory 'D:\Projects\mp7\app\src\main\kotlin', not found
file or directory 'D:\Projects\mp7\app\src\main\kotlin', not found
file or directory 'D:\Projects\mp7\app\src\main\kotlin', not found
file or directory 'D:\Projects\mp7\app\src\main\kotlin', not found
file or directory 'D:\Projects\mp7\app\src\main\kotlin', not found
file or directory 'D:\Projects\mp7\app\src\release\kotlin', not found
file or directory 'D:\Projects\mp7\app\src\release\kotlin', not found
file or directory 'D:\Projects\mp7\app\src\release\java', not found
file or directory 'D:\Projects\mp7\app\src\release\kotlin', not found
file or directory 'D:\Projects\mp7\app\src\release\java', not found
file or directory 'D:\Projects\mp7\app\src\release\java', not found
file or directory 'D:\Projects\mp7\app\src\release\kotlin', not found
file or directory 'D:\Projects\mp7\app\src\release\kotlin', not found
file or directory 'D:\Projects\mp7\app\src\release\java', not found
file or directory 'D:\Projects\mp7\app\src\release\kotlin', not found
file or directory 'D:\Projects\mp7\app\src\release\java', not found
file or directory 'D:\Projects\mp7\app\src\main\kotlin', not found
file or directory 'D:\Projects\mp7\app\src\main\kotlin', not found
file or directory 'D:\Projects\mp7\app\src\release\kotlin', not found
file or directory 'D:\Projects\mp7\app\src\release\kotlin', not found
file or directory 'D:\Projects\mp7\app\src\release\java', not found
file or directory 'D:\Projects\mp7\app\src\release\kotlin', not found
file or directory 'D:\Projects\mp7\app\src\release\java', not found
file or directory 'D:\Projects\mp7\app\src\main\kotlin', not found
file or directory 'D:\Projects\mp7\app\src\main\kotlin', not found
file or directory 'D:\Projects\mp7\app\src\main\kotlin', not found
file or directory 'D:\Projects\mp7\app\src\main\kotlin', not found
file or directory 'D:\Projects\mp7\app\src\main\kotlin', not found
file or directory 'D:\Projects\mp7\app\src\main\kotlin', not found
file or directory 'D:\Projects\mp7\app\src\release\kotlin', not found
file or directory 'D:\Projects\mp7\app\src\release\kotlin', not found
file or directory 'D:\Projects\mp7\app\src\release\java', not found
file or directory 'D:\Projects\mp7\app\src\release\kotlin', not found
file or directory 'D:\Projects\mp7\app\src\release\java', not found
file or directory 'D:\Projects\mp7\app\src\release\java', not found
file or directory 'D:\Projects\mp7\app\src\release\kotlin', not found
file or directory 'D:\Projects\mp7\app\src\release\kotlin', not found
file or directory 'D:\Projects\mp7\app\src\release\java', not found
file or directory 'D:\Projects\mp7\app\src\release\kotlin', not found
file or directory 'D:\Projects\mp7\app\src\release\java', not found
file or directory 'D:\Projects\mp7\app\src\main\kotlin', not found
file or directory 'D:\Projects\mp7\app\src\main\kotlin', not found
file or directory 'D:\Projects\mp7\app\src\main\kotlin', not found
file or directory 'D:\Projects\mp7\app\src\main\kotlin', not found
file or directory 'D:\Projects\mp7\app\src\main\kotlin', not found
file or directory 'D:\Projects\mp7\app\src\main\kotlin', not found
file or directory 'D:\Projects\mp7\app\src\release\kotlin', not found
file or directory 'D:\Projects\mp7\app\src\release\kotlin', not found
file or directory 'D:\Projects\mp7\app\src\release\java', not found
file or directory 'D:\Projects\mp7\app\src\release\kotlin', not found
file or directory 'D:\Projects\mp7\app\src\release\java', not found
file or directory 'D:\Projects\mp7\app\src\release\java', not found
Using Kotlin/JVM incremental compilation
[KOTLIN] Kotlin compilation 'jdkHome' argument: null
i: found daemon on port 17862 (10425015 ms old), trying to connect
i: connected to the daemon
Options for KOTLIN DAEMON: IncrementalCompilationOptions(super=CompilationOptions(compilerMode=INCREMENTAL_COMPILER, targetPlatform=JVM, reportCategories=[0, 3], reportSeverity=2, requestedCompilationResults=[0], kotlinScriptExtensions=[]), areFileChangesKnown=false, modifiedFiles=null, deletedFiles=null, classpathChanges=NotAvailableForNonIncrementalRun, workingDir=D:\Projects\mp7\app\build\kotlin\kaptGenerateStubsReleaseKotlin\cacheable, multiModuleICSettings=MultiModuleICSettings(buildHistoryFile=D:\Projects\mp7\app\build\kotlin\kaptGenerateStubsReleaseKotlin\local-state\build-history.bin, useModuleDetection=true), usePreciseJavaTracking=true, outputFiles=[D:\Projects\mp7\app\build\tmp\kapt3\incrementalData\release, D:\Projects\mp7\app\build\tmp\kapt3\stubs\release, D:\Projects\mp7\app\build\kotlin\kaptGenerateStubsReleaseKotlin\cacheable, D:\Projects\mp7\app\build\kotlin\kaptGenerateStubsReleaseKotlin\local-state])

> Task :app:kaptGenerateStubsDebugKotlin FAILED
AAPT2 aapt2-8.11.1-12782657-windows Daemon #0: shutdown
AAPT2 aapt2-8.11.1-12782657-windows Daemon #1: shutdown
AAPT2 aapt2-8.11.1-12782657-windows Daemon #2: shutdown
AAPT2 aapt2-8.11.1-12782657-windows Daemon #3: shutdown
AAPT2 aapt2-8.11.1-12782657-windows Daemon #4: shutdown
AAPT2 aapt2-8.11.1-12782657-windows Daemon #5: shutdown
AAPT2 aapt2-8.11.1-12782657-windows Daemon #6: shutdown
AAPT2 aapt2-8.11.1-12782657-windows Daemon #7: shutdown

[Incubating] Problems report is available at: file:///D:/Projects/mp7/build/reports/problems/problems-report.html

Deprecated Gradle features were used in this build, making it incompatible with Gradle 9.0.

You can use '--warning-mode all' to show the individual deprecation warnings and determine if they come from your own scripts or plugins.

For more on this, please refer to https://docs.gradle.org/8.13/userguide/command_line_interface.html#sec:command_line_warnings in the Gradle documentation.
64 actionable tasks: 63 executed, 1 up-to-date
Watched directory hierarchies: [D:\Projects\mp7]
